// Bun Snapshot v1, https://bun.sh/docs/test/snapshots

exports[`Widget: 3d-intersection-diagram should produce consistent output for example #1 1`] = `"<svg width="340" height="222" viewBox="-20 -20 340 222" xmlns="http://www.w3.org/2000/svg" font-family="sans-serif"><line x1="79.58304975539824" y1="95.06552451792332" x2="150" y2="54.41027933869002" stroke="#000000" stroke-width="1.5"/><line x1="79.58304975539824" y1="95.06552451792332" x2="150" y2="46.27923030284337" stroke="#000000" stroke-width="1.5"/><line x1="150" y1="54.41027933869002" x2="150" y2="46.27923030284337" stroke="#000000" stroke-width="1.5"/><polygon points="107.74982985323894,124.3373010469713 192.25017014676106,75.55100683189134 192.25017014676106,17.007453773795376 107.74982985323894,65.79374798887534" fill="#11accd" stroke="none"/><line x1="150" y1="54.41027933869002" x2="220.41695024460176" y2="95.06552451792334" stroke="#000000" stroke-width="1.5"/><line x1="220.41695024460176" y1="95.06552451792334" x2="150" y2="135.72076969715664" stroke="#000000" stroke-width="1.5"/><line x1="150" y1="135.72076969715664" x2="79.58304975539824" y2="95.06552451792332" stroke="#000000" stroke-width="1.5"/><line x1="220.41695024460176" y1="95.06552451792334" x2="150" y2="46.27923030284337" stroke="#000000" stroke-width="1.5"/><line x1="150" y1="135.72076969715664" x2="150" y2="46.27923030284337" stroke="#000000" stroke-width="1.5"/></svg>"`;

exports[`Widget: 3d-intersection-diagram should produce consistent output for example #2 1`] = `"<svg width="540" height="390" viewBox="-20 -20 540 390" xmlns="http://www.w3.org/2000/svg" font-family="sans-serif"><line x1="149.54648514095368" y1="194.3322879483048" x2="216.51549504698457" y2="155.66771205169516" stroke="#000000" stroke-width="1.5"/><line x1="216.51549504698457" y1="155.66771205169516" x2="216.51549504698457" y2="78.33856025847588" stroke="#000000" stroke-width="1.5"/><line x1="216.51549504698457" y1="78.33856025847588" x2="149.54648514095368" y2="117.00313615508553" stroke="#000000" stroke-width="1.5"/><line x1="149.54648514095368" y1="117.00313615508553" x2="149.54648514095368" y2="194.3322879483048" stroke="#000000" stroke-width="1.5"/><polygon points="209.81859405638147,244.59623661389736 290.18140594361853,198.19874553796578 290.18140594361853,105.40376338610265 209.81859405638147,151.80125446203422" fill="#FF6B6B80" stroke="none"/><line x1="283.4845049530154" y1="271.66143974152413" x2="350.4535148590463" y2="232.99686384491446" stroke="#000000" stroke-width="1.5"/><line x1="350.4535148590463" y1="232.99686384491446" x2="350.4535148590463" y2="155.6677120516952" stroke="#000000" stroke-width="1.5"/><line x1="350.4535148590463" y1="155.6677120516952" x2="283.4845049530154" y2="194.33228794830484" stroke="#000000" stroke-width="1.5"/><line x1="283.4845049530154" y1="194.33228794830484" x2="283.4845049530154" y2="271.66143974152413" stroke="#000000" stroke-width="1.5"/><line x1="149.54648514095368" y1="194.3322879483048" x2="283.4845049530154" y2="271.66143974152413" stroke="#000000" stroke-width="1.5"/><line x1="216.51549504698457" y1="155.66771205169516" x2="350.4535148590463" y2="232.99686384491446" stroke="#000000" stroke-width="1.5"/><line x1="216.51549504698457" y1="78.33856025847588" x2="350.4535148590463" y2="155.6677120516952" stroke="#000000" stroke-width="1.5"/><line x1="149.54648514095368" y1="117.00313615508553" x2="283.4845049530154" y2="194.33228794830484" stroke="#000000" stroke-width="1.5"/></svg>"`;

exports[`Widget: 3d-intersection-diagram should produce consistent output for example #3 1`] = `"<svg width="540" height="390" viewBox="-20 -20 540 390" xmlns="http://www.w3.org/2000/svg" font-family="sans-serif"><line x1="176.4126971372723" y1="259.27682631642614" x2="149.4778748935346" y2="232.34200407268844" stroke="#000000" stroke-width="1.5"/><line x1="149.4778748935346" y1="232.34200407268844" x2="149.4778748935346" y2="201.2403503266951" stroke="#000000" stroke-width="1.5"/><line x1="149.4778748935346" y1="201.2403503266951" x2="176.4126971372723" y2="174.30552808295738" stroke="#000000" stroke-width="1.5"/><line x1="149.4778748935346" y1="201.2403503266951" x2="250" y2="75.17234681057718" stroke="#000000" stroke-width="1.5"/><line x1="176.4126971372723" y1="174.30552808295738" x2="223.06517775626233" y2="158.7547012099607" stroke="#000000" stroke-width="1.5"/><line x1="223.06517775626233" y1="158.7547012099607" x2="276.93482224373764" y2="158.7547012099607" stroke="#000000" stroke-width="1.5"/><line x1="223.06517775626233" y1="158.7547012099607" x2="250" y2="75.17234681057718" stroke="#000000" stroke-width="1.5"/><line x1="276.93482224373764" y1="158.7547012099607" x2="323.5873028627277" y2="174.30552808295738" stroke="#000000" stroke-width="1.5"/><polygon points="161.69523656472674,281.93583917868443 338.30476343527323,179.97028129852197 338.30476343527323,10.027684831584509 161.69523656472674,111.99324271174697" fill="#11accd" stroke="none"/><line x1="323.5873028627277" y1="174.30552808295738" x2="350.5221251064654" y2="201.24035032669508" stroke="#000000" stroke-width="1.5"/><line x1="323.5873028627277" y1="174.30552808295738" x2="250" y2="75.17234681057718" stroke="#000000" stroke-width="1.5"/><line x1="350.5221251064654" y1="201.24035032669508" x2="350.5221251064654" y2="232.34200407268844" stroke="#000000" stroke-width="1.5"/><line x1="350.5221251064654" y1="232.34200407268844" x2="323.5873028627277" y2="259.27682631642614" stroke="#000000" stroke-width="1.5"/><line x1="350.5221251064654" y1="232.34200407268844" x2="250" y2="75.17234681057718" stroke="#000000" stroke-width="1.5"/><line x1="323.5873028627277" y1="259.27682631642614" x2="276.9348222437377" y2="274.8276531894228" stroke="#000000" stroke-width="1.5"/><line x1="276.9348222437377" y1="274.8276531894228" x2="223.0651777562623" y2="274.8276531894228" stroke="#000000" stroke-width="1.5"/><line x1="276.9348222437377" y1="274.8276531894228" x2="250" y2="75.17234681057718" stroke="#000000" stroke-width="1.5"/><line x1="223.0651777562623" y1="274.8276531894228" x2="176.4126971372723" y2="259.27682631642614" stroke="#000000" stroke-width="1.5"/><line x1="176.4126971372723" y1="259.27682631642614" x2="250" y2="75.17234681057718" stroke="#000000" stroke-width="1.5"/></svg>"`;

exports[`Widget: 3d-intersection-diagram should produce consistent output for example #4 1`] = `"<svg width="560" height="420" viewBox="-20 -20 560 420" xmlns="http://www.w3.org/2000/svg" font-family="sans-serif"><line x1="151.6952380657624" y1="236.89733759293782" x2="260" y2="174.3675541356874" stroke="#000000" stroke-width="1.5"/><line x1="151.6952380657624" y1="236.89733759293782" x2="260" y2="80.57287894981178" stroke="#000000" stroke-width="1.5"/><line x1="260" y1="174.3675541356874" x2="260" y2="80.57287894981178" stroke="#000000" stroke-width="1.5"/><polygon points="169.02399997524043,275.04050550186054 298.98971429632553,200.00476535316008 298.98971429632553,12.415414981408816 169.02399997524043,87.4511551301093" fill="#ffcc66" stroke="none"/><line x1="260" y1="174.3675541356874" x2="368.3047619342376" y2="236.89733759293782" stroke="#000000" stroke-width="1.5"/><line x1="368.3047619342376" y1="236.89733759293782" x2="260" y2="299.42712105018825" stroke="#000000" stroke-width="1.5"/><line x1="260" y1="299.42712105018825" x2="151.6952380657624" y2="236.89733759293782" stroke="#000000" stroke-width="1.5"/><line x1="368.3047619342376" y1="236.89733759293782" x2="260" y2="80.57287894981178" stroke="#000000" stroke-width="1.5"/><line x1="260" y1="299.42712105018825" x2="260" y2="80.57287894981178" stroke="#000000" stroke-width="1.5"/></svg>"`;

exports[`Widget: 3d-intersection-diagram should produce consistent output for example #5 1`] = `"<svg width="540" height="390" viewBox="-20 -20 540 390" xmlns="http://www.w3.org/2000/svg" font-family="sans-serif"><line x1="197.9767061767468" y1="235.07132538597247" x2="250" y2="205.03566269298625" stroke="#000000" stroke-width="1.5"/><line x1="250" y1="205.03566269298625" x2="250" y2="84.89301192104129" stroke="#000000" stroke-width="1.5"/><line x1="250" y1="84.89301192104129" x2="197.9767061767468" y2="114.92867461402753" stroke="#000000" stroke-width="1.5"/><line x1="197.9767061767468" y1="114.92867461402753" x2="197.9767061767468" y2="235.07132538597247" stroke="#000000" stroke-width="1.5"/><polygon points="218.78602370604807,265.1069880789587 281.21397629395193,229.06419284737524 281.21397629395193,84.89301192104129 218.78602370604807,120.93580715262476" fill="#11accd" stroke="none"/><line x1="250" y1="265.1069880789587" x2="302.0232938232532" y2="235.07132538597247" stroke="#000000" stroke-width="1.5"/><line x1="302.0232938232532" y1="235.07132538597247" x2="302.0232938232532" y2="114.92867461402753" stroke="#000000" stroke-width="1.5"/><line x1="302.0232938232532" y1="114.92867461402753" x2="250" y2="144.96433730701375" stroke="#000000" stroke-width="1.5"/><line x1="250" y1="144.96433730701375" x2="250" y2="265.1069880789587" stroke="#000000" stroke-width="1.5"/><line x1="197.9767061767468" y1="235.07132538597247" x2="250" y2="265.1069880789587" stroke="#000000" stroke-width="1.5"/><line x1="250" y1="205.03566269298625" x2="302.0232938232532" y2="235.07132538597247" stroke="#000000" stroke-width="1.5"/><line x1="250" y1="84.89301192104129" x2="302.0232938232532" y2="114.92867461402753" stroke="#000000" stroke-width="1.5"/><line x1="197.9767061767468" y1="114.92867461402753" x2="250" y2="144.96433730701375" stroke="#000000" stroke-width="1.5"/></svg>"`;
