// Bun Snapshot v1, https://bun.sh/docs/test/snapshots

exports[`Widget: addition-with-regrouping should produce consistent output for example #1 1`] = `"<div style="display: inline-block; font-family: 'Courier New', monospace; font-size: 1.4em; text-align: right;"><table style="border-collapse: collapse; position: relative;"><tr><td></td><td style="padding: 0 8px 6px; text-align: center; vertical-align: bottom;"><span style="display: inline-block; font-size: 0.7em; color: #1E90FF; font-weight: bold;">1</span></td><td style="padding: 0 8px 6px; text-align: center; vertical-align: bottom;"><span style="display: inline-block; font-size: 0.7em; color: #1E90FF; font-weight: bold;">1</span></td><td style="padding: 0 8px 6px;"></td></tr><tr><td></td><td style="padding: 2px 8px;">2</td><td style="padding: 2px 8px;">4</td><td style="padding: 2px 8px;">7</td></tr><tr><td style="padding: 2px 8px;">+</td><td style="padding: 2px 8px; border-bottom: 2px solid #000000;">1</td><td style="padding: 2px 8px; border-bottom: 2px solid #000000;">8</td><td style="padding: 2px 8px; border-bottom: 2px solid #000000;">6</td></tr><tr><td></td><td style="padding: 2px 8px; color: #4472c4; font-weight: bold;">4</td><td style="padding: 2px 8px; color: #4472c4; font-weight: bold;">3</td><td style="padding: 2px 8px; color: #4472c4; font-weight: bold;">3</td></tr></table></div>"`;

exports[`Widget: addition-with-regrouping should produce consistent output for example #2 1`] = `"<div style="display: inline-block; font-family: 'Courier New', monospace; font-size: 1.4em; text-align: right;"><table style="border-collapse: collapse; position: relative;"><tr><td></td><td style="padding: 2px 8px;">5</td><td style="padding: 2px 8px;">8</td></tr><tr><td style="padding: 2px 8px;">+</td><td style="padding: 2px 8px; border-bottom: 2px solid #000000;">3</td><td style="padding: 2px 8px; border-bottom: 2px solid #000000;">7</td></tr></table></div>"`;

exports[`Widget: addition-with-regrouping should produce consistent output for example #3 1`] = `"<div style="display: inline-block; font-family: 'Courier New', monospace; font-size: 1.4em; text-align: right;"><table style="border-collapse: collapse; position: relative;"><tr><td></td><td style="padding: 0 8px 6px;"></td><td style="padding: 0 8px 6px; text-align: center; vertical-align: bottom;"><span style="display: inline-block; font-size: 0.7em; color: #1E90FF; font-weight: bold;">1</span></td><td style="padding: 0 8px 6px; text-align: center; vertical-align: bottom;"><span style="display: inline-block; font-size: 0.7em; color: #1E90FF; font-weight: bold;">1</span></td><td style="padding: 0 8px 6px;"></td></tr><tr><td></td><td style="padding: 2px 8px;">1</td><td style="padding: 2px 8px;">2</td><td style="padding: 2px 8px;">3</td><td style="padding: 2px 8px;">4</td></tr><tr><td style="padding: 2px 8px;">+</td><td style="padding: 2px 8px; border-bottom: 2px solid #000000;">5</td><td style="padding: 2px 8px; border-bottom: 2px solid #000000;">6</td><td style="padding: 2px 8px; border-bottom: 2px solid #000000;">7</td><td style="padding: 2px 8px; border-bottom: 2px solid #000000;">8</td></tr><tr><td></td><td style="padding: 2px 8px;"></td><td style="padding: 2px 8px;"></td><td style="padding: 2px 8px; color: #4472c4; font-weight: bold;">1</td><td style="padding: 2px 8px; color: #4472c4; font-weight: bold;">2</td></tr></table></div>"`;

exports[`Widget: addition-with-regrouping should produce consistent output for example #4 1`] = `"<div style="display: inline-block; font-family: 'Courier New', monospace; font-size: 1.4em; text-align: right;"><table style="border-collapse: collapse; position: relative;"><tr><td></td><td style="padding: 0 8px;"></td><td style="padding: 0 8px 6px; text-align: center; vertical-align: bottom;"><span style="display: inline-block; font-size: 0.7em; color: #1E90FF; font-weight: bold;">1</span></td><td style="padding: 0 8px 6px;"></td></tr><tr><td></td><td style="padding: 2px 8px;">8</td><td style="padding: 2px 8px;">9</td></tr><tr><td style="padding: 2px 8px;">+</td><td style="padding: 2px 8px; border-bottom: 2px solid #000000;">4</td><td style="padding: 2px 8px; border-bottom: 2px solid #000000;">6</td></tr></table></div>"`;
