// Bun Snapshot v1, https://goo.gl/fbAQLP

exports[`Widget: angle-type-diagram should produce consistent output for example #1 1`] = `"<svg width="340" height="340" viewBox="-20 -20 340 340" xmlns="http://www.w3.org/2000/svg" font-family="sans-serif"><defs><marker id="angle-arrow" viewBox="0 0 10 10" refX="9" refY="5" markerWidth="5" markerHeight="5" orient="auto-start-reverse"><path d="M 0 0 L 10 5 L 0 10 z" fill="#000000"/></marker></defs><line x1="150" y1="150" x2="283" y2="150" stroke="#000000" stroke-width="2" marker-end="url(#angle-arrow)"/><circle cx="150" cy="150" r="40" fill="#4aa3ff" stroke="none" fill-opacity="0.2"/><circle cx="150" cy="150" r="40" fill="none" stroke="#4aa3ff" stroke-width="1"/><circle cx="202.5" cy="150" r="4" fill="#000000"/><text x="202.5" y="168" font-size="18" text-anchor="middle" dominant-baseline="middle" font-weight="700">A</text><circle cx="255" cy="150" r="4" fill="#000000"/><text x="255" y="168" font-size="18" text-anchor="middle" dominant-baseline="middle" font-weight="700">C</text><circle cx="150" cy="150" r="4" fill="#000000"/><text x="150" y="132" font-size="18" text-anchor="middle" dominant-baseline="middle" font-weight="700">B</text></svg>"`;

exports[`Widget: angle-type-diagram should produce consistent output for example #2 1`] = `"<svg width="340" height="340" viewBox="-20 -20 340 340" xmlns="http://www.w3.org/2000/svg" font-family="sans-serif"><defs><marker id="angle-arrow" viewBox="0 0 10 10" refX="9" refY="5" markerWidth="5" markerHeight="5" orient="auto-start-reverse"><path d="M 0 0 L 10 5 L 0 10 z" fill="#000000"/></marker></defs><line x1="150" y1="150" x2="244.04520189781084" y2="244.04520189781078" stroke="#000000" stroke-width="2" marker-end="url(#angle-arrow)"/><line x1="150" y1="150" x2="149.99999999999997" y2="17" stroke="#000000" stroke-width="2" marker-end="url(#angle-arrow)"/><path d="M 150 150 L 150 110 A 40 40 0 0 1 178.2842712474619 178.2842712474619 Z" fill="#f1c40f" stroke="none" fill-opacity="0.2"/><path d="M 150 110 A 40 40 0 0 1 178.2842712474619 178.2842712474619" fill="none" stroke="#f1c40f" stroke-width="1"/><circle cx="224.24621202458752" cy="224.24621202458746" r="4" fill="#000000"/><text x="211.51828996322968" y="236.97413408594534" font-size="18" text-anchor="middle" dominant-baseline="middle" font-weight="700">P</text><circle cx="149.99999999999997" cy="45" r="4" fill="#000000"/><text x="167.99999999999997" y="44.99999999999999" font-size="18" text-anchor="middle" dominant-baseline="middle" font-weight="700">R</text><circle cx="150" cy="150" r="4" fill="#000000"/><text x="133.37016841479684" y="156.88830178257163" font-size="18" text-anchor="middle" dominant-baseline="middle" font-weight="700">Q</text></svg>"`;

exports[`Widget: angle-type-diagram should produce consistent output for example #3 1`] = `"<svg width="340" height="340" viewBox="-20 -20 340 340" xmlns="http://www.w3.org/2000/svg" font-family="sans-serif"><defs><marker id="angle-arrow" viewBox="0 0 10 10" refX="9" refY="5" markerWidth="5" markerHeight="5" orient="auto-start-reverse"><path d="M 0 0 L 10 5 L 0 10 z" fill="#000000"/></marker></defs><line x1="150" y1="150" x2="150" y2="283" stroke="#000000" stroke-width="2" marker-end="url(#angle-arrow)"/><line x1="150" y1="150" x2="283" y2="150" stroke="#000000" stroke-width="2" marker-end="url(#angle-arrow)"/><path d="M 150 150 L 182 150 L 182 182 L 150 182 Z" fill="#f1c40f" stroke="none" fill-opacity="0.2"/><path d="M 182 150 L 182 182 L 150 182" fill="none" stroke="#f1c40f" stroke-width="1.5"/><circle cx="150" cy="255" r="4" fill="#000000"/><text x="132" y="255" font-size="18" text-anchor="middle" dominant-baseline="middle" font-weight="700">P</text><circle cx="255" cy="150" r="4" fill="#000000"/><text x="255" y="168" font-size="18" text-anchor="middle" dominant-baseline="middle" font-weight="700">R</text><circle cx="150" cy="150" r="4" fill="#000000"/><text x="137.27207793864216" y="137.27207793864216" font-size="18" text-anchor="middle" dominant-baseline="middle" font-weight="700">Q</text></svg>"`;

exports[`Widget: angle-type-diagram should produce consistent output for example #4 1`] = `"<svg width="340" height="340" viewBox="-20 -20 340 340" xmlns="http://www.w3.org/2000/svg" font-family="sans-serif"><defs><marker id="angle-arrow" viewBox="0 0 10 10" refX="9" refY="5" markerWidth="5" markerHeight="5" orient="auto-start-reverse"><path d="M 0 0 L 10 5 L 0 10 z" fill="#000000"/></marker></defs><line x1="150" y1="150" x2="283" y2="149.99999999999997" stroke="#000000" stroke-width="2" marker-end="url(#angle-arrow)"/><line x1="150" y1="150" x2="17" y2="150.00000000000003" stroke="#000000" stroke-width="2" marker-end="url(#angle-arrow)"/><path d="M 150 150 L 110 150 A 40 40 0 0 1 190 150 Z" fill="#f1c40f" stroke="none" fill-opacity="0.2"/><path d="M 110 150 A 40 40 0 0 1 190 150" fill="none" stroke="#f1c40f" stroke-width="1"/><circle cx="255" cy="149.99999999999997" r="4" fill="#000000"/><text x="255" y="167.99999999999997" font-size="18" text-anchor="middle" dominant-baseline="middle" font-weight="700">P</text><circle cx="45" cy="150" r="4" fill="#000000"/><text x="45" y="132" font-size="18" text-anchor="middle" dominant-baseline="middle" font-weight="700">R</text><circle cx="150" cy="150" r="4" fill="#000000"/><text x="150" y="168" font-size="18" text-anchor="middle" dominant-baseline="middle" font-weight="700">Q</text></svg>"`;

exports[`Widget: angle-type-diagram should produce consistent output for example #5 1`] = `"<svg width="340" height="340" viewBox="-20 -20 340 340" xmlns="http://www.w3.org/2000/svg" font-family="sans-serif"><defs><marker id="angle-arrow" viewBox="0 0 10 10" refX="9" refY="5" markerWidth="5" markerHeight="5" orient="auto-start-reverse"><path d="M 0 0 L 10 5 L 0 10 z" fill="#000000"/></marker></defs><line x1="150" y1="150" x2="244.04520189781084" y2="244.04520189781078" stroke="#000000" stroke-width="2" marker-end="url(#angle-arrow)"/><line x1="150" y1="150" x2="55.95479810218919" y2="244.04520189781084" stroke="#000000" stroke-width="2" marker-end="url(#angle-arrow)"/><path d="M 150 150 L 121.7157287525381 178.2842712474619 A 40 40 0 1 1 178.2842712474619 178.2842712474619 Z" fill="#f1c40f" stroke="none" fill-opacity="0.2"/><path d="M 121.7157287525381 178.2842712474619 A 40 40 0 1 1 178.2842712474619 178.2842712474619" fill="none" stroke="#f1c40f" stroke-width="1"/><circle cx="224.24621202458752" cy="224.24621202458746" r="4" fill="#000000"/><text x="211.51828996322968" y="236.97413408594534" font-size="18" text-anchor="middle" dominant-baseline="middle" font-weight="700">P</text><circle cx="75.75378797541252" cy="224.2462120245875" r="4" fill="#000000"/><text x="63.02586591405466" y="211.51828996322965" font-size="18" text-anchor="middle" dominant-baseline="middle" font-weight="700">R</text><circle cx="150" cy="150" r="4" fill="#000000"/><text x="150" y="166" font-size="18" text-anchor="middle" dominant-baseline="middle" font-weight="700">Q</text></svg>"`;

exports[`Widget: angle-type-diagram should produce consistent output for example #6 1`] = `"<svg width="340" height="340" viewBox="-20 -20 340 340" xmlns="http://www.w3.org/2000/svg" font-family="sans-serif"><defs><marker id="angle-arrow" viewBox="0 0 10 10" refX="9" refY="5" markerWidth="5" markerHeight="5" orient="auto-start-reverse"><path d="M 0 0 L 10 5 L 0 10 z" fill="#000000"/></marker></defs><line x1="150" y1="150" x2="244.04520189781084" y2="244.04520189781078" stroke="#000000" stroke-width="2" marker-end="url(#angle-arrow)"/><line x1="150" y1="150" x2="149.99999999999997" y2="17" stroke="#000000" stroke-width="2" marker-end="url(#angle-arrow)"/><path d="M 150 150 L 150 110 A 40 40 0 0 1 178.2842712474619 178.2842712474619 Z" fill="#f1c40f" stroke="none" fill-opacity="0.2"/><path d="M 150 110 A 40 40 0 0 1 178.2842712474619 178.2842712474619" fill="none" stroke="#f1c40f" stroke-width="1"/><circle cx="224.24621202458752" cy="224.24621202458746" r="4" fill="#000000"/><text x="211.51828996322968" y="236.97413408594534" font-size="18" text-anchor="middle" dominant-baseline="middle" font-weight="700">P</text><circle cx="149.99999999999997" cy="45" r="4" fill="#000000"/><text x="167.99999999999997" y="44.99999999999999" font-size="18" text-anchor="middle" dominant-baseline="middle" font-weight="700">R</text><circle cx="150" cy="150" r="4" fill="#000000"/><text x="133.37016841479684" y="156.88830178257163" font-size="18" text-anchor="middle" dominant-baseline="middle" font-weight="700">Q</text></svg>"`;

exports[`Widget: angle-type-diagram should produce consistent output for example #7 1`] = `"<svg width="340" height="340" viewBox="-20 -20 340 340" xmlns="http://www.w3.org/2000/svg" font-family="sans-serif"><defs><marker id="angle-arrow" viewBox="0 0 10 10" refX="9" refY="5" markerWidth="5" markerHeight="5" orient="auto-start-reverse"><path d="M 0 0 L 10 5 L 0 10 z" fill="#000000"/></marker></defs><line x1="150" y1="150" x2="150" y2="283" stroke="#000000" stroke-width="2" marker-end="url(#angle-arrow)"/><line x1="150" y1="150" x2="283" y2="150" stroke="#000000" stroke-width="2" marker-end="url(#angle-arrow)"/><path d="M 150 150 L 182 150 L 182 182 L 150 182 Z" fill="#9b59b6" stroke="none" fill-opacity="0.2"/><path d="M 182 150 L 182 182 L 150 182" fill="none" stroke="#9b59b6" stroke-width="1.5"/><circle cx="150" cy="255" r="4" fill="#000000"/><text x="132" y="255" font-size="18" text-anchor="middle" dominant-baseline="middle" font-weight="700">A</text><circle cx="255" cy="150" r="4" fill="#000000"/><text x="255" y="168" font-size="18" text-anchor="middle" dominant-baseline="middle" font-weight="700">C</text><circle cx="150" cy="150" r="4" fill="#000000"/><text x="137.27207793864216" y="137.27207793864216" font-size="18" text-anchor="middle" dominant-baseline="middle" font-weight="700">B</text></svg>"`;

exports[`Widget: angle-type-diagram should produce consistent output for example #8 1`] = `"<svg width="340" height="340" viewBox="-20 -20 340 340" xmlns="http://www.w3.org/2000/svg" font-family="sans-serif"><defs><marker id="angle-arrow" viewBox="0 0 10 10" refX="9" refY="5" markerWidth="5" markerHeight="5" orient="auto-start-reverse"><path d="M 0 0 L 10 5 L 0 10 z" fill="#000000"/></marker></defs><line x1="150" y1="150" x2="55.95479810218919" y2="244.04520189781084" stroke="#000000" stroke-width="2" marker-end="url(#angle-arrow)"/><line x1="150" y1="150" x2="283" y2="150" stroke="#000000" stroke-width="2" marker-end="url(#angle-arrow)"/><path d="M 150 150 L 190 150 A 40 40 0 0 1 121.7157287525381 178.2842712474619 Z" fill="#9b59b6" stroke="none" fill-opacity="0.2"/><path d="M 190 150 A 40 40 0 0 1 121.7157287525381 178.2842712474619" fill="none" stroke="#9b59b6" stroke-width="1"/><circle cx="75.75378797541252" cy="224.2462120245875" r="4" fill="#000000"/><text x="63.02586591405466" y="211.51828996322965" font-size="18" text-anchor="middle" dominant-baseline="middle" font-weight="700">A</text><circle cx="255" cy="150" r="4" fill="#000000"/><text x="255" y="168" font-size="18" text-anchor="middle" dominant-baseline="middle" font-weight="700">C</text><circle cx="150" cy="150" r="4" fill="#000000"/><text x="143.11169821742837" y="133.37016841479684" font-size="18" text-anchor="middle" dominant-baseline="middle" font-weight="700">B</text></svg>"`;

exports[`Widget: angle-type-diagram should produce consistent output for example #9 1`] = `"<svg width="340" height="340" viewBox="-20 -20 340 340" xmlns="http://www.w3.org/2000/svg" font-family="sans-serif"><defs><marker id="angle-arrow" viewBox="0 0 10 10" refX="9" refY="5" markerWidth="5" markerHeight="5" orient="auto-start-reverse"><path d="M 0 0 L 10 5 L 0 10 z" fill="#000000"/></marker></defs><line x1="150" y1="150" x2="17" y2="150.00000000000003" stroke="#000000" stroke-width="2" marker-end="url(#angle-arrow)"/><line x1="150" y1="150" x2="283" y2="150" stroke="#000000" stroke-width="2" marker-end="url(#angle-arrow)"/><path d="M 150 150 L 190 150 A 40 40 0 0 1 110 150 Z" fill="#9b59b6" stroke="none" fill-opacity="0.2"/><path d="M 190 150 A 40 40 0 0 1 110 150" fill="none" stroke="#9b59b6" stroke-width="1"/><circle cx="45" cy="150" r="4" fill="#000000"/><text x="45" y="132" font-size="18" text-anchor="middle" dominant-baseline="middle" font-weight="700">A</text><circle cx="255" cy="150" r="4" fill="#000000"/><text x="255" y="168" font-size="18" text-anchor="middle" dominant-baseline="middle" font-weight="700">C</text><circle cx="150" cy="150" r="4" fill="#000000"/><text x="150" y="132" font-size="18" text-anchor="middle" dominant-baseline="middle" font-weight="700">B</text></svg>"`;

exports[`Widget: angle-type-diagram should produce consistent output for example #10 1`] = `"<svg width="340" height="340" viewBox="-20 -20 340 340" xmlns="http://www.w3.org/2000/svg" font-family="sans-serif"><defs><marker id="angle-arrow" viewBox="0 0 10 10" refX="9" refY="5" markerWidth="5" markerHeight="5" orient="auto-start-reverse"><path d="M 0 0 L 10 5 L 0 10 z" fill="#000000"/></marker></defs><line x1="150" y1="150" x2="244.04520189781084" y2="244.0452018978108" stroke="#000000" stroke-width="2" marker-end="url(#angle-arrow)"/><line x1="150" y1="150" x2="283" y2="150" stroke="#000000" stroke-width="2" marker-end="url(#angle-arrow)"/><path d="M 150 150 L 190 150 A 40 40 0 0 1 178.2842712474619 178.2842712474619 Z" fill="#9b59b6" stroke="none" fill-opacity="0.2"/><path d="M 190 150 A 40 40 0 0 1 178.2842712474619 178.2842712474619" fill="none" stroke="#9b59b6" stroke-width="1"/><circle cx="224.2462120245875" cy="224.24621202458746" r="4" fill="#000000"/><text x="211.51828996322965" y="236.9741340859453" font-size="18" text-anchor="middle" dominant-baseline="middle" font-weight="700">A</text><circle cx="255" cy="150" r="4" fill="#000000"/><text x="255" y="168" font-size="18" text-anchor="middle" dominant-baseline="middle" font-weight="700">C</text><circle cx="150" cy="150" r="4" fill="#000000"/><text x="133.37016841479684" y="143.1116982174284" font-size="18" text-anchor="middle" dominant-baseline="middle" font-weight="700">B</text></svg>"`;

exports[`Widget: angle-type-diagram should produce consistent output for example #11 1`] = `"<svg width="340" height="340" viewBox="-20 -20 340 340" xmlns="http://www.w3.org/2000/svg" font-family="sans-serif"><defs><marker id="angle-arrow" viewBox="0 0 10 10" refX="9" refY="5" markerWidth="5" markerHeight="5" orient="auto-start-reverse"><path d="M 0 0 L 10 5 L 0 10 z" fill="#000000"/></marker></defs><line x1="150" y1="150" x2="55.95479810218919" y2="244.04520189781084" stroke="#000000" stroke-width="2" marker-end="url(#angle-arrow)"/><line x1="150" y1="150" x2="283" y2="150" stroke="#000000" stroke-width="2" marker-end="url(#angle-arrow)"/><path d="M 150 150 L 190 150 A 40 40 0 0 1 121.7157287525381 178.2842712474619 Z" fill="#9b59b6" stroke="none" fill-opacity="0.2"/><path d="M 190 150 A 40 40 0 0 1 121.7157287525381 178.2842712474619" fill="none" stroke="#9b59b6" stroke-width="1"/><circle cx="75.75378797541252" cy="224.2462120245875" r="4" fill="#000000"/><text x="63.02586591405466" y="211.51828996322965" font-size="18" text-anchor="middle" dominant-baseline="middle" font-weight="700">A</text><circle cx="255" cy="150" r="4" fill="#000000"/><text x="255" y="168" font-size="18" text-anchor="middle" dominant-baseline="middle" font-weight="700">C</text><circle cx="150" cy="150" r="4" fill="#000000"/><text x="143.11169821742837" y="133.37016841479684" font-size="18" text-anchor="middle" dominant-baseline="middle" font-weight="700">B</text></svg>"`;

exports[`Widget: angle-type-diagram should produce consistent output for example #12 1`] = `"<svg width="340" height="340" viewBox="-20 -20 340 340" xmlns="http://www.w3.org/2000/svg" font-family="sans-serif"><defs><marker id="angle-arrow" viewBox="0 0 10 10" refX="9" refY="5" markerWidth="5" markerHeight="5" orient="auto-start-reverse"><path d="M 0 0 L 10 5 L 0 10 z" fill="#000000"/></marker></defs><line x1="150" y1="150" x2="64.50924791169025" y2="48.11608906517594" stroke="#000000" stroke-width="2" marker-end="url(#angle-arrow)"/><line x1="150" y1="150" x2="83.50000000000003" y2="265.1813787033303" stroke="#000000" stroke-width="2" marker-end="url(#angle-arrow)"/><path d="M 150 150 L 130 184.64101615137756 A 40 40 0 0 1 124.28849561253841 119.35822227524088 Z" fill="#C8A2C8" stroke="none" fill-opacity="0.2"/><path d="M 130 184.64101615137756 A 40 40 0 0 1 124.28849561253841 119.35822227524088" fill="none" stroke="#C8A2C8" stroke-width="1"/><circle cx="82.50730098291335" cy="69.56533347250732" r="4" fill="#000000"/><circle cx="97.50000000000001" cy="240.93266739736606" r="4" fill="#000000"/><circle cx="150" cy="150" r="4" fill="#000000"/></svg>"`;

exports[`Widget: angle-type-diagram should produce consistent output for example #13 1`] = `"<svg width="340" height="340" viewBox="-20 -20 340 340" xmlns="http://www.w3.org/2000/svg" font-family="sans-serif"><defs><marker id="angle-arrow" viewBox="0 0 10 10" refX="9" refY="5" markerWidth="5" markerHeight="5" orient="auto-start-reverse"><path d="M 0 0 L 10 5 L 0 10 z" fill="#000000"/></marker></defs><line x1="150" y1="150" x2="104.51132093768607" y2="274.97911856452583" stroke="#000000" stroke-width="2" marker-end="url(#angle-arrow)"/><line x1="150" y1="150" x2="265.1813787033303" y2="83.50000000000001" stroke="#000000" stroke-width="2" marker-end="url(#angle-arrow)"/><path d="M 150 150 L 184.64101615137756 130 A 40 40 0 0 1 136.31919426697326 187.58770483143633 Z" fill="#D27D2D" stroke="none" fill-opacity="0.2"/><path d="M 184.64101615137756 130 A 40 40 0 0 1 136.31919426697326 187.58770483143633" fill="none" stroke="#D27D2D" stroke-width="1"/><circle cx="114.08788495080478" cy="248.66772518252037" r="4" fill="#000000"/><circle cx="240.93266739736606" cy="97.5" r="4" fill="#000000"/><circle cx="150" cy="150" r="4" fill="#000000"/></svg>"`;

exports[`Widget: angle-type-diagram should produce consistent output for example #14 1`] = `"<svg width="340" height="340" viewBox="-20 -20 340 340" xmlns="http://www.w3.org/2000/svg" font-family="sans-serif"><defs><marker id="angle-arrow" viewBox="0 0 10 10" refX="9" refY="5" markerWidth="5" markerHeight="5" orient="auto-start-reverse"><path d="M 0 0 L 10 5 L 0 10 z" fill="#000000"/></marker></defs><line x1="150" y1="150" x2="41.0527781095641" y2="226.28566603468917" stroke="#000000" stroke-width="2" marker-end="url(#angle-arrow)"/><line x1="150" y1="150" x2="104.51132093768607" y2="274.97911856452583" stroke="#000000" stroke-width="2" marker-end="url(#angle-arrow)"/><path d="M 150 150 L 136.31919426697326 187.58770483143633 A 40 40 0 0 1 117.23391822844033 172.94305745404185 Z" fill="#D27D2D" stroke="none" fill-opacity="0.2"/><path d="M 136.31919426697326 187.58770483143633 A 40 40 0 0 1 117.23391822844033 172.94305745404185" fill="none" stroke="#D27D2D" stroke-width="1"/><circle cx="63.98903534965588" cy="210.22552581685989" r="4" fill="#000000"/><circle cx="114.08788495080478" cy="248.66772518252037" r="4" fill="#000000"/><circle cx="150" cy="150" r="4" fill="#000000"/></svg>"`;

exports[`Widget: angle-type-diagram should produce consistent output for example #15 1`] = `"<svg width="340" height="340" viewBox="-20 -20 340 340" xmlns="http://www.w3.org/2000/svg" font-family="sans-serif"><defs><marker id="angle-arrow" viewBox="0 0 10 10" refX="9" refY="5" markerWidth="5" markerHeight="5" orient="auto-start-reverse"><path d="M 0 0 L 10 5 L 0 10 z" fill="#000000"/></marker></defs><line x1="150" y1="150" x2="55.95479810218919" y2="244.04520189781084" stroke="#000000" stroke-width="2" marker-end="url(#angle-arrow)"/><line x1="150" y1="150" x2="93.79177118848699" y2="270.5389356758744" stroke="#000000" stroke-width="2" marker-end="url(#angle-arrow)"/><path d="M 150 150 L 133.09526953037204 186.252311481466 A 40 40 0 0 1 121.7157287525381 178.2842712474619 Z" fill="#87CEEB" stroke="none" fill-opacity="0.2"/><path d="M 133.09526953037204 186.252311481466 A 40 40 0 0 1 121.7157287525381 178.2842712474619" fill="none" stroke="#87CEEB" stroke-width="1"/><circle cx="75.75378797541252" cy="224.2462120245875" r="4" fill="#000000"/><circle cx="105.62508251722657" cy="245.16231763884826" r="4" fill="#000000"/><circle cx="150" cy="150" r="4" fill="#000000"/></svg>"`;

exports[`Widget: angle-type-diagram should produce consistent output for example #16 1`] = `"<svg width="340" height="340" viewBox="-20 -20 340 340" xmlns="http://www.w3.org/2000/svg" font-family="sans-serif"><defs><marker id="angle-arrow" viewBox="0 0 10 10" refX="9" refY="5" markerWidth="5" markerHeight="5" orient="auto-start-reverse"><path d="M 0 0 L 10 5 L 0 10 z" fill="#000000"/></marker></defs><line x1="150" y1="150" x2="17.506105153797847" y2="161.59171378543854" stroke="#000000" stroke-width="2" marker-end="url(#angle-arrow)"/><line x1="150" y1="150" x2="274.97911856452583" y2="195.48867906231393" stroke="#000000" stroke-width="2" marker-end="url(#angle-arrow)"/><path d="M 150 150 L 187.58770483143633 163.68080573302674 A 40 40 0 0 1 110.15221207633019 153.48622970990633 Z" fill="#FFD700" stroke="none" fill-opacity="0.2"/><path d="M 187.58770483143633 163.68080573302674 A 40 40 0 0 1 110.15221207633019 153.48622970990633" fill="none" stroke="#FFD700" stroke-width="1"/><circle cx="45.399556700366716" cy="159.1513529885041" r="4" fill="#000000"/><circle cx="248.66772518252037" cy="185.91211504919522" r="4" fill="#000000"/><circle cx="150" cy="150" r="4" fill="#000000"/></svg>"`;

exports[`Widget: angle-type-diagram should produce consistent output for example #17 1`] = `"<svg width="340" height="340" viewBox="-20 -20 340 340" xmlns="http://www.w3.org/2000/svg" font-family="sans-serif"><defs><marker id="angle-arrow" viewBox="0 0 10 10" refX="9" refY="5" markerWidth="5" markerHeight="5" orient="auto-start-reverse"><path d="M 0 0 L 10 5 L 0 10 z" fill="#000000"/></marker></defs><line x1="150" y1="150" x2="55.95479810218919" y2="244.04520189781084" stroke="#000000" stroke-width="2" marker-end="url(#angle-arrow)"/><line x1="150" y1="150" x2="93.79177118848699" y2="270.5389356758744" stroke="#000000" stroke-width="2" marker-end="url(#angle-arrow)"/><circle cx="75.75378797541252" cy="224.2462120245875" r="4" fill="#000000"/><circle cx="105.62508251722657" cy="245.16231763884826" r="4" fill="#000000"/><circle cx="150" cy="150" r="4" fill="#000000"/></svg>"`;

exports[`Widget: angle-type-diagram should produce consistent output for example #18 1`] = `"<svg width="340" height="340" viewBox="-20 -20 340 340" xmlns="http://www.w3.org/2000/svg" font-family="sans-serif"><defs><marker id="angle-arrow" viewBox="0 0 10 10" refX="9" refY="5" markerWidth="5" markerHeight="5" orient="auto-start-reverse"><path d="M 0 0 L 10 5 L 0 10 z" fill="#000000"/></marker></defs><line x1="150" y1="150" x2="64.50924791169025" y2="48.11608906517594" stroke="#000000" stroke-width="2" marker-end="url(#angle-arrow)"/><line x1="150" y1="150" x2="73.7143339653109" y2="258.9472218904359" stroke="#000000" stroke-width="2" marker-end="url(#angle-arrow)"/><path d="M 150 150 L 127.05694254595817 182.7660817715597 A 40 40 0 0 1 124.28849561253841 119.35822227524088 Z" fill="#D27D2D" stroke="none" fill-opacity="0.2"/><path d="M 127.05694254595817 182.7660817715597 A 40 40 0 0 1 124.28849561253841 119.35822227524088" fill="none" stroke="#D27D2D" stroke-width="1"/><circle cx="82.50730098291335" cy="69.56533347250732" r="4" fill="#000000"/><circle cx="89.77447418314019" cy="236.01096465034416" r="4" fill="#000000"/><circle cx="150" cy="150" r="4" fill="#000000"/></svg>"`;

exports[`Widget: angle-type-diagram should produce consistent output for example #19 1`] = `"<svg width="340" height="340" viewBox="-20 -20 340 340" xmlns="http://www.w3.org/2000/svg" font-family="sans-serif"><defs><marker id="angle-arrow" viewBox="0 0 10 10" refX="9" refY="5" markerWidth="5" markerHeight="5" orient="auto-start-reverse"><path d="M 0 0 L 10 5 L 0 10 z" fill="#000000"/></marker></defs><line x1="150" y1="150" x2="216.49999999999991" y2="34.818621296669605" stroke="#000000" stroke-width="2" marker-end="url(#angle-arrow)"/><line x1="150" y1="150" x2="41.0527781095641" y2="226.28566603468917" stroke="#000000" stroke-width="2" marker-end="url(#angle-arrow)"/><path d="M 150 150 L 117.23391822844033 172.94305745404185 A 40 40 0 0 1 169.99999999999997 115.35898384862244 Z" fill="#C8A2C8" stroke="none" fill-opacity="0.2"/><path d="M 117.23391822844033 172.94305745404185 A 40 40 0 0 1 169.99999999999997 115.35898384862244" fill="none" stroke="#C8A2C8" stroke-width="1"/><circle cx="202.49999999999994" cy="59.0673326026339" r="4" fill="#000000"/><circle cx="63.98903534965588" cy="210.22552581685989" r="4" fill="#000000"/><circle cx="150" cy="150" r="4" fill="#000000"/></svg>"`;

exports[`Widget: angle-type-diagram should produce consistent output for example #20 1`] = `"<svg width="340" height="340" viewBox="-20 -20 340 340" xmlns="http://www.w3.org/2000/svg" font-family="sans-serif"><defs><marker id="angle-arrow" viewBox="0 0 10 10" refX="9" refY="5" markerWidth="5" markerHeight="5" orient="auto-start-reverse"><path d="M 0 0 L 10 5 L 0 10 z" fill="#000000"/></marker></defs><line x1="150" y1="150" x2="17" y2="150.00000000000003" stroke="#000000" stroke-width="2" marker-end="url(#angle-arrow)"/><line x1="150" y1="150" x2="83.50000000000003" y2="265.1813787033303" stroke="#000000" stroke-width="2" marker-end="url(#angle-arrow)"/><path d="M 150 150 L 130 184.64101615137756 A 40 40 0 0 1 110 150 Z" fill="#87CEEB" stroke="none" fill-opacity="0.2"/><path d="M 130 184.64101615137756 A 40 40 0 0 1 110 150" fill="none" stroke="#87CEEB" stroke-width="1"/><circle cx="45" cy="150" r="4" fill="#000000"/><circle cx="97.50000000000001" cy="240.93266739736606" r="4" fill="#000000"/><circle cx="150" cy="150" r="4" fill="#000000"/></svg>"`;

exports[`Widget: angle-type-diagram should produce consistent output for example #21 1`] = `"<svg width="340" height="340" viewBox="-20 -20 340 340" xmlns="http://www.w3.org/2000/svg" font-family="sans-serif"><defs><marker id="angle-arrow" viewBox="0 0 10 10" refX="9" refY="5" markerWidth="5" markerHeight="5" orient="auto-start-reverse"><path d="M 0 0 L 10 5 L 0 10 z" fill="#000000"/></marker></defs><line x1="150" y1="150" x2="25.020881435474195" y2="195.48867906231396" stroke="#000000" stroke-width="2" marker-end="url(#angle-arrow)"/><line x1="150" y1="150" x2="265.1813787033303" y2="216.5" stroke="#000000" stroke-width="2" marker-end="url(#angle-arrow)"/><path d="M 150 150 L 184.64101615137756 170 A 40 40 0 0 1 112.41229516856367 163.68080573302674 Z" fill="#FFD700" stroke="none" fill-opacity="0.2"/><path d="M 184.64101615137756 170 A 40 40 0 0 1 112.41229516856367 163.68080573302674" fill="none" stroke="#FFD700" stroke-width="1"/><circle cx="51.33227481747963" cy="185.91211504919522" r="4" fill="#000000"/><circle cx="240.93266739736606" cy="202.5" r="4" fill="#000000"/><circle cx="150" cy="150" r="4" fill="#000000"/></svg>"`;

exports[`Widget: angle-type-diagram should produce consistent output for example #22 1`] = `"<svg width="340" height="340" viewBox="-20 -20 340 340" xmlns="http://www.w3.org/2000/svg" font-family="sans-serif"><defs><marker id="angle-arrow" viewBox="0 0 10 10" refX="9" refY="5" markerWidth="5" markerHeight="5" orient="auto-start-reverse"><path d="M 0 0 L 10 5 L 0 10 z" fill="#000000"/></marker></defs><line x1="150" y1="150" x2="55.95479810218916" y2="55.95479810218919" stroke="#000000" stroke-width="2" marker-end="url(#angle-arrow)"/><line x1="150" y1="150" x2="55.95479810218919" y2="244.04520189781084" stroke="#000000" stroke-width="2" marker-end="url(#angle-arrow)"/><path d="M 150 150 L 127.37258300203048 172.62741699796953 L 104.74516600406096 150 L 127.37258300203047 127.37258300203048 Z" fill="#90EE90" stroke="none" fill-opacity="0.2"/><path d="M 127.37258300203048 172.62741699796953 L 104.74516600406096 150 L 127.37258300203047 127.37258300203048" fill="none" stroke="#90EE90" stroke-width="1.5"/><circle cx="75.7537879754125" cy="75.75378797541252" r="4" fill="#000000"/><circle cx="75.75378797541252" cy="224.2462120245875" r="4" fill="#000000"/><circle cx="150" cy="150" r="4" fill="#000000"/></svg>"`;

exports[`Widget: angle-type-diagram should produce consistent output for example #23 1`] = `"<svg width="340" height="340" viewBox="-20 -20 340 340" xmlns="http://www.w3.org/2000/svg" font-family="sans-serif"><defs><marker id="angle-arrow" viewBox="0 0 10 10" refX="9" refY="5" markerWidth="5" markerHeight="5" orient="auto-start-reverse"><path d="M 0 0 L 10 5 L 0 10 z" fill="#000000"/></marker></defs><line x1="150" y1="150" x2="216.49999999999991" y2="34.818621296669605" stroke="#000000" stroke-width="2" marker-end="url(#angle-arrow)"/><line x1="150" y1="150" x2="41.0527781095641" y2="226.28566603468917" stroke="#000000" stroke-width="2" marker-end="url(#angle-arrow)"/><path d="M 150 150 L 117.23391822844033 172.94305745404185 A 40 40 0 0 1 169.99999999999997 115.35898384862244 Z" fill="#C8A2C8" stroke="none" fill-opacity="0.2"/><path d="M 117.23391822844033 172.94305745404185 A 40 40 0 0 1 169.99999999999997 115.35898384862244" fill="none" stroke="#C8A2C8" stroke-width="1"/><circle cx="202.49999999999994" cy="59.0673326026339" r="4" fill="#000000"/><circle cx="63.98903534965588" cy="210.22552581685989" r="4" fill="#000000"/><circle cx="150" cy="150" r="4" fill="#000000"/></svg>"`;
