// Bun Snapshot v1, https://goo.gl/fbAQLP

exports[`Widget: bar-chart should produce consistent output for example #1 1`] = `"<svg width="568" height="457" viewBox="-80 -45 568 457" xmlns="http://www.w3.org/2000/svg" font-family="sans-serif" font-size="12"><defs><clipPath id="clip-0"><rect x="0" y="0" width="480" height="340"/></clipPath></defs><text x="240" y="-36.599999999999994" font-size="18" text-anchor="middle" fill="#333333" dominant-baseline="hanging"><tspan x="240" dy="0em">Games Won Last Summer</tspan></text><line x1="0" y1="0" x2="0" y2="340" stroke="#333333" stroke-width="1.5"/><line x1="-5" y1="340" x2="0" y2="340" stroke="#333333" stroke-width="1.5"/><text x="-8" y="344" font-size="12" text-anchor="end" fill="#333333">0</text><line x1="0" y1="340" x2="480" y2="340" stroke="#e0e0e0" stroke-width="1"/><line x1="-5" y1="297.5" x2="0" y2="297.5" stroke="#333333" stroke-width="1.5"/><text x="-8" y="301.5" font-size="12" text-anchor="end" fill="#333333">2</text><line x1="0" y1="297.5" x2="480" y2="297.5" stroke="#e0e0e0" stroke-width="1"/><line x1="-5" y1="255" x2="0" y2="255" stroke="#333333" stroke-width="1.5"/><text x="-8" y="259" font-size="12" text-anchor="end" fill="#333333">4</text><line x1="0" y1="255" x2="480" y2="255" stroke="#e0e0e0" stroke-width="1"/><line x1="-5" y1="212.5" x2="0" y2="212.5" stroke="#333333" stroke-width="1.5"/><text x="-8" y="216.5" font-size="12" text-anchor="end" fill="#333333">6</text><line x1="0" y1="212.5" x2="480" y2="212.5" stroke="#e0e0e0" stroke-width="1"/><line x1="-5" y1="170" x2="0" y2="170" stroke="#333333" stroke-width="1.5"/><text x="-8" y="174" font-size="12" text-anchor="end" fill="#333333">8</text><line x1="0" y1="170" x2="480" y2="170" stroke="#e0e0e0" stroke-width="1"/><line x1="-5" y1="127.5" x2="0" y2="127.5" stroke="#333333" stroke-width="1.5"/><text x="-8" y="131.5" font-size="12" text-anchor="end" fill="#333333">10</text><line x1="0" y1="127.5" x2="480" y2="127.5" stroke="#e0e0e0" stroke-width="1"/><line x1="-5" y1="85" x2="0" y2="85" stroke="#333333" stroke-width="1.5"/><text x="-8" y="89" font-size="12" text-anchor="end" fill="#333333">12</text><line x1="0" y1="85" x2="480" y2="85" stroke="#e0e0e0" stroke-width="1"/><line x1="-5" y1="42.5" x2="0" y2="42.5" stroke="#333333" stroke-width="1.5"/><text x="-8" y="46.5" font-size="12" text-anchor="end" fill="#333333">14</text><line x1="0" y1="42.5" x2="480" y2="42.5" stroke="#e0e0e0" stroke-width="1"/><line x1="-5" y1="0" x2="0" y2="0" stroke="#333333" stroke-width="1.5"/><text x="-8" y="4" font-size="12" text-anchor="end" fill="#333333">16</text><line x1="0" y1="0" x2="480" y2="0" stroke="#e0e0e0" stroke-width="1"/><text x="-61.6" y="170" font-size="16" text-anchor="middle" fill="#333333" dominant-baseline="middle" transform="rotate(-90, -61.6, 170)"><tspan x="-61.6" dy="0em">Games Won</tspan></text><line x1="0" y1="340" x2="480" y2="340" stroke="#333333" stroke-width="1.5"/><line x1="80" y1="340" x2="80" y2="345" stroke="#333333" stroke-width="1.5"/><text x="80" y="353" font-size="12" text-anchor="middle" dominant-baseline="hanging" fill="#333333">Lions</text><line x1="240" y1="340" x2="240" y2="345" stroke="#333333" stroke-width="1.5"/><text x="240" y="353" font-size="12" text-anchor="middle" dominant-baseline="hanging" fill="#333333">Tigers</text><line x1="400" y1="340" x2="400" y2="345" stroke="#333333" stroke-width="1.5"/><text x="400" y="353" font-size="12" text-anchor="middle" dominant-baseline="hanging" fill="#333333">Bears</text><text x="240" y="387" font-size="16" text-anchor="middle" fill="#333333"><tspan x="240" dy="0em">Team</tspan></text><g clip-path="url(#clip-0)"><rect x="16" y="42.5" width="128" height="297.5" fill="#4285F4"/><rect x="176" y="297.5" width="128" height="42.5" fill="#4285F4"/><rect x="336" y="191.25" width="128" height="148.75" fill="#4285F4"/></g></svg>"`;

exports[`Widget: bar-chart should produce consistent output for example #2 1`] = `"<svg width="488" height="417" viewBox="-80 -45 488 417" xmlns="http://www.w3.org/2000/svg" font-family="sans-serif" font-size="12"><defs><clipPath id="clip-0"><rect x="0" y="0" width="400" height="300"/></clipPath></defs><text x="200" y="-36.599999999999994" font-size="18" text-anchor="middle" fill="#333333" dominant-baseline="hanging"><tspan x="200" dy="0em">Favorite Ice Cream Flavors</tspan></text><line x1="0" y1="0" x2="0" y2="300" stroke="#333333" stroke-width="1.5"/><line x1="-5" y1="300" x2="0" y2="300" stroke="#333333" stroke-width="1.5"/><text x="-8" y="304" font-size="12" text-anchor="end" fill="#333333">0</text><line x1="0" y1="300" x2="400" y2="300" stroke="#e0e0e0" stroke-width="1"/><line x1="-5" y1="240" x2="0" y2="240" stroke="#333333" stroke-width="1.5"/><text x="-8" y="244" font-size="12" text-anchor="end" fill="#333333">5</text><line x1="0" y1="240" x2="400" y2="240" stroke="#e0e0e0" stroke-width="1"/><line x1="-5" y1="180" x2="0" y2="180" stroke="#333333" stroke-width="1.5"/><text x="-8" y="184" font-size="12" text-anchor="end" fill="#333333">10</text><line x1="0" y1="180" x2="400" y2="180" stroke="#e0e0e0" stroke-width="1"/><line x1="-5" y1="120" x2="0" y2="120" stroke="#333333" stroke-width="1.5"/><text x="-8" y="124" font-size="12" text-anchor="end" fill="#333333">15</text><line x1="0" y1="120" x2="400" y2="120" stroke="#e0e0e0" stroke-width="1"/><line x1="-5" y1="60" x2="0" y2="60" stroke="#333333" stroke-width="1.5"/><text x="-8" y="64" font-size="12" text-anchor="end" fill="#333333">20</text><line x1="0" y1="60" x2="400" y2="60" stroke="#e0e0e0" stroke-width="1"/><line x1="-5" y1="0" x2="0" y2="0" stroke="#333333" stroke-width="1.5"/><text x="-8" y="4" font-size="12" text-anchor="end" fill="#333333">25</text><line x1="0" y1="0" x2="400" y2="0" stroke="#e0e0e0" stroke-width="1"/><text x="-61.6" y="150" font-size="16" text-anchor="middle" fill="#333333" dominant-baseline="middle" transform="rotate(-90, -61.6, 150)"><tspan x="-61.6" dy="0em">Number of Votes</tspan></text><line x1="0" y1="300" x2="400" y2="300" stroke="#333333" stroke-width="1.5"/><line x1="50" y1="300" x2="50" y2="305" stroke="#333333" stroke-width="1.5"/><text x="50" y="313" font-size="12" text-anchor="middle" dominant-baseline="hanging" fill="#333333">Vanilla</text><line x1="150" y1="300" x2="150" y2="305" stroke="#333333" stroke-width="1.5"/><text x="150" y="313" font-size="12" text-anchor="middle" dominant-baseline="hanging" fill="#333333">Chocolate</text><line x1="250" y1="300" x2="250" y2="305" stroke="#333333" stroke-width="1.5"/><text x="250" y="313" font-size="12" text-anchor="middle" dominant-baseline="hanging" fill="#333333">Strawberry</text><line x1="350" y1="300" x2="350" y2="305" stroke="#333333" stroke-width="1.5"/><text x="350" y="313" font-size="12" text-anchor="middle" dominant-baseline="hanging" fill="#333333">Mint</text><text x="200" y="347" font-size="16" text-anchor="middle" fill="#333333"><tspan x="200" dy="0em">Flavor</tspan></text><g clip-path="url(#clip-0)"><rect x="10" y="84" width="80" height="216" fill="#FF6B6B"/><rect x="110" y="36" width="80" height="264" fill="#FF6B6B"/><rect x="210" y="156" width="80" height="144" fill="#FF6B6B"/><rect x="310" y="204" width="80" height="96" fill="#FF6B6B"/></g></svg>"`;
