// Bun Snapshot v1, https://goo.gl/fbAQLP

exports[`Widget: box-grid should produce consistent output for example #1 1`] = `
"<svg width="342" height="342" viewBox="-21 -21 342 342" xmlns="http://www.w3.org/2000/svg" font-family="sans-serif"><defs><style>
        .cell-text {
            font-size: 14px;
            text-anchor: middle;
            dominant-baseline: middle;
        }
    </style></defs><rect x="0" y="0" width="75" height="100" fill="#FFE5B4"/><foreignObject x="0" y="0" width="75" height="100"><!DOCTYPE html><div xmlns="http://www.w3.org/1999/xhtml" style="display:flex;align-items:center;justify-content:center;width:100%;height:100%;font-family:sans-serif;color:#333333;"><math xmlns="http://www.w3.org/1998/Math/MathML" display="inline" style="font-size:17.5px;"><mn>1</mn></math></div></foreignObject><foreignObject x="75" y="0" width="75" height="100"><!DOCTYPE html><div xmlns="http://www.w3.org/1999/xhtml" style="display:flex;align-items:center;justify-content:center;width:100%;height:100%;font-family:sans-serif;color:#333333;"><math xmlns="http://www.w3.org/1998/Math/MathML" display="inline" style="font-size:17.5px;"><mfrac><mn>1</mn><mn>2</mn></mfrac></math></div></foreignObject><rect x="150" y="0" width="75" height="100" fill="#B4E5FF"/><foreignObject x="150" y="0" width="75" height="100"><!DOCTYPE html><div xmlns="http://www.w3.org/1999/xhtml" style="display:flex;align-items:center;justify-content:center;width:100%;height:100%;font-family:sans-serif;color:#333333;"><math xmlns="http://www.w3.org/1998/Math/MathML" display="inline" style="font-size:17.5px;"><mn>1</mn><mspace width="0.15em"/><mfrac><mn>1</mn><mn>4</mn></mfrac></math></div></foreignObject><foreignObject x="225" y="0" width="75" height="100"><!DOCTYPE html><div xmlns="http://www.w3.org/1999/xhtml" style="display:flex;align-items:center;justify-content:center;width:100%;height:100%;font-family:sans-serif;color:#333333;"><math xmlns="http://www.w3.org/1998/Math/MathML" display="inline" style="font-size:17.5px;"><mn>4</mn></math></div></foreignObject><foreignObject x="0" y="100" width="75" height="100"><!DOCTYPE html><div xmlns="http://www.w3.org/1999/xhtml" style="display:flex;align-items:center;justify-content:center;width:100%;height:100%;font-family:sans-serif;color:#333333;"><math xmlns="http://www.w3.org/1998/Math/MathML" display="inline" style="font-size:17.5px;"><mn>5</mn></math></div></foreignObject><rect x="75" y="100" width="75" height="100" fill="#FFB4E5"/><foreignObject x="75" y="100" width="75" height="100"><!DOCTYPE html><div xmlns="http://www.w3.org/1999/xhtml" style="display:flex;align-items:center;justify-content:center;width:100%;height:100%;font-family:sans-serif;color:#333333;"><math xmlns="http://www.w3.org/1998/Math/MathML" display="inline" style="font-size:17.5px;"><mo>-</mo><mn>2</mn><mspace width="0.15em"/><mfrac><mn>3</mn><mn>5</mn></mfrac></math></div></foreignObject><foreignObject x="150" y="100" width="75" height="100"><!DOCTYPE html><div xmlns="http://www.w3.org/1999/xhtml" style="display:flex;align-items:center;justify-content:center;width:100%;height:100%;font-family:sans-serif;color:#333333;"><math xmlns="http://www.w3.org/1998/Math/MathML" display="inline" style="font-size:17.5px;"><mfrac><mn>3</mn><mn>4</mn></mfrac></math></div></foreignObject><rect x="225" y="100" width="75" height="100" fill="#B4FFE5"/><foreignObject x="225" y="100" width="75" height="100"><!DOCTYPE html><div xmlns="http://www.w3.org/1999/xhtml" style="display:flex;align-items:center;justify-content:center;width:100%;height:100%;font-family:sans-serif;color:#333333;"><math xmlns="http://www.w3.org/1998/Math/MathML" display="inline" style="font-size:17.5px;"><mn>8</mn></math></div></foreignObject><foreignObject x="0" y="200" width="75" height="100"><!DOCTYPE html><div xmlns="http://www.w3.org/1999/xhtml" style="display:flex;align-items:center;justify-content:center;width:100%;height:100%;font-family:sans-serif;color:#333333;"><math xmlns="http://www.w3.org/1998/Math/MathML" display="inline" style="font-size:17.5px;"><mn>0</mn></math></div></foreignObject><rect x="75" y="200" width="75" height="100" fill="#E5B4FF"/><foreignObject x="75" y="200" width="75" height="100"><!DOCTYPE html><div xmlns="http://www.w3.org/1999/xhtml" style="display:flex;align-items:center;justify-content:center;width:100%;height:100%;font-family:sans-serif;color:#333333;"><math xmlns="http://www.w3.org/1998/Math/MathML" display="inline" style="font-size:17.5px;"><mn>3</mn></math></div></foreignObject><foreignObject x="150" y="200" width="75" height="100"><!DOCTYPE html><div xmlns="http://www.w3.org/1999/xhtml" style="display:flex;align-items:center;justify-content:center;width:100%;height:100%;font-family:sans-serif;color:#333333;"><math xmlns="http://www.w3.org/1998/Math/MathML" display="inline" style="font-size:17.5px;"><mo>-</mo><mfrac><mn>7</mn><mn>8</mn></mfrac></math></div></foreignObject><rect x="225" y="200" width="75" height="100" fill="#FFE5B4"/><foreignObject x="225" y="200" width="75" height="100"><!DOCTYPE html><div xmlns="http://www.w3.org/1999/xhtml" style="display:flex;align-items:center;justify-content:center;width:100%;height:100%;font-family:sans-serif;color:#333333;"><math xmlns="http://www.w3.org/1998/Math/MathML" display="inline" style="font-size:17.5px;"><mn>12</mn></math></div></foreignObject><rect x="0" y="0" width="75" height="100" fill="none" stroke="#e0e0e0" stroke-width="1.5"/><rect x="75" y="0" width="75" height="100" fill="none" stroke="#e0e0e0" stroke-width="1.5"/><rect x="150" y="0" width="75" height="100" fill="none" stroke="#e0e0e0" stroke-width="1.5"/><rect x="225" y="0" width="75" height="100" fill="none" stroke="#e0e0e0" stroke-width="1.5"/><rect x="0" y="100" width="75" height="100" fill="none" stroke="#e0e0e0" stroke-width="1.5"/><rect x="75" y="100" width="75" height="100" fill="none" stroke="#e0e0e0" stroke-width="1.5"/><rect x="150" y="100" width="75" height="100" fill="none" stroke="#e0e0e0" stroke-width="1.5"/><rect x="225" y="100" width="75" height="100" fill="none" stroke="#e0e0e0" stroke-width="1.5"/><rect x="0" y="200" width="75" height="100" fill="none" stroke="#e0e0e0" stroke-width="1.5"/><rect x="75" y="200" width="75" height="100" fill="none" stroke="#e0e0e0" stroke-width="1.5"/><rect x="150" y="200" width="75" height="100" fill="none" stroke="#e0e0e0" stroke-width="1.5"/><rect x="225" y="200" width="75" height="100" fill="none" stroke="#e0e0e0" stroke-width="1.5"/></svg>"
`;

exports[`Widget: box-grid should produce consistent output for example #2 1`] = `
"<svg width="342" height="342" viewBox="-21 -21 342 342" xmlns="http://www.w3.org/2000/svg" font-family="sans-serif"><defs><style>
        .cell-text {
            font-size: 14px;
            text-anchor: middle;
            dominant-baseline: middle;
        }
    </style></defs><rect x="0" y="0" width="100" height="150" fill="#4285F4"/><foreignObject x="0" y="0" width="100" height="150"><!DOCTYPE html><div xmlns="http://www.w3.org/1999/xhtml" style="display:flex;align-items:center;justify-content:center;width:100%;height:100%;font-family:sans-serif;color:#333333;"><math xmlns="http://www.w3.org/1998/Math/MathML" display="inline" style="font-size:17.5px;"><mn>2</mn><mo>+</mo><mn>3</mn></math></div></foreignObject><foreignObject x="100" y="0" width="100" height="150"><!DOCTYPE html><div xmlns="http://www.w3.org/1999/xhtml" style="display:flex;align-items:center;justify-content:center;width:100%;height:100%;font-family:sans-serif;color:#333333;"><math xmlns="http://www.w3.org/1998/Math/MathML" display="inline" style="font-size:17.5px;"><mn>0</mn></math></div></foreignObject><rect x="200" y="0" width="100" height="150" fill="#34A853"/><foreignObject x="200" y="0" width="100" height="150"><!DOCTYPE html><div xmlns="http://www.w3.org/1999/xhtml" style="display:flex;align-items:center;justify-content:center;width:100%;height:100%;font-family:sans-serif;color:#333333;"><math xmlns="http://www.w3.org/1998/Math/MathML" display="inline" style="font-size:17.5px;"><mn>5</mn></math></div></foreignObject><rect x="0" y="150" width="100" height="150" fill="#FF6B6B"/><foreignObject x="0" y="150" width="100" height="150"><!DOCTYPE html><div xmlns="http://www.w3.org/1999/xhtml" style="display:flex;align-items:center;justify-content:center;width:100%;height:100%;font-family:sans-serif;color:#333333;"><math xmlns="http://www.w3.org/1998/Math/MathML" display="inline" style="font-size:17.5px;"><mn>4</mn><mo>Ã—</mo><mn>6</mn></math></div></foreignObject><foreignObject x="100" y="150" width="100" height="150"><!DOCTYPE html><div xmlns="http://www.w3.org/1999/xhtml" style="display:flex;align-items:center;justify-content:center;width:100%;height:100%;font-family:sans-serif;color:#333333;"><math xmlns="http://www.w3.org/1998/Math/MathML" display="inline" style="font-size:17.5px;"><mn>0</mn></math></div></foreignObject><rect x="200" y="150" width="100" height="150" fill="#FFD93D"/><foreignObject x="200" y="150" width="100" height="150"><!DOCTYPE html><div xmlns="http://www.w3.org/1999/xhtml" style="display:flex;align-items:center;justify-content:center;width:100%;height:100%;font-family:sans-serif;color:#333333;"><math xmlns="http://www.w3.org/1998/Math/MathML" display="inline" style="font-size:17.5px;"><mn>24</mn></math></div></foreignObject><rect x="0" y="0" width="100" height="150" fill="none" stroke="#e0e0e0" stroke-width="1.5"/><rect x="100" y="0" width="100" height="150" fill="none" stroke="#e0e0e0" stroke-width="1.5"/><rect x="200" y="0" width="100" height="150" fill="none" stroke="#e0e0e0" stroke-width="1.5"/><rect x="0" y="150" width="100" height="150" fill="none" stroke="#e0e0e0" stroke-width="1.5"/><rect x="100" y="150" width="100" height="150" fill="none" stroke="#e0e0e0" stroke-width="1.5"/><rect x="200" y="150" width="100" height="150" fill="none" stroke="#e0e0e0" stroke-width="1.5"/></svg>"
`;
