// Bun Snapshot v1, https://bun.sh/docs/test/snapshots

exports[`Widget: circle-diagram should produce consistent output for example #1 1`] = `"<svg width="280" height="280" viewBox="-20 -20 280 280" xmlns="http://www.w3.org/2000/svg" font-family="sans-serif" font-size="12"><path d="M 20 120 A 100 100 0 0 1 220 120 A 100 100 0 0 1 20 120 M 60 120 A 60 60 0 0 1 180 120 A 60 60 0 0 1 60 120" fill="#CCFAFF80" fill-rule="evenodd"/><circle cx="120" cy="120" r="100" fill="#00000000" stroke="#11accd" stroke-width="2"/><circle cx="120" cy="120" r="60" fill="#ffffff" stroke="#000000" stroke-width="2"/><line x1="120" y1="120" x2="220" y2="120" stroke="#11accd" stroke-width="2"/><text x="200" y="130" font-size="12" text-anchor="middle" dominant-baseline="middle" fill="#333333">5 cm</text><line x1="120" y1="120" x2="120" y2="180" stroke="#1fab54" stroke-width="2"/><text x="110" y="150" font-size="12" text-anchor="middle" dominant-baseline="middle" fill="#333333">3 cm</text></svg>"`;
