// Bun Snapshot v1, https://goo.gl/fbAQLP

exports[`Widget: circle-angle-diagram should produce consistent output for example #1 1`] = `"<svg width="340" height="340" viewBox="-20 -20 340 340" xmlns="http://www.w3.org/2000/svg" font-family="sans-serif"><circle cx="150" cy="150" r="110" fill="none" stroke="#000000" stroke-width="1.5"/><path d="M 150 150 L 256.25184089179754 121.52990503872272 A 110 110 0 0 1 209.91029385165297 242.25376247399663 Z" fill="#FFD700" stroke="none"/><line x1="150" y1="150" x2="256.25184089179754" y2="121.52990503872272" stroke="#000000" stroke-width="2"/><line x1="150" y1="150" x2="209.91029385165297" y2="242.25376247399663" stroke="#000000" stroke-width="2"/><circle cx="150" cy="150" r="4" fill="#000000"/><circle cx="256.25184089179754" cy="121.52990503872272" r="4" fill="#000000"/><circle cx="209.91029385165297" cy="242.25376247399663" r="4" fill="#000000"/><text x="150" y="130" font-size="16" text-anchor="middle" dominant-baseline="middle" font-weight="700">O</text><text x="275.5703574175789" y="116.3535241366723" font-size="16" text-anchor="middle" dominant-baseline="middle" font-weight="700">A</text><text x="220.8030745519535" y="259.02717383290513" font-size="16" text-anchor="middle" dominant-baseline="middle" font-weight="700">B</text></svg>"`;

exports[`Widget: circle-angle-diagram should produce consistent output for example #2 1`] = `"<svg width="340" height="340" viewBox="-20 -20 340 340" xmlns="http://www.w3.org/2000/svg" font-family="sans-serif"><circle cx="150" cy="150" r="110" fill="none" stroke="#000000" stroke-width="1.5"/><path d="M 150 150 L 46.63381171355009 187.62221576582357 A 110 110 0 0 1 44.26121344678492 119.67989086013012 Z" fill="#FFD700" stroke="none"/><line x1="150" y1="150" x2="46.63381171355009" y2="187.62221576582357" stroke="#000000" stroke-width="2"/><line x1="150" y1="150" x2="44.26121344678492" y2="119.67989086013012" stroke="#000000" stroke-width="2"/><circle cx="150" cy="150" r="4" fill="#000000"/><circle cx="46.63381171355009" cy="187.62221576582357" r="4" fill="#000000"/><circle cx="44.26121344678492" cy="119.67989086013012" r="4" fill="#000000"/><text x="150" y="170" font-size="16" text-anchor="middle" dominant-baseline="middle" font-weight="700">O</text><text x="27.83995929783192" y="194.46261863233696" font-size="16" text-anchor="middle" dominant-baseline="middle" font-weight="700">B</text><text x="25.035979528018544" y="114.16714374379013" font-size="16" text-anchor="middle" dominant-baseline="middle" font-weight="700">A</text></svg>"`;

exports[`Widget: circle-angle-diagram should produce consistent output for example #3 1`] = `"<svg width="340" height="340" viewBox="-20 -20 340 340" xmlns="http://www.w3.org/2000/svg" font-family="sans-serif"><circle cx="150" cy="150" r="110" fill="none" stroke="#000000" stroke-width="1.5"/><path d="M 150 150 L 259.581416790092 140.4128682977576 A 110 110 0 0 1 257.18070712637586 174.74461597782516 Z" fill="#FFD700" stroke="none"/><line x1="150" y1="150" x2="259.581416790092" y2="140.4128682977576" stroke="#000000" stroke-width="2"/><line x1="150" y1="150" x2="257.18070712637586" y2="174.74461597782516" stroke="#000000" stroke-width="2"/><circle cx="150" cy="150" r="4" fill="#000000"/><circle cx="259.581416790092" cy="140.4128682977576" r="4" fill="#000000"/><circle cx="257.18070712637586" cy="174.74461597782516" r="4" fill="#000000"/><text x="150" y="170" font-size="16" text-anchor="middle" dominant-baseline="middle" font-weight="700">O</text><text x="279.5053107519269" y="138.66975344280442" font-size="16" text-anchor="middle" dominant-baseline="middle" font-weight="700">A</text><text x="276.6681084220806" y="179.24363706470245" font-size="16" text-anchor="middle" dominant-baseline="middle" font-weight="700">B</text></svg>"`;
