// Bun Snapshot v1, https://bun.sh/docs/test/snapshots

exports[`Widget: clock-diagram should produce consistent output for example #1 1`] = `"<svg width="340" height="340" viewBox="-20 -20 340 340" xmlns="http://www.w3.org/2000/svg" font-family="sans-serif"><circle cx="150" cy="150" r="130" fill="#fafafa" stroke="#000000" stroke-width="3"/><line x1="162.96152944518903" y1="26.67928497433411" x2="163.58870022479496" y2="20.71215360212446" stroke="#000000" stroke-width="1.5"/><line x1="175.78104966140216" y1="28.70969750900811" x2="177.02851980630874" y2="22.840811904605275" stroke="#000000" stroke-width="1.5"/><line x1="188.3181073024935" y1="32.06899197940096" x2="190.17220926874316" y2="26.36265288163004" stroke="#000000" stroke-width="1.5"/><line x1="200.4353437413992" y1="36.7203632523175" x2="202.87576359985403" y2="31.239090506461892" stroke="#000000" stroke-width="1.5"/><line x1="209" y1="47.80900235343623" x2="215" y2="37.41669750802296" stroke="#000000" stroke-width="3"/><line x1="222.88537128426668" y1="49.68189269750651" x2="226.41208279802152" y2="44.827790731256826" stroke="#000000" stroke-width="1.5"/><line x1="232.9721951884984" y1="57.85004164080311" x2="236.98697882665158" y2="53.39117268793875" stroke="#000000" stroke-width="1.5"/><line x1="242.1499583591969" y1="67.02780481150158" x2="246.60882731206124" y2="63.013021173348434" stroke="#000000" stroke-width="1.5"/><line x1="250.3181073024935" y1="77.11462871573333" x2="255.1722092687432" y2="73.5879172019785" stroke="#000000" stroke-width="1.5"/><line x1="252.19099764656374" y1="91" x2="262.583302491977" y2="85" stroke="#000000" stroke-width="3"/><line x1="263.2796367476825" y1="99.56465625860076" x2="268.7609094935381" y2="97.12423640014596" stroke="#000000" stroke-width="1.5"/><line x1="267.93100802059905" y1="111.68189269750653" x2="273.63734711837" y2="109.82779073125684" stroke="#000000" stroke-width="1.5"/><line x1="271.2903024909919" y1="124.21895033859786" x2="277.1591880953947" y2="122.9714801936913" stroke="#000000" stroke-width="1.5"/><line x1="273.3207150256659" y1="137.03847055481097" x2="279.28784639787557" y2="136.41129977520507" stroke="#000000" stroke-width="1.5"/><line x1="268" y1="150" x2="280" y2="150" stroke="#000000" stroke-width="3"/><line x1="273.3207150256659" y1="162.96152944518903" x2="279.28784639787557" y2="163.58870022479493" stroke="#000000" stroke-width="1.5"/><line x1="271.2903024909919" y1="175.78104966140214" x2="277.1591880953947" y2="177.02851980630868" stroke="#000000" stroke-width="1.5"/><line x1="267.93100802059905" y1="188.31810730249347" x2="273.63734711837" y2="190.17220926874316" stroke="#000000" stroke-width="1.5"/><line x1="263.2796367476825" y1="200.4353437413992" x2="268.7609094935381" y2="202.87576359985403" stroke="#000000" stroke-width="1.5"/><line x1="252.19099764656377" y1="208.99999999999997" x2="262.58330249197707" y2="214.99999999999997" stroke="#000000" stroke-width="3"/><line x1="250.3181073024935" y1="222.88537128426668" x2="255.1722092687432" y2="226.41208279802152" stroke="#000000" stroke-width="1.5"/><line x1="242.14995835919692" y1="232.9721951884984" x2="246.6088273120613" y2="236.98697882665152" stroke="#000000" stroke-width="1.5"/><line x1="232.9721951884984" y1="242.1499583591969" x2="236.98697882665152" y2="246.60882731206127" stroke="#000000" stroke-width="1.5"/><line x1="222.88537128426668" y1="250.3181073024935" x2="226.41208279802152" y2="255.1722092687432" stroke="#000000" stroke-width="1.5"/><line x1="209" y1="252.19099764656377" x2="215" y2="262.58330249197707" stroke="#000000" stroke-width="3"/><line x1="200.4353437413992" y1="263.2796367476825" x2="202.875763599854" y2="268.7609094935381" stroke="#000000" stroke-width="1.5"/><line x1="188.3181073024935" y1="267.93100802059905" x2="190.17220926874316" y2="273.63734711837" stroke="#000000" stroke-width="1.5"/><line x1="175.78104966140214" y1="271.2903024909919" x2="177.0285198063087" y2="277.1591880953947" stroke="#000000" stroke-width="1.5"/><line x1="162.96152944518906" y1="273.3207150256659" x2="163.588700224795" y2="279.28784639787557" stroke="#000000" stroke-width="1.5"/><line x1="150" y1="268" x2="150" y2="280" stroke="#000000" stroke-width="3"/><line x1="137.03847055481097" y1="273.3207150256659" x2="136.41129977520504" y2="279.28784639787557" stroke="#000000" stroke-width="1.5"/><line x1="124.21895033859786" y1="271.2903024909919" x2="122.97148019369132" y2="277.1591880953947" stroke="#000000" stroke-width="1.5"/><line x1="111.68189269750647" y1="267.93100802059905" x2="109.82779073125678" y2="273.6373471183699" stroke="#000000" stroke-width="1.5"/><line x1="99.56465625860082" y1="263.2796367476825" x2="97.12423640014602" y2="268.7609094935381" stroke="#000000" stroke-width="1.5"/><line x1="90.99999999999997" y1="252.19099764656374" x2="84.99999999999997" y2="262.583302491977" stroke="#000000" stroke-width="3"/><line x1="77.11462871573335" y1="250.3181073024935" x2="73.58791720197851" y2="255.1722092687432" stroke="#000000" stroke-width="1.5"/><line x1="67.02780481150158" y1="242.1499583591969" x2="63.013021173348434" y2="246.60882731206124" stroke="#000000" stroke-width="1.5"/><line x1="57.85004164080314" y1="232.97219518849846" x2="53.39117268793878" y2="236.98697882665158" stroke="#000000" stroke-width="1.5"/><line x1="49.68189269750653" y1="222.88537128426668" x2="44.82779073125684" y2="226.41208279802152" stroke="#000000" stroke-width="1.5"/><line x1="47.809002353436256" y1="209.00000000000006" x2="37.41669750802299" y2="215.00000000000006" stroke="#000000" stroke-width="3"/><line x1="36.72036325231748" y1="200.4353437413992" x2="31.239090506461878" y2="202.875763599854" stroke="#000000" stroke-width="1.5"/><line x1="32.06899197940096" y1="188.3181073024935" x2="26.36265288163004" y2="190.1722092687432" stroke="#000000" stroke-width="1.5"/><line x1="28.70969750900811" y1="175.78104966140222" x2="22.840811904605275" y2="177.02851980630876" stroke="#000000" stroke-width="1.5"/><line x1="26.67928497433411" y1="162.96152944518911" x2="20.71215360212446" y2="163.58870022479505" stroke="#000000" stroke-width="1.5"/><line x1="32" y1="150.00000000000003" x2="20" y2="150.00000000000003" stroke="#000000" stroke-width="3"/><line x1="26.67928497433411" y1="137.0384705548109" x2="20.71215360212446" y2="136.41129977520498" stroke="#000000" stroke-width="1.5"/><line x1="28.70969750900811" y1="124.21895033859782" x2="22.840811904605275" y2="122.97148019369126" stroke="#000000" stroke-width="1.5"/><line x1="32.06899197940095" y1="111.68189269750653" x2="26.362652881630027" y2="109.82779073125685" stroke="#000000" stroke-width="1.5"/><line x1="36.72036325231747" y1="99.56465625860082" x2="31.239090506461864" y2="97.12423640014603" stroke="#000000" stroke-width="1.5"/><line x1="47.80900235343624" y1="90.99999999999999" x2="37.41669750802298" y2="84.99999999999999" stroke="#000000" stroke-width="3"/><line x1="49.68189269750651" y1="77.11462871573335" x2="44.827790731256826" y2="73.58791720197851" stroke="#000000" stroke-width="1.5"/><line x1="57.850041640803155" y1="67.02780481150154" x2="53.39117268793879" y2="63.01302117334839" stroke="#000000" stroke-width="1.5"/><line x1="67.02780481150151" y1="57.85004164080317" x2="63.01302117334836" y2="53.391172687938806" stroke="#000000" stroke-width="1.5"/><line x1="77.11462871573332" y1="49.68189269750653" x2="73.58791720197848" y2="44.82779073125684" stroke="#000000" stroke-width="1.5"/><line x1="90.99999999999994" y1="47.80900235343627" x2="84.99999999999994" y2="37.416697508023006" stroke="#000000" stroke-width="3"/><line x1="99.56465625860079" y1="36.72036325231748" x2="97.12423640014599" y2="31.239090506461878" stroke="#000000" stroke-width="1.5"/><line x1="111.6818926975065" y1="32.06899197940096" x2="109.82779073125681" y2="26.36265288163004" stroke="#000000" stroke-width="1.5"/><line x1="124.21895033859778" y1="28.70969750900811" x2="122.97148019369124" y2="22.840811904605275" stroke="#000000" stroke-width="1.5"/><line x1="137.03847055481089" y1="26.67928497433411" x2="136.41129977520495" y2="20.71215360212446" stroke="#000000" stroke-width="1.5"/><line x1="149.99999999999997" y1="32" x2="149.99999999999997" y2="20" stroke="#000000" stroke-width="3"/><text x="201" y="61.665408813987256" font-size="19" text-anchor="middle" dominant-baseline="middle" font-weight="700">1</text><text x="238.33459118601274" y="99" font-size="19" text-anchor="middle" dominant-baseline="middle" font-weight="700">2</text><text x="252" y="150" font-size="19" text-anchor="middle" dominant-baseline="middle" font-weight="700">3</text><text x="238.33459118601274" y="201" font-size="19" text-anchor="middle" dominant-baseline="middle" font-weight="700">4</text><text x="201" y="238.33459118601274" font-size="19" text-anchor="middle" dominant-baseline="middle" font-weight="700">5</text><text x="150" y="252" font-size="19" text-anchor="middle" dominant-baseline="middle" font-weight="700">6</text><text x="98.99999999999997" y="238.33459118601274" font-size="19" text-anchor="middle" dominant-baseline="middle" font-weight="700">7</text><text x="61.66540881398727" y="201.00000000000003" font-size="19" text-anchor="middle" dominant-baseline="middle" font-weight="700">8</text><text x="48" y="150" font-size="19" text-anchor="middle" dominant-baseline="middle" font-weight="700">9</text><text x="61.66540881398727" y="98.99999999999999" font-size="19" text-anchor="middle" dominant-baseline="middle" font-weight="700">10</text><text x="98.99999999999996" y="61.665408813987284" font-size="19" text-anchor="middle" dominant-baseline="middle" font-weight="700">11</text><text x="149.99999999999997" y="48" font-size="19" text-anchor="middle" dominant-baseline="middle" font-weight="700">12</text><line x1="150" y1="150" x2="150" y2="64.2" stroke="#000000" stroke-width="4" stroke-linecap="round"/><line x1="150" y1="150" x2="192.78165494695128" y2="125.3" stroke="#000000" stroke-width="6" stroke-linecap="round"/><circle cx="150" cy="150" r="6" fill="#000000"/></svg>"`;
