// Bun Snapshot v1, https://bun.sh/docs/test/snapshots

exports[`Widget: composite-shape-diagram should produce consistent output for compositeShapeExample 1`] = `"<svg width="582" height="380" viewBox="-62 -20 582 380" xmlns="http://www.w3.org/2000/svg" font-family="sans-serif" font-size="11"><polygon points="20,31.999840437340453 20,215.9995213120213 480,215.9995213120213" fill="#bc26124d" stroke="none"/><polygon points="20,215.9995213120213 112.00063825063825,308.0001595626596 112.00063825063825,215.9995213120213" fill="#e07d104d" stroke="none"/><polygon points="112.00063825063825,215.9995213120213 112.00063825063825,308.0001595626596 203.99968087468088,308.0001595626596 203.99968087468088,215.9995213120213" fill="#ca337c4d" stroke="none"/><polygon points="203.99968087468088,215.9995213120213 203.99968087468088,308.0001595626596 480,215.9995213120213" fill="#01a9954d" stroke="none"/><path d="M 20 31.999840437340453 L 20 215.9995213120213 L 112.00063825063825 308.0001595626596 L 203.99968087468088 308.0001595626596 L 480 215.9995213120213 L 20 31.999840437340453 Z" fill="none" stroke="#000000" stroke-width="2"/><text x="-12" y="123.99968087468088" font-size="14" text-anchor="middle" dominant-baseline="middle" font-weight="700" fill="#333333">4 units</text><line x1="20" y1="215.9995213120213" x2="112.00063825063825" y2="215.9995213120213" stroke="#000000" stroke-width="1.5" stroke-dasharray="5 3"/><line x1="112.00063825063825" y1="215.9995213120213" x2="203.99968087468088" y2="215.9995213120213" stroke="#000000" stroke-width="1.5" stroke-dasharray="5 3"/><line x1="203.99968087468088" y1="215.9995213120213" x2="480" y2="215.9995213120213" stroke="#000000" stroke-width="1.5" stroke-dasharray="5 3"/><line x1="112.00063825063825" y1="215.9995213120213" x2="112.00063825063825" y2="308.0001595626596" stroke="#000000" stroke-width="1.5" stroke-dasharray="5 3"/><line x1="203.99968087468088" y1="215.9995213120213" x2="203.99968087468088" y2="308.0001595626596" stroke="#000000" stroke-width="1.5" stroke-dasharray="5 3"/><text x="66.00031912531912" y="225.9995213120213" font-size="12" text-anchor="middle" dominant-baseline="middle" fill="#333333" stroke="#fafafa" stroke-width="3" paint-order="stroke fill">2 units</text><text x="158.00015956265958" y="225.9995213120213" font-size="12" text-anchor="middle" dominant-baseline="middle" fill="#333333" stroke="#fafafa" stroke-width="3" paint-order="stroke fill">2 units</text><text x="341.9998404373404" y="225.9995213120213" font-size="12" text-anchor="middle" dominant-baseline="middle" fill="#333333" stroke="#fafafa" stroke-width="3" paint-order="stroke fill">6 units</text><text x="140.00063825063825" y="261.9998404373404" font-size="12" text-anchor="middle" dominant-baseline="middle" fill="#333333" stroke="#fafafa" stroke-width="3" paint-order="stroke fill">2 units</text><text x="175.99968087468088" y="261.9998404373404" font-size="12" text-anchor="middle" dominant-baseline="middle" fill="#333333" stroke="#fafafa" stroke-width="3" paint-order="stroke fill">2 units</text><text x="149.5186063936064" y="139.09351065601066" font-size="14" text-anchor="middle" dominant-baseline="middle" font-weight="700" fill="#333333">A</text><text x="61.75914363414364" y="274.7217712842713" font-size="14" text-anchor="middle" dominant-baseline="middle" font-weight="700" fill="#333333">B</text><text x="157.49673937173938" y="266.74363830613834" font-size="14" text-anchor="middle" dominant-baseline="middle" font-weight="700" fill="#333333">C</text><text x="325.0375319125319" y="250.78737234987236" font-size="14" text-anchor="middle" dominant-baseline="middle" font-weight="700" fill="#333333">D</text><path d="M 20 205.9995213120213 L 30 205.9995213120213 L 30 215.9995213120213" fill="none" stroke="#000000" stroke-width="1.5"/><path d="M 102.00063825063822 215.9995213120213 L 102.00063825063822 225.99952131202133 L 112.00063825063825 225.99952131202133" fill="none" stroke="#000000" stroke-width="1.5"/><path d="M 213.99968087468088 215.9995213120213 L 213.99968087468088 225.99952131202133 L 203.99968087468088 225.99952131202133" fill="none" stroke="#000000" stroke-width="1.5"/></svg>"`;

exports[`Widget: composite-shape-diagram should produce consistent output for circleWithRectangleExample 1`] = `"<svg width="440" height="440" viewBox="-20 -20 440 440" xmlns="http://www.w3.org/2000/svg" font-family="sans-serif" font-size="11"><polygon points="380,200 366.3036363636364,268.8909090909091 327.2763636363636,327.2763636363636 268.8909090909091,366.3036363636364 200,380 131.10909090909092,366.3036363636364 72.72363636363636,327.2763636363636 33.69636363636363,268.8909090909091 20,200 33.69636363636363,131.10909090909092 72.72363636363636,72.72363636363636 131.10909090909092,33.69636363636363 200,20 268.8909090909091,33.69636363636363 327.2763636363636,72.72363636363636 366.3036363636364,131.10909090909092" fill="#ccfaff80" stroke="none"/><polygon points="167.27272727272728,150.9090909090909 232.72727272727272,150.9090909090909 232.72727272727272,249.0909090909091 167.27272727272728,249.0909090909091" fill="#ffffff" stroke="none"/><line x1="380" y1="200" x2="366.3036363636364" y2="268.8909090909091" stroke="#000000" stroke-width="1.5"/><line x1="366.3036363636364" y1="268.8909090909091" x2="327.2763636363636" y2="327.2763636363636" stroke="#000000" stroke-width="1.5"/><line x1="327.2763636363636" y1="327.2763636363636" x2="268.8909090909091" y2="366.3036363636364" stroke="#000000" stroke-width="1.5"/><line x1="268.8909090909091" y1="366.3036363636364" x2="200" y2="380" stroke="#000000" stroke-width="1.5"/><line x1="200" y1="380" x2="131.10909090909092" y2="366.3036363636364" stroke="#000000" stroke-width="1.5"/><line x1="131.10909090909092" y1="366.3036363636364" x2="72.72363636363636" y2="327.2763636363636" stroke="#000000" stroke-width="1.5"/><line x1="72.72363636363636" y1="327.2763636363636" x2="33.69636363636363" y2="268.8909090909091" stroke="#000000" stroke-width="1.5"/><line x1="33.69636363636363" y1="268.8909090909091" x2="20" y2="200" stroke="#000000" stroke-width="1.5"/><line x1="20" y1="200" x2="33.69636363636363" y2="131.10909090909092" stroke="#000000" stroke-width="1.5"/><line x1="33.69636363636363" y1="131.10909090909092" x2="72.72363636363636" y2="72.72363636363636" stroke="#000000" stroke-width="1.5"/><line x1="72.72363636363636" y1="72.72363636363636" x2="131.10909090909092" y2="33.69636363636363" stroke="#000000" stroke-width="1.5"/><line x1="131.10909090909092" y1="33.69636363636363" x2="200" y2="20" stroke="#000000" stroke-width="1.5"/><line x1="200" y1="20" x2="268.8909090909091" y2="33.69636363636363" stroke="#000000" stroke-width="1.5"/><line x1="268.8909090909091" y1="33.69636363636363" x2="327.2763636363636" y2="72.72363636363636" stroke="#000000" stroke-width="1.5"/><line x1="327.2763636363636" y1="72.72363636363636" x2="366.3036363636364" y2="131.10909090909092" stroke="#000000" stroke-width="1.5"/><line x1="366.3036363636364" y1="131.10909090909092" x2="380" y2="200" stroke="#000000" stroke-width="1.5"/><path d="M 380 200 L 366.3036363636364 268.8909090909091 L 327.2763636363636 327.2763636363636 L 268.8909090909091 366.3036363636364 L 200 380 L 131.10909090909092 366.3036363636364 L 72.72363636363636 327.2763636363636 L 33.69636363636363 268.8909090909091 L 20 200 L 33.69636363636363 131.10909090909092 L 72.72363636363636 72.72363636363636 L 131.10909090909092 33.69636363636363 L 200 20 L 268.8909090909091 33.69636363636363 L 327.2763636363636 72.72363636363636 L 366.3036363636364 131.10909090909092 L 380 200 Z" fill="none" stroke="#000000" stroke-width="2"/><line x1="200" y1="200" x2="380" y2="200" stroke="#000000" stroke-width="1.5"/><line x1="167.27272727272728" y1="150.9090909090909" x2="232.72727272727272" y2="150.9090909090909" stroke="#000000" stroke-width="1.5"/><line x1="232.72727272727272" y1="150.9090909090909" x2="232.72727272727272" y2="249.0909090909091" stroke="#000000" stroke-width="1.5"/><line x1="232.72727272727272" y1="249.0909090909091" x2="167.27272727272728" y2="249.0909090909091" stroke="#000000" stroke-width="1.5"/><line x1="167.27272727272728" y1="249.0909090909091" x2="167.27272727272728" y2="150.9090909090909" stroke="#000000" stroke-width="1.5"/><text x="290" y="210" font-size="12" text-anchor="middle" dominant-baseline="middle" fill="#333333" stroke="#fafafa" stroke-width="3" paint-order="stroke fill">11 cm</text><text x="200" y="160.9090909090909" font-size="12" text-anchor="middle" dominant-baseline="middle" fill="#333333" stroke="#fafafa" stroke-width="3" paint-order="stroke fill">4 cm</text><text x="182.72727272727272" y="200" font-size="12" text-anchor="middle" dominant-baseline="middle" fill="#333333" stroke="#fafafa" stroke-width="3" paint-order="stroke fill">6 cm</text></svg>"`;

exports[`Widget: composite-shape-diagram composite-shape-diagram migrated example #1 1`] = `"<svg width="451" height="451" viewBox="-131 -131 451 451" xmlns="http://www.w3.org/2000/svg" font-family="sans-serif" font-size="11"><circle cx="0" cy="0" r="110" fill="none" stroke="#333333" stroke-width="1.5"/><polyline points="-20,-30 20,-30 20,30 -20,30" stroke="#333333" stroke-width="1.5" fill="none"/><path d="M 110 0 A 110 110 0 1 1 -110 0 A 110 110 0 1 1 110 0 Z M -20 -30 L 20 -30 L 20 30 L -20 30 Z" fill="#ccfaff80" fill-rule="evenodd"/><path d="Z" fill="none" stroke="#000000" stroke-width="2"/><line x1="0" y1="0" x2="110" y2="0" stroke="#ff0000" stroke-width="1.5"/><line x1="-20" y1="-30" x2="20" y2="-30" stroke="#000000" stroke-width="1.5"/><line x1="20" y1="-30" x2="20" y2="30" stroke="#000000" stroke-width="1.5"/><line x1="20" y1="30" x2="-20" y2="30" stroke="#000000" stroke-width="1.5"/><line x1="-20" y1="30" x2="-20" y2="-30" stroke="#000000" stroke-width="1.5"/><text x="60.50000000000001" y="-8" font-size="12" text-anchor="middle" dominant-baseline="middle" fill="#ff0000" stroke="#fafafa" stroke-width="3" paint-order="stroke fill">11 cm</text><text x="0" y="-20" font-size="12" text-anchor="middle" dominant-baseline="middle" fill="#333333" stroke="#fafafa" stroke-width="3" paint-order="stroke fill">6 cm</text><text x="-36" y="0" font-size="12" text-anchor="middle" dominant-baseline="middle" fill="#333333" stroke="#fafafa" stroke-width="3" paint-order="stroke fill">4 cm</text></svg>"`;

exports[`Widget: composite-shape-diagram composite-shape-diagram migrated example #2 1`] = `"<svg width="461" height="461" viewBox="-141 -141 461 461" xmlns="http://www.w3.org/2000/svg" font-family="sans-serif" font-size="11"><circle cx="0" cy="0" r="120" fill="none" stroke="#333333" stroke-width="1.5"/><polyline points="-25,-55 25,-55 25,55 -25,55" stroke="#333333" stroke-width="1.5" fill="none"/><path d="M 120 0 A 120 120 0 1 1 -120 0 A 120 120 0 1 1 120 0 Z M -25 -55 L 25 -55 L 25 55 L -25 55 Z" fill="#ccfaff80" fill-rule="evenodd"/><path d="Z" fill="none" stroke="#000000" stroke-width="2"/><line x1="0" y1="0" x2="120" y2="0" stroke="#ff0000" stroke-width="1.5"/><line x1="-25" y1="-55" x2="25" y2="-55" stroke="#000000" stroke-width="1.5"/><line x1="25" y1="-55" x2="25" y2="55" stroke="#000000" stroke-width="1.5"/><line x1="25" y1="55" x2="-25" y2="55" stroke="#000000" stroke-width="1.5"/><line x1="-25" y1="55" x2="-25" y2="-55" stroke="#000000" stroke-width="1.5"/><text x="68.5" y="-8" font-size="12" text-anchor="middle" dominant-baseline="middle" fill="#ff0000" stroke="#fafafa" stroke-width="3" paint-order="stroke fill">12 cm</text><text x="0" y="-45" font-size="12" text-anchor="middle" dominant-baseline="middle" fill="#333333" stroke="#fafafa" stroke-width="3" paint-order="stroke fill">5 cm</text><text x="-45" y="0" font-size="12" text-anchor="middle" dominant-baseline="middle" fill="#333333" stroke="#fafafa" stroke-width="3" paint-order="stroke fill">11 cm</text></svg>"`;

exports[`Widget: composite-shape-diagram composite-shape-diagram migrated example #3 1`] = `"<svg width="340" height="340" viewBox="-20 -20 340 340" xmlns="http://www.w3.org/2000/svg" font-family="sans-serif" font-size="11"><polyline points="35,35 140,35 140,140 35,140" stroke="#333333" stroke-width="1.5" fill="none"/><circle cx="87.5" cy="87.5" r="35" fill="none" stroke="#333333" stroke-width="1.5"/><path d="M 35 35 L 140 35 L 140 140 L 35 140 Z M 122.5 87.5 A 35 35 0 1 1 52.5 87.5 A 35 35 0 1 1 122.5 87.5 Z" fill="#ccfaff80" fill-rule="evenodd"/><path d="Z" fill="none" stroke="#000000" stroke-width="2"/><line x1="87.5" y1="87.5" x2="122.5" y2="87.5" stroke="#ff0000" stroke-width="1.5"/><line x1="35" y1="35" x2="140" y2="35" stroke="#000000" stroke-width="1.5"/><line x1="140" y1="35" x2="140" y2="140" stroke="#000000" stroke-width="1.5"/><line x1="140" y1="140" x2="35" y2="140" stroke="#000000" stroke-width="1.5"/><line x1="35" y1="140" x2="35" y2="35" stroke="#000000" stroke-width="1.5"/><text x="105" y="79.5" font-size="12" text-anchor="middle" dominant-baseline="middle" fill="#ff0000" stroke="#fafafa" stroke-width="3" paint-order="stroke fill">1 cm</text><text x="87.5" y="45" font-size="12" text-anchor="middle" dominant-baseline="middle" fill="#333333" stroke="#fafafa" stroke-width="3" paint-order="stroke fill">3 cm</text><text x="156" y="87.5" font-size="12" text-anchor="middle" dominant-baseline="middle" fill="#333333" stroke="#fafafa" stroke-width="3" paint-order="stroke fill">3 cm</text></svg>"`;

exports[`Widget: composite-shape-diagram composite-shape-diagram migrated example #4 1`] = `"<svg width="400" height="400" viewBox="-20 -20 400 400" xmlns="http://www.w3.org/2000/svg" font-family="sans-serif" font-size="11"><circle cx="180" cy="180" r="160" fill="none" stroke="#333333" stroke-width="1.5"/><polyline points="60,160 300,160 300,200 60,200" stroke="#333333" stroke-width="1.5" fill="none"/><path d="M 340 180 A 160 160 0 1 1 20 180 A 160 160 0 1 1 340 180 Z M 60 160 L 300 160 L 300 200 L 60 200 Z" fill="#ccfaff80" fill-rule="evenodd"/><path d="Z" fill="none" stroke="#000000" stroke-width="2"/><line x1="180" y1="180" x2="340" y2="180" stroke="#ff0000" stroke-width="1.5"/><line x1="60" y1="160" x2="300" y2="160" stroke="#000000" stroke-width="1.5"/><line x1="300" y1="160" x2="300" y2="200" stroke="#000000" stroke-width="1.5"/><line x1="300" y1="200" x2="60" y2="200" stroke="#000000" stroke-width="1.5"/><line x1="60" y1="200" x2="60" y2="160" stroke="#000000" stroke-width="1.5"/><text x="242.5" y="172" font-size="12" text-anchor="middle" dominant-baseline="middle" fill="#ff0000" stroke="#fafafa" stroke-width="3" paint-order="stroke fill">8 cm</text><text x="180" y="170" font-size="12" text-anchor="middle" dominant-baseline="middle" fill="#333333" stroke="#fafafa" stroke-width="3" paint-order="stroke fill">12 cm</text><text x="76" y="180" font-size="12" text-anchor="middle" dominant-baseline="middle" fill="#333333" stroke="#fafafa" stroke-width="3" paint-order="stroke fill">2 cm</text></svg>"`;

exports[`Widget: composite-shape-diagram composite-shape-diagram migrated example #5 1`] = `"<svg width="340" height="340" viewBox="-20 -20 340 340" xmlns="http://www.w3.org/2000/svg" font-family="sans-serif" font-size="11"><circle cx="140" cy="140" r="120" fill="none" stroke="#333333" stroke-width="1.5"/><polyline points="70,90 210,90 210,190 70,190" stroke="#333333" stroke-width="1.5" fill="none"/><path d="M 260 140 A 120 120 0 1 1 20 140 A 120 120 0 1 1 260 140 Z M 70 90 L 210 90 L 210 190 L 70 190 Z" fill="#ccfaff" fill-rule="evenodd"/><path d="Z" fill="none" stroke="#000000" stroke-width="2"/><line x1="140" y1="140" x2="260" y2="140" stroke="#ff0000" stroke-width="1.5"/><line x1="70" y1="90" x2="210" y2="90" stroke="#000000" stroke-width="1.5"/><line x1="210" y1="90" x2="210" y2="190" stroke="#000000" stroke-width="1.5"/><line x1="210" y1="190" x2="70" y2="190" stroke="#000000" stroke-width="1.5"/><line x1="70" y1="190" x2="70" y2="90" stroke="#000000" stroke-width="1.5"/><text x="179" y="132" font-size="12" text-anchor="middle" dominant-baseline="middle" fill="#ff0000" stroke="#fafafa" stroke-width="3" paint-order="stroke fill">6 cm</text><text x="140" y="100" font-size="12" text-anchor="middle" dominant-baseline="middle" fill="#333333" stroke="#fafafa" stroke-width="3" paint-order="stroke fill">7 cm</text><text x="86" y="140" font-size="12" text-anchor="middle" dominant-baseline="middle" fill="#333333" stroke="#fafafa" stroke-width="3" paint-order="stroke fill">5 cm</text></svg>"`;

exports[`Widget: composite-shape-diagram composite-shape-diagram migrated example #6 1`] = `"<svg width="340" height="340" viewBox="-20 -20 340 340" xmlns="http://www.w3.org/2000/svg" font-family="sans-serif" font-size="11"><circle cx="100" cy="100" r="80" fill="none" stroke="#333333" stroke-width="1.5"/><polyline points="70,80 130,80 130,120 70,120" stroke="#333333" stroke-width="1.5" fill="none"/><path d="M 180 100 A 80 80 0 1 1 20 100 A 80 80 0 1 1 180 100 Z M 70 80 L 130 80 L 130 120 L 70 120 Z" fill="#ccfaff80" fill-rule="evenodd"/><path d="Z" fill="none" stroke="#000000" stroke-width="2"/><line x1="100" y1="100" x2="180" y2="100" stroke="#ff0000" stroke-width="1.5"/><line x1="70" y1="80" x2="130" y2="80" stroke="#000000" stroke-width="1.5"/><line x1="130" y1="80" x2="130" y2="120" stroke="#000000" stroke-width="1.5"/><line x1="130" y1="120" x2="70" y2="120" stroke="#000000" stroke-width="1.5"/><line x1="70" y1="120" x2="70" y2="80" stroke="#000000" stroke-width="1.5"/><text x="149" y="92" font-size="12" text-anchor="middle" dominant-baseline="middle" fill="#ff0000" stroke="#fafafa" stroke-width="3" paint-order="stroke fill">4 cm</text><text x="100" y="90" font-size="12" text-anchor="middle" dominant-baseline="middle" fill="#333333" stroke="#fafafa" stroke-width="3" paint-order="stroke fill">3 cm</text><text x="54" y="100" font-size="12" text-anchor="middle" dominant-baseline="middle" fill="#333333" stroke="#fafafa" stroke-width="3" paint-order="stroke fill">2 cm</text></svg>"`;

exports[`Widget: composite-shape-diagram composite-shape-diagram migrated example #7 1`] = `"<svg width="390" height="390" viewBox="-20 -20 390 390" xmlns="http://www.w3.org/2000/svg" font-family="sans-serif" font-size="11"><polyline points="25,25 300,25 300,325 25,325" stroke="#333333" stroke-width="1.5" fill="none"/><circle cx="162.5" cy="175" r="25" fill="none" stroke="#333333" stroke-width="1.5"/><path d="M 25 25 L 300 25 L 300 325 L 25 325 Z M 187.5 175 A 25 25 0 1 1 137.5 175 A 25 25 0 1 1 187.5 175 Z" fill="#ccfaff80" fill-rule="evenodd"/><path d="Z" fill="none" stroke="#000000" stroke-width="2"/><line x1="162.5" y1="175" x2="187.5" y2="175" stroke="#ff0000" stroke-width="1.5"/><line x1="25" y1="25" x2="300" y2="25" stroke="#000000" stroke-width="1.5"/><line x1="300" y1="25" x2="300" y2="325" stroke="#000000" stroke-width="1.5"/><line x1="300" y1="325" x2="25" y2="325" stroke="#000000" stroke-width="1.5"/><line x1="25" y1="325" x2="25" y2="25" stroke="#000000" stroke-width="1.5"/><text x="175" y="167" font-size="12" text-anchor="middle" dominant-baseline="middle" fill="#ff0000" stroke="#fafafa" stroke-width="3" paint-order="stroke fill">1 cm</text><text x="162.5" y="35" font-size="12" text-anchor="middle" dominant-baseline="middle" fill="#333333" stroke="#fafafa" stroke-width="3" paint-order="stroke fill">11 cm</text><text x="280" y="175" font-size="12" text-anchor="middle" dominant-baseline="middle" fill="#333333" stroke="#fafafa" stroke-width="3" paint-order="stroke fill">12 cm</text><path d="M 35 25 L 35 35 L 25 35" fill="none" stroke="#000000" stroke-width="1.5"/><path d="M 290 25 L 290 35 L 300 35" fill="none" stroke="#000000" stroke-width="1.5"/><path d="M 300 315 L 290 315 L 290 325" fill="none" stroke="#000000" stroke-width="1.5"/><path d="M 25 315 L 35 315 L 35 325" fill="none" stroke="#000000" stroke-width="1.5"/></svg>"`;

exports[`Widget: composite-shape-diagram composite-shape-diagram migrated example #8 1`] = `"<svg width="340" height="340" viewBox="-20 -20 340 340" xmlns="http://www.w3.org/2000/svg" font-family="sans-serif" font-size="11"><polyline points="25,25 225,25 225,200 25,200" stroke="#333333" stroke-width="1.5" fill="none"/><circle cx="125" cy="112.5" r="75" fill="none" stroke="#333333" stroke-width="1.5"/><path d="M 25 25 L 225 25 L 225 200 L 25 200 Z M 200 112.5 A 75 75 0 1 1 50 112.5 A 75 75 0 1 1 200 112.5 Z" fill="#ccfaff80" fill-rule="evenodd"/><path d="Z" fill="none" stroke="#000000" stroke-width="2"/><line x1="125" y1="112.5" x2="200" y2="112.5" stroke="#ff0000" stroke-width="1.5"/><line x1="25" y1="25" x2="225" y2="25" stroke="#000000" stroke-width="1.5"/><line x1="225" y1="25" x2="225" y2="200" stroke="#000000" stroke-width="1.5"/><line x1="225" y1="200" x2="25" y2="200" stroke="#000000" stroke-width="1.5"/><line x1="25" y1="200" x2="25" y2="25" stroke="#000000" stroke-width="1.5"/><text x="162.5" y="104.5" font-size="12" text-anchor="middle" dominant-baseline="middle" fill="#ff0000" stroke="#fafafa" stroke-width="3" paint-order="stroke fill">3 cm</text><text x="125" y="35" font-size="12" text-anchor="middle" dominant-baseline="middle" fill="#333333" stroke="#fafafa" stroke-width="3" paint-order="stroke fill">8 cm</text><text x="241" y="112.5" font-size="12" text-anchor="middle" dominant-baseline="middle" fill="#333333" stroke="#fafafa" stroke-width="3" paint-order="stroke fill">7 cm</text><path d="M 35 25 L 35 35 L 25 35" fill="none" stroke="#000000" stroke-width="1.5"/><path d="M 215 25 L 215 35 L 225 35" fill="none" stroke="#000000" stroke-width="1.5"/><path d="M 225 190 L 215 190 L 215 200" fill="none" stroke="#000000" stroke-width="1.5"/><path d="M 25 190 L 35 190 L 35 200" fill="none" stroke="#000000" stroke-width="1.5"/></svg>"`;

exports[`Widget: composite-shape-diagram composite-shape-diagram migrated example #9 1`] = `"<svg width="340" height="340" viewBox="-20 -20 340 340" xmlns="http://www.w3.org/2000/svg" font-family="sans-serif" font-size="11"><polyline points="35,35 140,35 140,175 35,175" stroke="#333333" stroke-width="1.5" fill="none"/><circle cx="87.5" cy="105" r="35" fill="none" stroke="#333333" stroke-width="1.5"/><path d="M 35 35 L 140 35 L 140 175 L 35 175 Z M 122.5 105 A 35 35 0 1 1 52.5 105 A 35 35 0 1 1 122.5 105 Z" fill="#ccfaff80" fill-rule="evenodd"/><path d="Z" fill="none" stroke="#000000" stroke-width="2"/><line x1="87.5" y1="105" x2="122.5" y2="105" stroke="#ff0000" stroke-width="1.5"/><line x1="35" y1="35" x2="140" y2="35" stroke="#000000" stroke-width="1.5"/><line x1="140" y1="35" x2="140" y2="175" stroke="#000000" stroke-width="1.5"/><line x1="140" y1="175" x2="35" y2="175" stroke="#000000" stroke-width="1.5"/><line x1="35" y1="175" x2="35" y2="35" stroke="#000000" stroke-width="1.5"/><text x="105" y="97" font-size="12" text-anchor="middle" dominant-baseline="middle" fill="#ff0000" stroke="#fafafa" stroke-width="3" paint-order="stroke fill">1 cm</text><text x="87.5" y="45" font-size="12" text-anchor="middle" dominant-baseline="middle" fill="#333333" stroke="#fafafa" stroke-width="3" paint-order="stroke fill">3 cm</text><text x="156" y="105" font-size="12" text-anchor="middle" dominant-baseline="middle" fill="#333333" stroke="#fafafa" stroke-width="3" paint-order="stroke fill">4 cm</text><path d="M 45 35 L 45 45 L 35 45" fill="none" stroke="#000000" stroke-width="1.5"/><path d="M 130 35 L 130 45 L 140 45" fill="none" stroke="#000000" stroke-width="1.5"/><path d="M 140 165 L 130 165 L 130 175" fill="none" stroke="#000000" stroke-width="1.5"/><path d="M 35 165 L 45 165 L 45 175" fill="none" stroke="#000000" stroke-width="1.5"/></svg>"`;

exports[`Widget: composite-shape-diagram composite-shape-diagram migrated example #10 1`] = `"<svg width="390" height="390" viewBox="-20 -20 390 390" xmlns="http://www.w3.org/2000/svg" font-family="sans-serif" font-size="11"><polyline points="25,25 300,25 300,325 25,325" stroke="#333333" stroke-width="1.5" fill="none"/><circle cx="162.5" cy="175" r="50" fill="none" stroke="#333333" stroke-width="1.5"/><path d="M 25 25 L 300 25 L 300 325 L 25 325 Z M 212.5 175 A 50 50 0 1 1 112.5 175 A 50 50 0 1 1 212.5 175 Z" fill="#ccfaff80" fill-rule="evenodd"/><path d="Z" fill="none" stroke="#000000" stroke-width="2"/><line x1="162.5" y1="175" x2="212.5" y2="175" stroke="#ff0000" stroke-width="1.5"/><line x1="25" y1="25" x2="300" y2="25" stroke="#000000" stroke-width="1.5"/><line x1="300" y1="25" x2="300" y2="325" stroke="#000000" stroke-width="1.5"/><line x1="300" y1="325" x2="25" y2="325" stroke="#000000" stroke-width="1.5"/><line x1="25" y1="325" x2="25" y2="25" stroke="#000000" stroke-width="1.5"/><text x="187.5" y="167" font-size="12" text-anchor="middle" dominant-baseline="middle" fill="#ff0000" stroke="#fafafa" stroke-width="3" paint-order="stroke fill">2 cm</text><text x="162.5" y="35" font-size="12" text-anchor="middle" dominant-baseline="middle" fill="#333333" stroke="#fafafa" stroke-width="3" paint-order="stroke fill">11 cm</text><text x="280" y="175" font-size="12" text-anchor="middle" dominant-baseline="middle" fill="#333333" stroke="#fafafa" stroke-width="3" paint-order="stroke fill">12 cm</text></svg>"`;

exports[`Widget: composite-shape-diagram composite-shape-diagram migrated example #11 1`] = `"<svg width="390" height="365" viewBox="-20 -20 390 365" xmlns="http://www.w3.org/2000/svg" font-family="sans-serif" font-size="11"><polyline points="25,25 300,25 300,300 25,300" stroke="#333333" stroke-width="1.5" fill="none"/><circle cx="162.5" cy="162.5" r="125" fill="none" stroke="#333333" stroke-width="1.5"/><path d="M 25 25 L 300 25 L 300 300 L 25 300 Z M 287.5 162.5 A 125 125 0 1 1 37.5 162.5 A 125 125 0 1 1 287.5 162.5 Z" fill="#ccfaff80" fill-rule="evenodd"/><path d="Z" fill="none" stroke="#000000" stroke-width="2"/><line x1="162.5" y1="162.5" x2="287.5" y2="162.5" stroke="#ff0000" stroke-width="1.5"/><line x1="25" y1="25" x2="300" y2="25" stroke="#000000" stroke-width="1.5"/><line x1="300" y1="25" x2="300" y2="300" stroke="#000000" stroke-width="1.5"/><line x1="300" y1="300" x2="25" y2="300" stroke="#000000" stroke-width="1.5"/><line x1="25" y1="300" x2="25" y2="25" stroke="#000000" stroke-width="1.5"/><text x="225" y="154.5" font-size="12" text-anchor="middle" dominant-baseline="middle" fill="#ff0000" stroke="#fafafa" stroke-width="3" paint-order="stroke fill">5 cm</text><text x="162.5" y="35" font-size="12" text-anchor="middle" dominant-baseline="middle" fill="#333333" stroke="#fafafa" stroke-width="3" paint-order="stroke fill">11 cm</text><text x="320" y="162.5" font-size="12" text-anchor="middle" dominant-baseline="middle" fill="#333333" stroke="#fafafa" stroke-width="3" paint-order="stroke fill">11 cm</text></svg>"`;

exports[`Widget: composite-shape-diagram composite-shape-diagram migrated example #12 1`] = `"<svg width="340" height="340" viewBox="-20 -20 340 340" xmlns="http://www.w3.org/2000/svg" font-family="sans-serif" font-size="11"><circle cx="100" cy="100" r="80" fill="none" stroke="#333333" stroke-width="1.5"/><polyline points="70,70 130,70 130,130 70,130" stroke="#333333" stroke-width="1.5" fill="none"/><path d="M 180 100 A 80 80 0 1 1 20 100 A 80 80 0 1 1 180 100 Z M 70 70 L 130 70 L 130 130 L 70 130 Z" fill="#ccfaff" fill-rule="evenodd"/><path d="Z" fill="none" stroke="#000000" stroke-width="2"/><line x1="70" y1="70" x2="130" y2="70" stroke="#000000" stroke-width="1.5"/><line x1="130" y1="70" x2="130" y2="130" stroke="#000000" stroke-width="1.5"/><line x1="130" y1="130" x2="70" y2="130" stroke="#000000" stroke-width="1.5"/><line x1="70" y1="130" x2="70" y2="70" stroke="#000000" stroke-width="1.5"/><line x1="100" y1="100" x2="180" y2="100" stroke="#ff0000" stroke-width="1.5"/><text x="100" y="80" font-size="12" text-anchor="middle" dominant-baseline="middle" fill="#333333" stroke="#fafafa" stroke-width="3" paint-order="stroke fill">3 cm</text><text x="54" y="100" font-size="12" text-anchor="middle" dominant-baseline="middle" fill="#333333" stroke="#fafafa" stroke-width="3" paint-order="stroke fill">3 cm</text><text x="149" y="92" font-size="12" text-anchor="middle" dominant-baseline="middle" fill="#ff0000" stroke="#fafafa" stroke-width="3" paint-order="stroke fill">4 cm</text></svg>"`;

exports[`Widget: composite-shape-diagram composite-shape-diagram - [xdd3424e759f98328] Area of a shaded region (circle and rectangle) 1`] = `"<svg width="440" height="440" viewBox="-20 -20 440 440" xmlns="http://www.w3.org/2000/svg" font-family="sans-serif" font-size="11"><polygon points="380,200 366.3036363636364,268.8909090909091 327.2763636363636,327.2763636363636 268.8909090909091,366.3036363636364 200,380 131.10909090909092,366.3036363636364 72.72363636363636,327.2763636363636 33.69636363636363,268.8909090909091 20,200 33.69636363636363,131.10909090909092 72.72363636363636,72.72363636363636 131.10909090909092,33.69636363636363 200,20 268.8909090909091,33.69636363636363 327.2763636363636,72.72363636363636 366.3036363636364,131.10909090909092" fill="#ccfaff80" stroke="none"/><polygon points="167.27272727272728,150.9090909090909 232.72727272727272,150.9090909090909 232.72727272727272,249.0909090909091 167.27272727272728,249.0909090909091" fill="#ffffff" stroke="none"/><line x1="380" y1="200" x2="366.3036363636364" y2="268.8909090909091" stroke="#000000" stroke-width="1.5"/><line x1="366.3036363636364" y1="268.8909090909091" x2="327.2763636363636" y2="327.2763636363636" stroke="#000000" stroke-width="1.5"/><line x1="327.2763636363636" y1="327.2763636363636" x2="268.8909090909091" y2="366.3036363636364" stroke="#000000" stroke-width="1.5"/><line x1="268.8909090909091" y1="366.3036363636364" x2="200" y2="380" stroke="#000000" stroke-width="1.5"/><line x1="200" y1="380" x2="131.10909090909092" y2="366.3036363636364" stroke="#000000" stroke-width="1.5"/><line x1="131.10909090909092" y1="366.3036363636364" x2="72.72363636363636" y2="327.2763636363636" stroke="#000000" stroke-width="1.5"/><line x1="72.72363636363636" y1="327.2763636363636" x2="33.69636363636363" y2="268.8909090909091" stroke="#000000" stroke-width="1.5"/><line x1="33.69636363636363" y1="268.8909090909091" x2="20" y2="200" stroke="#000000" stroke-width="1.5"/><line x1="20" y1="200" x2="33.69636363636363" y2="131.10909090909092" stroke="#000000" stroke-width="1.5"/><line x1="33.69636363636363" y1="131.10909090909092" x2="72.72363636363636" y2="72.72363636363636" stroke="#000000" stroke-width="1.5"/><line x1="72.72363636363636" y1="72.72363636363636" x2="131.10909090909092" y2="33.69636363636363" stroke="#000000" stroke-width="1.5"/><line x1="131.10909090909092" y1="33.69636363636363" x2="200" y2="20" stroke="#000000" stroke-width="1.5"/><line x1="200" y1="20" x2="268.8909090909091" y2="33.69636363636363" stroke="#000000" stroke-width="1.5"/><line x1="268.8909090909091" y1="33.69636363636363" x2="327.2763636363636" y2="72.72363636363636" stroke="#000000" stroke-width="1.5"/><line x1="327.2763636363636" y1="72.72363636363636" x2="366.3036363636364" y2="131.10909090909092" stroke="#000000" stroke-width="1.5"/><line x1="366.3036363636364" y1="131.10909090909092" x2="380" y2="200" stroke="#000000" stroke-width="1.5"/><path d="M 380 200 L 366.3036363636364 268.8909090909091 L 327.2763636363636 327.2763636363636 L 268.8909090909091 366.3036363636364 L 200 380 L 131.10909090909092 366.3036363636364 L 72.72363636363636 327.2763636363636 L 33.69636363636363 268.8909090909091 L 20 200 L 33.69636363636363 131.10909090909092 L 72.72363636363636 72.72363636363636 L 131.10909090909092 33.69636363636363 L 200 20 L 268.8909090909091 33.69636363636363 L 327.2763636363636 72.72363636363636 L 366.3036363636364 131.10909090909092 L 380 200 Z" fill="none" stroke="#000000" stroke-width="2"/><line x1="200" y1="200" x2="380" y2="200" stroke="#000000" stroke-width="1.5"/><line x1="167.27272727272728" y1="150.9090909090909" x2="232.72727272727272" y2="150.9090909090909" stroke="#000000" stroke-width="1.5"/><line x1="232.72727272727272" y1="150.9090909090909" x2="232.72727272727272" y2="249.0909090909091" stroke="#000000" stroke-width="1.5"/><line x1="232.72727272727272" y1="249.0909090909091" x2="167.27272727272728" y2="249.0909090909091" stroke="#000000" stroke-width="1.5"/><line x1="167.27272727272728" y1="249.0909090909091" x2="167.27272727272728" y2="150.9090909090909" stroke="#000000" stroke-width="1.5"/><text x="290" y="210" font-size="12" text-anchor="middle" dominant-baseline="middle" fill="#333333" stroke="#fafafa" stroke-width="3" paint-order="stroke fill">11 cm</text><text x="200" y="160.9090909090909" font-size="12" text-anchor="middle" dominant-baseline="middle" fill="#333333" stroke="#fafafa" stroke-width="3" paint-order="stroke fill">4 cm</text><text x="182.72727272727272" y="200" font-size="12" text-anchor="middle" dominant-baseline="middle" fill="#333333" stroke="#fafafa" stroke-width="3" paint-order="stroke fill">6 cm</text></svg>"`;

exports[`Widget: composite-shape-diagram composite-shape-diagram - [xaee2680b7bbe6277] Find the areas of two triangles and the whole figure 1`] = `"<svg width="440" height="360" viewBox="-20 -20 440 360" xmlns="http://www.w3.org/2000/svg" font-family="sans-serif" font-size="11"><path d="M 200 300 L 116 160 L 200 20 L 284 160 L 200 300 Z" fill="none" stroke="#000000" stroke-width="2"/><line x1="116" y1="160" x2="284" y2="160" stroke="#000000" stroke-width="1.5" stroke-dasharray="5 3"/><line x1="200" y1="160" x2="200" y2="300" stroke="#000000" stroke-width="1.5" stroke-dasharray="5 3"/><line x1="200" y1="160" x2="200" y2="20" stroke="#000000" stroke-width="1.5" stroke-dasharray="5 3"/><text x="200" y="288" font-size="12" text-anchor="middle" dominant-baseline="middle" fill="#333333" stroke="#fafafa" stroke-width="3" paint-order="stroke fill">7 units</text><text x="126" y="230" font-size="12" text-anchor="middle" dominant-baseline="middle" fill="#333333" stroke="#fafafa" stroke-width="3" paint-order="stroke fill">9 units</text><text x="274" y="90" font-size="12" text-anchor="middle" dominant-baseline="middle" fill="#333333" stroke="#fafafa" stroke-width="3" paint-order="stroke fill">5 units</text><text x="200" y="84" font-size="14" text-anchor="middle" dominant-baseline="middle" font-weight="700" fill="#333333">A</text><text x="200" y="236" font-size="14" text-anchor="middle" dominant-baseline="middle" font-weight="700" fill="#333333">B</text></svg>"`;

exports[`Widget: composite-shape-diagram composite-shape-diagram - [xb0f43fd03d2eff7c] Find the area of a composite shape 1`] = `"<svg width="520" height="400" viewBox="-20 -20 520 400" xmlns="http://www.w3.org/2000/svg" font-family="sans-serif" font-size="11"><path d="M 80 340 L 400 340 L 400 126.66666666666667 L 240 20 L 80 126.66666666666667 L 80 340 Z" fill="none" stroke="#000000" stroke-width="2"/><text x="240" y="352" font-size="14" text-anchor="middle" dominant-baseline="middle" font-weight="700" fill="#333333">9 units</text><text x="48" y="233.33333333333334" font-size="14" text-anchor="middle" dominant-baseline="middle" font-weight="700" fill="#333333">6 units</text><line x1="80" y1="126.66666666666667" x2="400" y2="126.66666666666667" stroke="#000000" stroke-width="1.5" stroke-dasharray="5 3"/><line x1="240" y1="20" x2="240" y2="126.66666666666667" stroke="#000000" stroke-width="1.5" stroke-dasharray="5 3"/><text x="212" y="73.33333333333334" font-size="12" text-anchor="middle" dominant-baseline="middle" fill="#333333" stroke="#fafafa" stroke-width="3" paint-order="stroke fill">3 units</text><path d="M 240 116.66666666666667 L 230 116.66666666666667 L 230 126.66666666666667" fill="none" stroke="#000000" stroke-width="1.5"/></svg>"`;

exports[`Widget: composite-shape-diagram composite-shape-diagram - [x161673a7853ec0b5] Find the area of a composite shape 1`] = `"<svg width="520" height="400" viewBox="-20 -20 520 400" xmlns="http://www.w3.org/2000/svg" font-family="sans-serif" font-size="11"><path d="M 80 20 L 400 20 L 400 162.22222222222223 L 257.77777777777777 340 L 186.66666666666669 340 L 80 197.77777777777777 L 80 20 Z" fill="none" stroke="#000000" stroke-width="2"/><text x="240" y="8" font-size="14" text-anchor="middle" dominant-baseline="middle" font-weight="700" fill="#333333">9 units</text><text x="432" y="91.11111111111111" font-size="14" text-anchor="middle" dominant-baseline="middle" font-weight="700" fill="#333333">4 units</text><text x="48" y="108.88888888888889" font-size="14" text-anchor="middle" dominant-baseline="middle" font-weight="700" fill="#333333">5 units</text><line x1="80" y1="340" x2="186.66666666666669" y2="340" stroke="#000000" stroke-width="1.5" stroke-dasharray="5 3"/><line x1="80" y1="340" x2="80" y2="197.77777777777777" stroke="#000000" stroke-width="1.5" stroke-dasharray="5 3"/><line x1="400" y1="340" x2="257.77777777777777" y2="340" stroke="#000000" stroke-width="1.5" stroke-dasharray="5 3"/><line x1="400" y1="340" x2="400" y2="162.22222222222223" stroke="#000000" stroke-width="1.5" stroke-dasharray="5 3"/><text x="133.33333333333334" y="350" font-size="12" text-anchor="middle" dominant-baseline="middle" fill="#333333" stroke="#fafafa" stroke-width="3" paint-order="stroke fill">3 units</text><text x="52" y="268.8888888888889" font-size="12" text-anchor="middle" dominant-baseline="middle" fill="#333333" stroke="#fafafa" stroke-width="3" paint-order="stroke fill">4 units</text><text x="328.8888888888889" y="330" font-size="12" text-anchor="middle" dominant-baseline="middle" fill="#333333" stroke="#fafafa" stroke-width="3" paint-order="stroke fill">4 units</text><text x="428" y="251.11111111111111" font-size="12" text-anchor="middle" dominant-baseline="middle" fill="#333333" stroke="#fafafa" stroke-width="3" paint-order="stroke fill">5 units</text><path d="M 80 330 L 90 330 L 90 340" fill="none" stroke="#000000" stroke-width="1.5"/><path d="M 400 330 L 390 330 L 390 340" fill="none" stroke="#000000" stroke-width="1.5"/></svg>"`;
