// Bun Snapshot v1, https://goo.gl/fbAQLP

exports[`Widget: custom-polygon-diagram should produce consistent output for example #1 1`] = `"<svg width="340" height="340" viewBox="-20 -20 340 340" xmlns="http://www.w3.org/2000/svg" font-family="sans-serif"><polygon points="40,56.92307692307692 40,243.0769230769231 260,243.0769230769231 209.23076923076923,73.84615384615384" fill="#00000000" stroke="#1F6FB2" stroke-width="2"/><circle cx="40" cy="56.92307692307692" r="4" fill="#000000"/><text x="54" y="42.92307692307692" font-size="16" text-anchor="middle" dominant-baseline="middle" font-weight="700" fill="#000000">P</text><circle cx="40" cy="243.0769230769231" r="4" fill="#000000"/><text x="54" y="229.0769230769231" font-size="16" text-anchor="middle" dominant-baseline="middle" font-weight="700" fill="#000000">Q</text><circle cx="260" cy="243.0769230769231" r="4" fill="#000000"/><text x="274" y="229.0769230769231" font-size="16" text-anchor="middle" dominant-baseline="middle" font-weight="700" fill="#000000">T</text><circle cx="209.23076923076923" cy="73.84615384615384" r="4" fill="#000000"/><text x="223.23076923076923" y="59.84615384615384" font-size="16" text-anchor="middle" dominant-baseline="middle" font-weight="700" fill="#000000">R</text></svg>"`;

exports[`Widget: custom-polygon-diagram should produce consistent output for example #2 1`] = `"<svg width="340" height="340" viewBox="-20 -20 340 340" xmlns="http://www.w3.org/2000/svg" font-family="sans-serif"><polygon points="39.999999999999986,95 194,95 260,205 105.99999999999999,205" fill="#00000000" stroke="#1F6FB2" stroke-width="2"/><circle cx="39.999999999999986" cy="95" r="4" fill="#000000"/><text x="53.999999999999986" y="81" font-size="16" text-anchor="middle" dominant-baseline="middle" font-weight="700" fill="#000000">P</text><circle cx="194" cy="95" r="4" fill="#000000"/><text x="208" y="81" font-size="16" text-anchor="middle" dominant-baseline="middle" font-weight="700" fill="#000000">R</text><circle cx="260" cy="205" r="4" fill="#000000"/><text x="274" y="191" font-size="16" text-anchor="middle" dominant-baseline="middle" font-weight="700" fill="#000000">T</text><circle cx="105.99999999999999" cy="205" r="4" fill="#000000"/><text x="119.99999999999999" y="191" font-size="16" text-anchor="middle" dominant-baseline="middle" font-weight="700" fill="#000000">Q</text></svg>"`;
