// Bun Snapshot v1, https://bun.sh/docs/test/snapshots

exports[`Widget: data-table should produce consistent output for example #1 1`] = `"<p style="font-weight: 600; margin-bottom: 8px;">Monthly Temperature Data</p><table style="border-collapse: collapse; width: 100%; margin: 12px 0;"><thead><tr><th style="border: 1px solid #ddd; padding: 8px 12px; text-align: left; background-color: #f9fafb; font-weight: 600;">Month</th><th style="border: 1px solid #ddd; padding: 8px 12px; text-align: left; background-color: #f9fafb; font-weight: 600;">Temperature (Â°F)</th><th style="border: 1px solid #ddd; padding: 8px 12px; text-align: left; background-color: #f9fafb; font-weight: 600;">Rainfall (inches)</th></tr></thead><tbody><tr><td style="border: 1px solid #ddd; padding: 8px 12px; vertical-align: top;">January</td><td style="border: 1px solid #ddd; padding: 8px 12px; vertical-align: top;">45</td><td style="border: 1px solid #ddd; padding: 8px 12px; vertical-align: top;">3.2</td></tr><tr><td style="border: 1px solid #ddd; padding: 8px 12px; vertical-align: top;">February</td><td style="border: 1px solid #ddd; padding: 8px 12px; vertical-align: top;">48</td><td style="border: 1px solid #ddd; padding: 8px 12px; vertical-align: top;">2.8</td></tr><tr><td style="border: 1px solid #ddd; padding: 8px 12px; vertical-align: top;">March</td><td style="border: 1px solid #ddd; padding: 8px 12px; vertical-align: top;">55</td><td style="border: 1px solid #ddd; padding: 8px 12px; vertical-align: top;">3.5</td></tr><tr><td style="border: 1px solid #ddd; padding: 8px 12px; vertical-align: top;">April</td><td style="border: 1px solid #ddd; padding: 8px 12px; vertical-align: top;">62</td><td style="border: 1px solid #ddd; padding: 8px 12px; vertical-align: top;">2.1</td></tr></tbody></table>"`;

exports[`Widget: data-table should produce consistent output for example #2 1`] = `"<p style="font-weight: 600; margin-bottom: 8px;">Properties of States of Matter</p><table style="border-collapse: collapse; width: 100%; margin: 12px 0;"><thead><tr><th style="border: 1px solid #ddd; padding: 8px 12px; text-align: left; background-color: #f9fafb; font-weight: 600;">Property</th><th style="border: 1px solid #ddd; padding: 8px 12px; text-align: left; background-color: #f9fafb; font-weight: 600;">Solid</th><th style="border: 1px solid #ddd; padding: 8px 12px; text-align: left; background-color: #f9fafb; font-weight: 600;">Liquid</th><th style="border: 1px solid #ddd; padding: 8px 12px; text-align: left; background-color: #f9fafb; font-weight: 600;">Gas</th></tr></thead><tbody><tr><th scope="row" style="border: 1px solid #ddd; padding: 8px 12px; text-align: left; background-color: #f9fafb; font-weight: 600;">Shape</th><td style="border: 1px solid #ddd; padding: 8px 12px; vertical-align: top;">Fixed</td><td style="border: 1px solid #ddd; padding: 8px 12px; vertical-align: top;">Takes container shape</td><td style="border: 1px solid #ddd; padding: 8px 12px; vertical-align: top;">Takes container shape</td></tr><tr><th scope="row" style="border: 1px solid #ddd; padding: 8px 12px; text-align: left; background-color: #f9fafb; font-weight: 600;">Volume</th><td style="border: 1px solid #ddd; padding: 8px 12px; vertical-align: top;">Fixed</td><td style="border: 1px solid #ddd; padding: 8px 12px; vertical-align: top;">Fixed</td><td style="border: 1px solid #ddd; padding: 8px 12px; vertical-align: top;">Takes container volume</td></tr><tr><th scope="row" style="border: 1px solid #ddd; padding: 8px 12px; text-align: left; background-color: #f9fafb; font-weight: 600;">Compressible</th><td style="border: 1px solid #ddd; padding: 8px 12px; vertical-align: top;">No</td><td style="border: 1px solid #ddd; padding: 8px 12px; vertical-align: top;">No</td><td style="border: 1px solid #ddd; padding: 8px 12px; vertical-align: top;">Yes</td></tr></tbody></table>"`;

exports[`Widget: data-table should produce consistent output for example #3 1`] = `"<table style="border-collapse: collapse; width: 100%; margin: 12px 0;"><thead><tr><th style="border: 1px solid #ddd; padding: 8px 12px; text-align: left; background-color: #f9fafb; font-weight: 600;">Substance</th><th style="border: 1px solid #ddd; padding: 8px 12px; text-align: left; background-color: #f9fafb; font-weight: 600;">Density (g/cm<math xmlns="http://www.w3.org/1998/Math/MathML"><msup><mrow/><mn>3</mn></msup></math></th><th style="border: 1px solid #ddd; padding: 8px 12px; text-align: left; background-color: #f9fafb; font-weight: 600;">Phase</th></tr></thead><tbody><tr><td style="border: 1px solid #ddd; padding: 8px 12px; vertical-align: top;">Water</td><td style="border: 1px solid #ddd; padding: 8px 12px; vertical-align: top;">1.0</td><td style="border: 1px solid #ddd; padding: 8px 12px; vertical-align: top;">Liquid</td></tr><tr><td style="border: 1px solid #ddd; padding: 8px 12px; vertical-align: top;">Ice</td><td style="border: 1px solid #ddd; padding: 8px 12px; vertical-align: top;">0.92</td><td style="border: 1px solid #ddd; padding: 8px 12px; vertical-align: top;">Solid</td></tr><tr><td style="border: 1px solid #ddd; padding: 8px 12px; vertical-align: top;">Aluminum</td><td style="border: 1px solid #ddd; padding: 8px 12px; vertical-align: top;">2.7</td><td style="border: 1px solid #ddd; padding: 8px 12px; vertical-align: top;">Solid</td></tr><tr><td style="border: 1px solid #ddd; padding: 8px 12px; vertical-align: top;">Mercury</td><td style="border: 1px solid #ddd; padding: 8px 12px; vertical-align: top;">13.6</td><td style="border: 1px solid #ddd; padding: 8px 12px; vertical-align: top;">Liquid</td></tr></tbody></table>"`;
