// Bun Snapshot v1, https://goo.gl/fbAQLP

exports[`Widget: discrete-object-ratio-diagram should produce consistent output for example #1 1`] = `"<svg width="504" height="324" viewBox="-12 -12 504 324" xmlns="http://www.w3.org/2000/svg" font-family="sans-serif" font-size="14"><rect x="6" y="34" width="468" height="260" fill="#fafafa" stroke="#e0e0e0" stroke-width="2"/><text x="93.5" y="73.5" font-size="60.300000000000004" text-anchor="middle" dominant-baseline="middle">🍎</text><text x="183.5" y="73.5" font-size="60.300000000000004" text-anchor="middle" dominant-baseline="middle">🍎</text><text x="273.5" y="73.5" font-size="60.300000000000004" text-anchor="middle" dominant-baseline="middle">🍎</text><text x="363.5" y="73.5" font-size="60.300000000000004" text-anchor="middle" dominant-baseline="middle">🍎</text><text x="48.5" y="197.5" font-size="60.300000000000004" text-anchor="middle" dominant-baseline="middle">🍌</text><text x="138.5" y="197.5" font-size="60.300000000000004" text-anchor="middle" dominant-baseline="middle">🍌</text><text x="228.5" y="197.5" font-size="60.300000000000004" text-anchor="middle" dominant-baseline="middle">🍌</text><text x="318.5" y="197.5" font-size="60.300000000000004" text-anchor="middle" dominant-baseline="middle">🍌</text><text x="408.5" y="197.5" font-size="60.300000000000004" text-anchor="middle" dominant-baseline="middle">🍌</text></svg>"`;

exports[`Widget: discrete-object-ratio-diagram should produce consistent output for example #2 1`] = `"<svg width="504" height="324" viewBox="-12 -12 504 324" xmlns="http://www.w3.org/2000/svg" font-family="sans-serif" font-size="14"><rect x="6" y="34" width="468" height="260" fill="#fafafa" stroke="#e0e0e0" stroke-width="2"/><text x="240" y="20" font-size="13.200000000000001" text-anchor="middle" fill="#333333"><tspan x="240" dy="0em">Apples vs Bananas</tspan></text><text x="93.5" y="73.5" font-size="60.300000000000004" text-anchor="middle" dominant-baseline="middle">🍎</text><text x="183.5" y="73.5" font-size="60.300000000000004" text-anchor="middle" dominant-baseline="middle">🍎</text><text x="273.5" y="73.5" font-size="60.300000000000004" text-anchor="middle" dominant-baseline="middle">🍎</text><text x="363.5" y="73.5" font-size="60.300000000000004" text-anchor="middle" dominant-baseline="middle">🍎</text><text x="48.5" y="197.5" font-size="60.300000000000004" text-anchor="middle" dominant-baseline="middle">🍌</text><text x="138.5" y="197.5" font-size="60.300000000000004" text-anchor="middle" dominant-baseline="middle">🍌</text><text x="228.5" y="197.5" font-size="60.300000000000004" text-anchor="middle" dominant-baseline="middle">🍌</text><text x="318.5" y="197.5" font-size="60.300000000000004" text-anchor="middle" dominant-baseline="middle">🍌</text><text x="408.5" y="197.5" font-size="60.300000000000004" text-anchor="middle" dominant-baseline="middle">🍌</text></svg>"`;

exports[`Widget: discrete-object-ratio-diagram should produce consistent output for example #3 1`] = `"<svg width="444" height="324" viewBox="-12 -12 444 324" xmlns="http://www.w3.org/2000/svg" font-family="sans-serif" font-size="14"><rect x="6" y="34" width="408" height="260" fill="#fafafa" stroke="#e0e0e0" stroke-width="2"/><text x="138" y="64" font-size="43.2" text-anchor="middle" dominant-baseline="middle">🍇</text><text x="202" y="64" font-size="43.2" text-anchor="middle" dominant-baseline="middle">🍇</text><text x="266" y="64" font-size="43.2" text-anchor="middle" dominant-baseline="middle">🍇</text><text x="42" y="188" font-size="43.2" text-anchor="middle" dominant-baseline="middle">🍓</text><text x="106" y="188" font-size="43.2" text-anchor="middle" dominant-baseline="middle">🍓</text><text x="170" y="188" font-size="43.2" text-anchor="middle" dominant-baseline="middle">🍓</text><text x="234" y="188" font-size="43.2" text-anchor="middle" dominant-baseline="middle">🍓</text><text x="298" y="188" font-size="43.2" text-anchor="middle" dominant-baseline="middle">🍓</text><text x="362" y="188" font-size="43.2" text-anchor="middle" dominant-baseline="middle">🍓</text></svg>"`;
