// Bun Snapshot v1, https://bun.sh/docs/test/snapshots

exports[`Widget: division-area-diagram should produce consistent output for example #1 1`] = `"<div style="display: inline-block; font-family: sans-serif; font-size: 1.2em;"><table cellpadding="10" align="center" style="border: none; border-collapse: collapse; margin: auto;"><tbody><tr><td style="width: 40px; height: 40px; border: none; padding: 0;"></td><td style="width: 80px; height: 40px; background-color: #EBF5FB; text-align:center; padding: 10px;"><span style="">10</span></td><td style="width: 80px; height: 40px; background-color: #EBF5FB; text-align:center; padding: 10px;"><div style="width: 40px; height: 24px; border: 1.5px solid #e0e0e0; margin: auto;"></div></td></tr><tr><td style="vertical-align: top; text-align: right; padding: 0; padding-right: 5px;"><div style="padding: 12px; background-color: #EBF5FB; display: inline-block; margin-top: 5px;"><span style="">3</span></div></td><td style="width: 80px; vertical-align: top; text-align: center; padding: 5px; border-top: 1.5px solid black; border-bottom: 1.5px solid black; border-left: 1.5px solid black;"><table cellpadding="0" align="center" style="width: 100%; border: none; border-collapse: collapse;"><tbody><tr><td colspan="2" style="text-align:center; padding: 8px 5px;"><span style="">51</span></td></tr></tbody></table></td><td style="width: 80px; vertical-align: top; text-align: center; padding: 5px; border-top: 1.5px solid black; border-bottom: 1.5px solid black; border-right: 1.5px solid black;"><table cellpadding="0" align="center" style="width: 100%; border: none; border-collapse: collapse;"><tbody><tr><td colspan="2" style="text-align:center; padding: 8px 5px;"><span style="">51</span></td></tr></tbody></table></td></tr></tbody></table></div>"`;

exports[`Widget: division-area-diagram should produce consistent output for example #2 1`] = `"<div style="display: inline-block; font-family: sans-serif; font-size: 1.2em;"><table cellpadding="10" align="center" style="border: none; border-collapse: collapse; margin: auto;"><tbody><tr><td style="width: 40px; height: 40px; border: none; padding: 0;"></td><td style="width: 80px; height: 40px; background-color: #EBF5FB; text-align:center; padding: 10px;"><span style="">10</span></td><td style="width: 80px; height: 40px; background-color: #EBF5FB; text-align:center; padding: 10px;"><div style="width: 40px; height: 24px; border: 1.5px solid #e0e0e0; margin: auto;"></div></td></tr><tr><td style="vertical-align: top; text-align: right; padding: 0; padding-right: 5px;"><div style="padding: 12px; background-color: #EBF5FB; display: inline-block; margin-top: 5px;"><span style="">3</span></div></td><td style="width: 80px; vertical-align: top; text-align: center; padding: 5px; border-top: 1.5px solid black; border-bottom: 1.5px solid black; border-left: 1.5px solid black;"><table cellpadding="0" align="center" style="width: 100%; border: none; border-collapse: collapse;"><tbody><tr><td colspan="2" style="text-align:center; padding: 8px 5px;"><span style="">51</span></td></tr><tr style="border-bottom: 1.5px solid black;"><td style="text-align:right; padding: 2px 2px 2px 0;"><span style="">−</span></td><td style="text-align:left; padding: 2px 0 2px 2px;"><span style="">30</span></td></tr><tr><td colspan="2" style="text-align:center; padding: 8px 5px;"><span style="color: red;">21</span></td></tr></tbody></table></td><td style="width: 80px; vertical-align: top; text-align: center; padding: 5px; border-top: 1.5px solid black; border-bottom: 1.5px solid black; border-right: 1.5px solid black;"><table cellpadding="0" align="center" style="width: 100%; border: none; border-collapse: collapse;"><tbody><tr><td colspan="2" style="text-align:center; padding: 8px 5px;"><span style="">21</span></td></tr></tbody></table></td></tr></tbody></table></div>"`;

exports[`Widget: division-area-diagram should produce consistent output for example #3 1`] = `"<div style="display: inline-block; font-family: sans-serif; font-size: 1.2em;"><table cellpadding="10" align="center" style="border: none; border-collapse: collapse; margin: auto;"><tbody><tr><td style="width: 40px; height: 40px; border: none; padding: 0;"></td><td style="width: 80px; height: 40px; background-color: #EBF5FB; text-align:center; padding: 10px;"><span style="">10</span></td><td style="width: 80px; height: 40px; background-color: #EBF5FB; text-align:center; padding: 10px;"><div style="width: 40px; height: 24px; border: 1.5px solid #e0e0e0; margin: auto;"></div></td></tr><tr><td style="vertical-align: top; text-align: right; padding: 0; padding-right: 5px;"><div style="padding: 12px; background-color: #EBF5FB; display: inline-block; margin-top: 5px;"><span style="">3</span></div></td><td style="width: 80px; vertical-align: top; text-align: center; padding: 5px; border-top: 1.5px solid black; border-bottom: 1.5px solid black; border-left: 1.5px solid black;"><table cellpadding="0" align="center" style="width: 100%; border: none; border-collapse: collapse;"><tbody><tr><td colspan="2" style="text-align:center; padding: 8px 5px;"><span style="">51</span></td></tr><tr style="border-bottom: 1.5px solid black;"><td style="text-align:right; padding: 2px 2px 2px 0;"><span style="">−</span></td><td style="text-align:left; padding: 2px 0 2px 2px;"><span style="">30</span></td></tr><tr><td colspan="2" style="text-align:center; padding: 8px 5px;"><span style="color: red;">21</span></td></tr></tbody></table></td><td style="width: 80px; vertical-align: top; text-align: center; padding: 5px; border-top: 1.5px solid black; border-bottom: 1.5px solid black; border-right: 1.5px solid black;"><table cellpadding="0" align="center" style="width: 100%; border: none; border-collapse: collapse;"><tbody><tr><td colspan="2" style="text-align:center; padding: 8px 5px;"><span style="">21</span></td></tr></tbody></table></td></tr></tbody></table></div>"`;

exports[`Widget: division-area-diagram should produce consistent output for example #4 1`] = `"<div style="display: inline-block; font-family: sans-serif; font-size: 1.2em;"><table cellpadding="10" align="center" style="border: none; border-collapse: collapse; margin: auto;"><tbody><tr><td style="width: 40px; height: 40px; border: none; padding: 0;"></td><td style="width: 80px; height: 40px; background-color: #EBF5FB; text-align:center; padding: 10px;"><span style="">10</span></td><td style="width: 80px; height: 40px; background-color: #EBF5FB; text-align:center; padding: 10px;"><span style="">7</span></td></tr><tr><td style="vertical-align: top; text-align: right; padding: 0; padding-right: 5px;"><div style="padding: 12px; background-color: #EBF5FB; display: inline-block; margin-top: 5px;"><span style="">3</span></div></td><td style="width: 80px; vertical-align: top; text-align: center; padding: 5px; border-top: 1.5px solid black; border-bottom: 1.5px solid black; border-left: 1.5px solid black;"><table cellpadding="0" align="center" style="width: 100%; border: none; border-collapse: collapse;"><tbody><tr><td colspan="2" style="text-align:center; padding: 8px 5px;"><span style="">51</span></td></tr><tr style="border-bottom: 1.5px solid black;"><td style="text-align:right; padding: 2px 2px 2px 0;"><span style="">−</span></td><td style="text-align:left; padding: 2px 0 2px 2px;"><span style="">30</span></td></tr><tr><td colspan="2" style="text-align:center; padding: 8px 5px;"><span style="color: red;">21</span></td></tr></tbody></table></td><td style="width: 80px; vertical-align: top; text-align: center; padding: 5px; border-top: 1.5px solid black; border-bottom: 1.5px solid black; border-right: 1.5px solid black;"><table cellpadding="0" align="center" style="width: 100%; border: none; border-collapse: collapse;"><tbody><tr><td colspan="2" style="text-align:center; padding: 8px 5px;"><span style="">21</span></td></tr><tr style="border-bottom: 1.5px solid black;"><td style="text-align:right; padding: 2px 2px 2px 0;"><span style="">−</span></td><td style="text-align:left; padding: 2px 0 2px 2px;"><span style="">21</span></td></tr><tr><td colspan="2" style="text-align:center; padding: 8px 5px;"><div style="border: 1.5px solid black; display: inline-block; padding: 1px 8px;"><span style="">0</span></div></td></tr></tbody></table></td></tr></tbody></table></div>"`;

exports[`Widget: division-area-diagram should produce consistent output for example #5 1`] = `"<div style="display: inline-block; font-family: sans-serif; font-size: 1.2em;"><table cellpadding="10" align="center" style="border: none; border-collapse: collapse; margin: auto;"><tbody><tr><td style="width: 40px; height: 40px; border: none; padding: 0;"></td><td style="width: 80px; height: 40px; background-color: #EBF5FB; text-align:center; padding: 10px;"><div style="width: 40px; height: 24px; border: 1.5px solid #e0e0e0; margin: auto;"></div></td><td style="width: 80px; height: 40px; background-color: #EBF5FB; text-align:center; padding: 10px;"><div style="width: 40px; height: 24px; border: 1.5px solid #e0e0e0; margin: auto;"></div></td></tr><tr><td style="vertical-align: top; text-align: right; padding: 0; padding-right: 5px;"><div style="padding: 12px; background-color: #EBF5FB; display: inline-block; margin-top: 5px;"><span style="">2</span></div></td><td style="width: 80px; vertical-align: top; text-align: center; padding: 5px; border-top: 1.5px solid black; border-bottom: 1.5px solid black; border-left: 1.5px solid black;"><table cellpadding="0" align="center" style="width: 100%; border: none; border-collapse: collapse;"><tbody><tr><td colspan="2" style="text-align:center; padding: 8px 5px;"><span style="">28</span></td></tr></tbody></table></td><td style="width: 80px; vertical-align: top; text-align: center; padding: 5px; border-top: 1.5px solid black; border-bottom: 1.5px solid black; border-right: 1.5px solid black;"><table cellpadding="0" align="center" style="width: 100%; border: none; border-collapse: collapse;"><tbody><tr><td colspan="2" style="text-align:center; padding: 8px 5px;"><span style="">28</span></td></tr></tbody></table></td></tr></tbody></table></div>"`;

exports[`Widget: division-area-diagram should produce consistent output for example #6 1`] = `"<div style="display: inline-block; font-family: sans-serif; font-size: 1.2em;"><table cellpadding="10" align="center" style="border: none; border-collapse: collapse; margin: auto;"><tbody><tr><td style="width: 40px; height: 40px; border: none; padding: 0;"></td><td style="width: 80px; height: 40px; background-color: #EBF5FB; text-align:center; padding: 10px;"><span style="">10</span></td><td style="width: 80px; height: 40px; background-color: #EBF5FB; text-align:center; padding: 10px;"><div style="width: 40px; height: 24px; border: 1.5px solid #e0e0e0; margin: auto;"></div></td></tr><tr><td style="vertical-align: top; text-align: right; padding: 0; padding-right: 5px;"><div style="padding: 12px; background-color: #EBF5FB; display: inline-block; margin-top: 5px;"><span style="">2</span></div></td><td style="width: 80px; vertical-align: top; text-align: center; padding: 5px; border-top: 1.5px solid black; border-bottom: 1.5px solid black; border-left: 1.5px solid black;"><table cellpadding="0" align="center" style="width: 100%; border: none; border-collapse: collapse;"><tbody><tr><td colspan="2" style="text-align:center; padding: 8px 5px;"><span style="">28</span></td></tr><tr style="border-bottom: 1.5px solid black;"><td style="text-align:right; padding: 2px 2px 2px 0;"><span style="">−</span></td><td style="text-align:left; padding: 2px 0 2px 2px;"><span style="">20</span></td></tr><tr><td colspan="2" style="text-align:center; padding: 8px 5px;"><span style="color: red;">8</span></td></tr></tbody></table></td><td style="width: 80px; vertical-align: top; text-align: center; padding: 5px; border-top: 1.5px solid black; border-bottom: 1.5px solid black; border-right: 1.5px solid black;"><table cellpadding="0" align="center" style="width: 100%; border: none; border-collapse: collapse;"><tbody><tr><td colspan="2" style="text-align:center; padding: 8px 5px;"><span style="">8</span></td></tr></tbody></table></td></tr></tbody></table></div>"`;

exports[`Widget: division-area-diagram should produce consistent output for example #7 1`] = `"<div style="display: inline-block; font-family: sans-serif; font-size: 1.2em;"><table cellpadding="10" align="center" style="border: none; border-collapse: collapse; margin: auto;"><tbody><tr><td style="width: 40px; height: 40px; border: none; padding: 0;"></td><td style="width: 80px; height: 40px; background-color: #EBF5FB; text-align:center; padding: 10px;"><span style="">10</span></td><td style="width: 80px; height: 40px; background-color: #EBF5FB; text-align:center; padding: 10px;"><div style="width: 40px; height: 24px; border: 1.5px solid #e0e0e0; margin: auto;"></div></td></tr><tr><td style="vertical-align: top; text-align: right; padding: 0; padding-right: 5px;"><div style="padding: 12px; background-color: #EBF5FB; display: inline-block; margin-top: 5px;"><span style="">2</span></div></td><td style="width: 80px; vertical-align: top; text-align: center; padding: 5px; border-top: 1.5px solid black; border-bottom: 1.5px solid black; border-left: 1.5px solid black;"><table cellpadding="0" align="center" style="width: 100%; border: none; border-collapse: collapse;"><tbody><tr><td colspan="2" style="text-align:center; padding: 8px 5px;"><span style="">28</span></td></tr><tr style="border-bottom: 1.5px solid black;"><td style="text-align:right; padding: 2px 2px 2px 0;"><span style="">−</span></td><td style="text-align:left; padding: 2px 0 2px 2px;"><span style="">20</span></td></tr><tr><td colspan="2" style="text-align:center; padding: 8px 5px;"><span style="color: red;">8</span></td></tr></tbody></table></td><td style="width: 80px; vertical-align: top; text-align: center; padding: 5px; border-top: 1.5px solid black; border-bottom: 1.5px solid black; border-right: 1.5px solid black;"><table cellpadding="0" align="center" style="width: 100%; border: none; border-collapse: collapse;"><tbody><tr><td colspan="2" style="text-align:center; padding: 8px 5px;"><span style="">8</span></td></tr></tbody></table></td></tr></tbody></table></div>"`;

exports[`Widget: division-area-diagram should produce consistent output for example #8 1`] = `"<div style="display: inline-block; font-family: sans-serif; font-size: 1.2em;"><table cellpadding="10" align="center" style="border: none; border-collapse: collapse; margin: auto;"><tbody><tr><td style="width: 40px; height: 40px; border: none; padding: 0;"></td><td style="width: 80px; height: 40px; background-color: #EBF5FB; text-align:center; padding: 10px;"><span style="">10</span></td><td style="width: 80px; height: 40px; background-color: #EBF5FB; text-align:center; padding: 10px;"><span style="">4</span></td></tr><tr><td style="vertical-align: top; text-align: right; padding: 0; padding-right: 5px;"><div style="padding: 12px; background-color: #EBF5FB; display: inline-block; margin-top: 5px;"><span style="">2</span></div></td><td style="width: 80px; vertical-align: top; text-align: center; padding: 5px; border-top: 1.5px solid black; border-bottom: 1.5px solid black; border-left: 1.5px solid black;"><table cellpadding="0" align="center" style="width: 100%; border: none; border-collapse: collapse;"><tbody><tr><td colspan="2" style="text-align:center; padding: 8px 5px;"><span style="">28</span></td></tr><tr style="border-bottom: 1.5px solid black;"><td style="text-align:right; padding: 2px 2px 2px 0;"><span style="">−</span></td><td style="text-align:left; padding: 2px 0 2px 2px;"><span style="">20</span></td></tr><tr><td colspan="2" style="text-align:center; padding: 8px 5px;"><span style="color: red;">8</span></td></tr></tbody></table></td><td style="width: 80px; vertical-align: top; text-align: center; padding: 5px; border-top: 1.5px solid black; border-bottom: 1.5px solid black; border-right: 1.5px solid black;"><table cellpadding="0" align="center" style="width: 100%; border: none; border-collapse: collapse;"><tbody><tr><td colspan="2" style="text-align:center; padding: 8px 5px;"><span style="">8</span></td></tr><tr style="border-bottom: 1.5px solid black;"><td style="text-align:right; padding: 2px 2px 2px 0;"><span style="">−</span></td><td style="text-align:left; padding: 2px 0 2px 2px;"><span style="">8</span></td></tr><tr><td colspan="2" style="text-align:center; padding: 8px 5px;"><div style="border: 1.5px solid black; display: inline-block; padding: 1px 8px;"><span style="">0</span></div></td></tr></tbody></table></td></tr></tbody></table></div>"`;
