// Bun Snapshot v1, https://goo.gl/fbAQLP

exports[`Widget: fraction-model-diagram should produce consistent output for example #1 1`] = `"<svg width="440" height="340" viewBox="-20 -20 440 340" xmlns="http://www.w3.org/2000/svg" font-family="sans-serif"><path d="M 100 150 L 100 70 A 80 80 0 0 1 180 150 Z" fill="#4285F4" stroke="#000000" stroke-width="1.5" fill-opacity="0.3"/><path d="M 100 150 L 180 150 A 80 80 0 0 1 100 230 Z" fill="#4285F4" stroke="#000000" stroke-width="1.5" fill-opacity="0.3"/><path d="M 100 150 L 100 230 A 80 80 0 0 1 20 150 Z" fill="#4285F4" stroke="#000000" stroke-width="1.5" fill-opacity="0.3"/><path d="M 100 150 L 20 150 A 80 80 0 0 1 99.99999999999999 70 Z" fill="none" stroke="#000000" stroke-width="1.5" fill-opacity="0.3"/><text x="200" y="150" font-size="48" text-anchor="middle" dominant-baseline="middle" font-weight="700" fill="#555555">=</text><path d="M 300 150 L 300 70 A 80 80 0 0 1 380 150 Z" fill="#FF6B6B" stroke="#000000" stroke-width="1.5" fill-opacity="0.3"/><path d="M 300 150 L 380 150 A 80 80 0 0 1 300 230 Z" fill="none" stroke="#000000" stroke-width="1.5" fill-opacity="0.3"/><path d="M 300 150 L 300 230 A 80 80 0 0 1 220 150 Z" fill="none" stroke="#000000" stroke-width="1.5" fill-opacity="0.3"/><path d="M 300 150 L 220 150 A 80 80 0 0 1 300 70 Z" fill="none" stroke="#000000" stroke-width="1.5" fill-opacity="0.3"/></svg>"`;

exports[`Widget: fraction-model-diagram should produce consistent output for example #2 1`] = `"<svg width="540" height="340" viewBox="-20 -20 540 340" xmlns="http://www.w3.org/2000/svg" font-family="sans-serif"><rect x="20" y="47.77777777777777" width="204.44444444444446" height="68.14814814814815" fill="#34A853" stroke="#000000" stroke-width="1.5" fill-opacity="0.3"/><rect x="20" y="115.92592592592592" width="204.44444444444446" height="68.14814814814815" fill="#34A853" stroke="#000000" stroke-width="1.5" fill-opacity="0.3"/><rect x="20" y="184.07407407407408" width="204.44444444444446" height="68.14814814814815" fill="none" stroke="#000000" stroke-width="1.5" fill-opacity="0.3"/><rect x="20" y="47.77777777777777" width="204.44444444444446" height="204.44444444444446" fill="none" stroke="#000000" stroke-width="2"/><text x="250" y="150" font-size="48" text-anchor="middle" dominant-baseline="middle" font-weight="700" fill="#555555">=</text><rect x="275.55555555555554" y="47.77777777777777" width="204.44444444444446" height="34.074074074074076" fill="#FFD93D" stroke="#000000" stroke-width="1.5" fill-opacity="0.3"/><rect x="275.55555555555554" y="81.85185185185185" width="204.44444444444446" height="34.074074074074076" fill="#FFD93D" stroke="#000000" stroke-width="1.5" fill-opacity="0.3"/><rect x="275.55555555555554" y="115.92592592592592" width="204.44444444444446" height="34.074074074074076" fill="#FFD93D" stroke="#000000" stroke-width="1.5" fill-opacity="0.3"/><rect x="275.55555555555554" y="150" width="204.44444444444446" height="34.074074074074076" fill="#FFD93D" stroke="#000000" stroke-width="1.5" fill-opacity="0.3"/><rect x="275.55555555555554" y="184.07407407407408" width="204.44444444444446" height="34.074074074074076" fill="none" stroke="#000000" stroke-width="1.5" fill-opacity="0.3"/><rect x="275.55555555555554" y="218.14814814814815" width="204.44444444444446" height="34.074074074074076" fill="none" stroke="#000000" stroke-width="1.5" fill-opacity="0.3"/><rect x="275.55555555555554" y="47.77777777777777" width="204.44444444444446" height="204.44444444444446" fill="none" stroke="#000000" stroke-width="2"/></svg>"`;

exports[`Widget: fraction-model-diagram should produce consistent output for example #3 1`] = `"<svg width="540" height="340" viewBox="-20 -20 540 340" xmlns="http://www.w3.org/2000/svg" font-family="sans-serif"><path d="M 85.71428571428571 150 L 85.71428571428571 84.28571428571429 L 142.62452653440596 182.85714285714283 Z" fill="#9C27B0" stroke="#000000" stroke-width="1.5" fill-opacity="0.3"/><path d="M 85.71428571428571 150 L 142.62452653440596 182.85714285714283 L 28.80404489416547 182.8571428571429 Z" fill="none" stroke="#000000" stroke-width="1.5" fill-opacity="0.3"/><path d="M 85.71428571428571 150 L 28.80404489416547 182.8571428571429 L 85.71428571428571 84.28571428571429 Z" fill="none" stroke="#000000" stroke-width="1.5" fill-opacity="0.3"/><polygon points="85.71428571428571,84.28571428571429 142.62452653440596,182.85714285714283 28.80404489416547,182.8571428571429" fill="none" stroke="#000000" stroke-width="2"/><text x="167.85714285714283" y="150" font-size="48" text-anchor="middle" dominant-baseline="middle" font-weight="700" fill="#555555">+</text><path d="M 250 150 L 250 84.28571428571429 L 315.7142857142857 150 Z" fill="#FF5722" stroke="#000000" stroke-width="1.5" fill-opacity="0.3"/><path d="M 250 150 L 315.7142857142857 150 L 250 215.71428571428572 Z" fill="none" stroke="#000000" stroke-width="1.5" fill-opacity="0.3"/><path d="M 250 150 L 250 215.71428571428572 L 184.28571428571428 150 Z" fill="none" stroke="#000000" stroke-width="1.5" fill-opacity="0.3"/><path d="M 250 150 L 184.28571428571428 150 L 250 84.28571428571429 Z" fill="none" stroke="#000000" stroke-width="1.5" fill-opacity="0.3"/><polygon points="250,84.28571428571429 315.7142857142857,150 250,215.71428571428572 184.28571428571428,150" fill="none" stroke="#000000" stroke-width="2"/><text x="332.1428571428571" y="150" font-size="48" text-anchor="middle" dominant-baseline="middle" font-weight="700" fill="#555555">=</text><path d="M 414.2857142857142 150 L 414.2857142857142 84.28571428571429 L 479.99999999999994 150 Z" fill="#607D8B" stroke="#000000" stroke-width="1.5" fill-opacity="0.3"/><path d="M 414.2857142857142 150 L 479.99999999999994 150 L 414.2857142857142 215.71428571428572 Z" fill="#607D8B" stroke="#000000" stroke-width="1.5" fill-opacity="0.3"/><path d="M 414.2857142857142 150 L 414.2857142857142 215.71428571428572 L 348.5714285714285 150 Z" fill="#607D8B" stroke="#000000" stroke-width="1.5" fill-opacity="0.3"/><path d="M 414.2857142857142 150 L 348.5714285714285 150 L 414.2857142857142 84.28571428571429 Z" fill="none" stroke="#000000" stroke-width="1.5" fill-opacity="0.3"/><polygon points="414.2857142857142,84.28571428571429 479.99999999999994,150 414.2857142857142,215.71428571428572 348.5714285714285,150" fill="none" stroke="#000000" stroke-width="2"/></svg>"`;
