// Bun Snapshot v1, https://bun.sh/docs/test/snapshots

exports[`Widget: fraction-sum-diagram should produce consistent output for example #1 1`] = `"<svg width="640" height="302" viewBox="-20 -20 640 302" xmlns="http://www.w3.org/2000/svg" font-family="sans-serif"><rect x="40" y="122" width="52" height="40" fill="#FADBD8" stroke="#000000" stroke-width="1.5"/><text x="66" y="137.45" font-size="11" text-anchor="middle">1</text><line x1="56.4" y1="142" x2="75.6" y2="142" stroke="black" stroke-width="1.5"/><text x="66" y="154.6" font-size="11" text-anchor="middle">10</text><rect x="92" y="122" width="52" height="40" fill="#FADBD8" stroke="#000000" stroke-width="1.5"/><text x="118" y="137.45" font-size="11" text-anchor="middle">1</text><line x1="108.4" y1="142" x2="127.6" y2="142" stroke="black" stroke-width="1.5"/><text x="118" y="154.6" font-size="11" text-anchor="middle">10</text><rect x="144" y="122" width="52" height="40" fill="#FADBD8" stroke="#000000" stroke-width="1.5"/><text x="170" y="137.45" font-size="11" text-anchor="middle">1</text><line x1="160.4" y1="142" x2="179.6" y2="142" stroke="black" stroke-width="1.5"/><text x="170" y="154.6" font-size="11" text-anchor="middle">10</text><rect x="196" y="122" width="52" height="40" fill="#FADBD8" stroke="#000000" stroke-width="1.5"/><text x="222" y="137.45" font-size="11" text-anchor="middle">1</text><line x1="212.4" y1="142" x2="231.6" y2="142" stroke="black" stroke-width="1.5"/><text x="222" y="154.6" font-size="11" text-anchor="middle">10</text><rect x="248" y="122" width="52" height="40" fill="#FDEBD0" stroke="#000000" stroke-width="1.5"/><text x="274" y="137.45" font-size="11" text-anchor="middle">1</text><line x1="264.4" y1="142" x2="283.6" y2="142" stroke="black" stroke-width="1.5"/><text x="274" y="154.6" font-size="11" text-anchor="middle">10</text><rect x="300" y="122" width="52" height="40" fill="#FDEBD0" stroke="#000000" stroke-width="1.5"/><text x="326" y="137.45" font-size="11" text-anchor="middle">1</text><line x1="316.4" y1="142" x2="335.6" y2="142" stroke="black" stroke-width="1.5"/><text x="326" y="154.6" font-size="11" text-anchor="middle">10</text><rect x="352" y="122" width="52" height="40" fill="#D6EAF8" stroke="#000000" stroke-width="1.5"/><text x="378" y="137.45" font-size="11" text-anchor="middle">1</text><line x1="368.4" y1="142" x2="387.6" y2="142" stroke="black" stroke-width="1.5"/><text x="378" y="154.6" font-size="11" text-anchor="middle">10</text><rect x="404" y="122" width="52" height="40" fill="white" stroke="#000000" stroke-width="1.5"/><text x="430" y="137.45" font-size="11" text-anchor="middle">1</text><line x1="420.4" y1="142" x2="439.6" y2="142" stroke="black" stroke-width="1.5"/><text x="430" y="154.6" font-size="11" text-anchor="middle">10</text><rect x="456" y="122" width="52" height="40" fill="white" stroke="#000000" stroke-width="1.5"/><text x="482" y="137.45" font-size="11" text-anchor="middle">1</text><line x1="472.4" y1="142" x2="491.6" y2="142" stroke="black" stroke-width="1.5"/><text x="482" y="154.6" font-size="11" text-anchor="middle">10</text><rect x="508" y="122" width="52" height="40" fill="white" stroke="#000000" stroke-width="1.5"/><text x="534" y="137.45" font-size="11" text-anchor="middle">1</text><line x1="524.4" y1="142" x2="543.6" y2="142" stroke="black" stroke-width="1.5"/><text x="534" y="154.6" font-size="11" text-anchor="middle">10</text><path d="M 40 110 Q 144 98 248 110" fill="none" stroke="#000000" stroke-width="2"/><text x="144" y="65.1" font-size="18" text-anchor="middle">4</text><line x1="130.2" y1="70" x2="157.8" y2="70" stroke="black" stroke-width="1.5"/><text x="144" y="86.8" font-size="18" text-anchor="middle">10</text><path d="M 248 110 Q 300 98 352 110" fill="none" stroke="#000000" stroke-width="2"/><text x="300" y="65.1" font-size="18" text-anchor="middle">2</text><line x1="286.2" y1="70" x2="313.8" y2="70" stroke="black" stroke-width="1.5"/><text x="300" y="86.8" font-size="18" text-anchor="middle">10</text><path d="M 352 110 Q 378 98 404 110" fill="none" stroke="#000000" stroke-width="2"/><text x="378" y="65.1" font-size="18" text-anchor="middle">1</text><line x1="364.2" y1="70" x2="391.8" y2="70" stroke="black" stroke-width="1.5"/><text x="378" y="86.8" font-size="18" text-anchor="middle">10</text><text x="266" y="70" font-size="30" text-anchor="middle" dominant-baseline="middle">+</text><text x="370" y="70" font-size="30" text-anchor="middle" dominant-baseline="middle">+</text><path d="M 40 174 Q 222 186 404 174" fill="none" stroke="#000000" stroke-width="2"/><text x="222" y="208.7" font-size="26" text-anchor="middle">7</text><line x1="203.4" y1="214" x2="240.6" y2="214" stroke="black" stroke-width="1.5"/><text x="222" y="235.6" font-size="26" text-anchor="middle">10</text></svg>"`;

exports[`Widget: fraction-sum-diagram should produce consistent output for example #2 1`] = `"<svg width="640" height="302" viewBox="-20 -20 640 302" xmlns="http://www.w3.org/2000/svg" font-family="sans-serif"><rect x="40" y="122" width="65" height="40" fill="#FADBD8" stroke="#000000" stroke-width="1.5"/><text x="72.5" y="137.45" font-size="11" text-anchor="middle">1</text><line x1="66.2" y1="142" x2="78.8" y2="142" stroke="black" stroke-width="1.5"/><text x="72.5" y="154.6" font-size="11" text-anchor="middle">8</text><rect x="105" y="122" width="65" height="40" fill="#FDEBD0" stroke="#000000" stroke-width="1.5"/><text x="137.5" y="137.45" font-size="11" text-anchor="middle">1</text><line x1="131.2" y1="142" x2="143.8" y2="142" stroke="black" stroke-width="1.5"/><text x="137.5" y="154.6" font-size="11" text-anchor="middle">8</text><rect x="170" y="122" width="65" height="40" fill="#FDEBD0" stroke="#000000" stroke-width="1.5"/><text x="202.5" y="137.45" font-size="11" text-anchor="middle">1</text><line x1="196.2" y1="142" x2="208.8" y2="142" stroke="black" stroke-width="1.5"/><text x="202.5" y="154.6" font-size="11" text-anchor="middle">8</text><rect x="235" y="122" width="65" height="40" fill="#D6EAF8" stroke="#000000" stroke-width="1.5"/><text x="267.5" y="137.45" font-size="11" text-anchor="middle">1</text><line x1="261.2" y1="142" x2="273.8" y2="142" stroke="black" stroke-width="1.5"/><text x="267.5" y="154.6" font-size="11" text-anchor="middle">8</text><rect x="300" y="122" width="65" height="40" fill="#D6EAF8" stroke="#000000" stroke-width="1.5"/><text x="332.5" y="137.45" font-size="11" text-anchor="middle">1</text><line x1="326.2" y1="142" x2="338.8" y2="142" stroke="black" stroke-width="1.5"/><text x="332.5" y="154.6" font-size="11" text-anchor="middle">8</text><rect x="365" y="122" width="65" height="40" fill="#D6EAF8" stroke="#000000" stroke-width="1.5"/><text x="397.5" y="137.45" font-size="11" text-anchor="middle">1</text><line x1="391.2" y1="142" x2="403.8" y2="142" stroke="black" stroke-width="1.5"/><text x="397.5" y="154.6" font-size="11" text-anchor="middle">8</text><rect x="430" y="122" width="65" height="40" fill="#D6EAF8" stroke="#000000" stroke-width="1.5"/><text x="462.5" y="137.45" font-size="11" text-anchor="middle">1</text><line x1="456.2" y1="142" x2="468.8" y2="142" stroke="black" stroke-width="1.5"/><text x="462.5" y="154.6" font-size="11" text-anchor="middle">8</text><rect x="495" y="122" width="65" height="40" fill="white" stroke="#000000" stroke-width="1.5"/><text x="527.5" y="137.45" font-size="11" text-anchor="middle">1</text><line x1="521.2" y1="142" x2="533.8" y2="142" stroke="black" stroke-width="1.5"/><text x="527.5" y="154.6" font-size="11" text-anchor="middle">8</text><path d="M 40 110 Q 72.5 98 105 110" fill="none" stroke="#000000" stroke-width="2"/><text x="72.5" y="65.1" font-size="18" text-anchor="middle">1</text><line x1="64.1" y1="70" x2="80.9" y2="70" stroke="black" stroke-width="1.5"/><text x="72.5" y="86.8" font-size="18" text-anchor="middle">8</text><path d="M 105 110 Q 170 98 235 110" fill="none" stroke="#000000" stroke-width="2"/><text x="170" y="65.1" font-size="18" text-anchor="middle">2</text><line x1="161.6" y1="70" x2="178.4" y2="70" stroke="black" stroke-width="1.5"/><text x="170" y="86.8" font-size="18" text-anchor="middle">8</text><path d="M 235 110 Q 365 98 495 110" fill="none" stroke="#000000" stroke-width="2"/><text x="365" y="65.1" font-size="18" text-anchor="middle">4</text><line x1="356.6" y1="70" x2="373.4" y2="70" stroke="black" stroke-width="1.5"/><text x="365" y="86.8" font-size="18" text-anchor="middle">8</text><text x="123" y="70" font-size="30" text-anchor="middle" dominant-baseline="middle">+</text><text x="253" y="70" font-size="30" text-anchor="middle" dominant-baseline="middle">+</text><path d="M 40 174 Q 267.5 186 495 174" fill="none" stroke="#000000" stroke-width="2"/><text x="267" y="208.7" font-size="26" text-anchor="middle">7</text><line x1="256.2" y1="214" x2="277.8" y2="214" stroke="black" stroke-width="1.5"/><text x="267" y="235.6" font-size="26" text-anchor="middle">8</text></svg>"`;
