// Bun Snapshot v1, https://bun.sh/docs/test/snapshots

exports[`Widget: function-plot-graph should produce consistent output for example #1 1`] = `"<svg width="540" height="549" viewBox="-20 -20 540 549" xmlns="http://www.w3.org/2000/svg" font-family="sans-serif" font-size="12"><defs><clipPath id="clip-0"><rect x="73.4" y="40" width="406.6" height="420"/></clipPath></defs><line x1="73.4" y1="40" x2="73.4" y2="460" stroke="#e0e0e0" stroke-width="1"/><line x1="114.06" y1="40" x2="114.06" y2="460" stroke="#e0e0e0" stroke-width="1"/><line x1="154.72000000000003" y1="40" x2="154.72000000000003" y2="460" stroke="#e0e0e0" stroke-width="1"/><line x1="195.38000000000002" y1="40" x2="195.38000000000002" y2="460" stroke="#e0e0e0" stroke-width="1"/><line x1="236.04000000000002" y1="40" x2="236.04000000000002" y2="460" stroke="#e0e0e0" stroke-width="1"/><line x1="317.36" y1="40" x2="317.36" y2="460" stroke="#e0e0e0" stroke-width="1"/><line x1="358.02" y1="40" x2="358.02" y2="460" stroke="#e0e0e0" stroke-width="1"/><line x1="398.68000000000006" y1="40" x2="398.68000000000006" y2="460" stroke="#e0e0e0" stroke-width="1"/><line x1="439.34000000000003" y1="40" x2="439.34000000000003" y2="460" stroke="#e0e0e0" stroke-width="1"/><line x1="480" y1="40" x2="480" y2="460" stroke="#e0e0e0" stroke-width="1"/><line x1="73.4" y1="460" x2="480" y2="460" stroke="#e0e0e0" stroke-width="1"/><line x1="73.4" y1="418" x2="480" y2="418" stroke="#e0e0e0" stroke-width="1"/><line x1="73.4" y1="376" x2="480" y2="376" stroke="#e0e0e0" stroke-width="1"/><line x1="73.4" y1="334" x2="480" y2="334" stroke="#e0e0e0" stroke-width="1"/><line x1="73.4" y1="292" x2="480" y2="292" stroke="#e0e0e0" stroke-width="1"/><line x1="73.4" y1="208" x2="480" y2="208" stroke="#e0e0e0" stroke-width="1"/><line x1="73.4" y1="166" x2="480" y2="166" stroke="#e0e0e0" stroke-width="1"/><line x1="73.4" y1="124" x2="480" y2="124" stroke="#e0e0e0" stroke-width="1"/><line x1="73.4" y1="82" x2="480" y2="82" stroke="#e0e0e0" stroke-width="1"/><line x1="73.4" y1="40" x2="480" y2="40" stroke="#e0e0e0" stroke-width="1"/><line x1="73.4" y1="250" x2="480" y2="250" stroke="#333333" stroke-width="1.5"/><line x1="276.70000000000005" y1="40" x2="276.70000000000005" y2="460" stroke="#333333" stroke-width="1.5"/><line x1="73.4" y1="246" x2="73.4" y2="254" stroke="#333333" stroke-width="1"/><text x="73.4" y="265" font-size="12" text-anchor="middle" fill="#333333">-5</text><line x1="114.06" y1="246" x2="114.06" y2="254" stroke="#333333" stroke-width="1"/><text x="114.06" y="265" font-size="12" text-anchor="middle" fill="#333333">-4</text><line x1="154.72000000000003" y1="246" x2="154.72000000000003" y2="254" stroke="#333333" stroke-width="1"/><text x="154.72000000000003" y="265" font-size="12" text-anchor="middle" fill="#333333">-3</text><line x1="195.38000000000002" y1="246" x2="195.38000000000002" y2="254" stroke="#333333" stroke-width="1"/><text x="195.38000000000002" y="265" font-size="12" text-anchor="middle" fill="#333333">-2</text><line x1="236.04000000000002" y1="246" x2="236.04000000000002" y2="254" stroke="#333333" stroke-width="1"/><text x="236.04000000000002" y="265" font-size="12" text-anchor="middle" fill="#333333">-1</text><line x1="317.36" y1="246" x2="317.36" y2="254" stroke="#333333" stroke-width="1"/><text x="317.36" y="265" font-size="12" text-anchor="middle" fill="#333333">1</text><line x1="358.02" y1="246" x2="358.02" y2="254" stroke="#333333" stroke-width="1"/><text x="358.02" y="265" font-size="12" text-anchor="middle" fill="#333333">2</text><line x1="398.68000000000006" y1="246" x2="398.68000000000006" y2="254" stroke="#333333" stroke-width="1"/><text x="398.68000000000006" y="265" font-size="12" text-anchor="middle" fill="#333333">3</text><line x1="439.34000000000003" y1="246" x2="439.34000000000003" y2="254" stroke="#333333" stroke-width="1"/><text x="439.34000000000003" y="265" font-size="12" text-anchor="middle" fill="#333333">4</text><line x1="480" y1="246" x2="480" y2="254" stroke="#333333" stroke-width="1"/><text x="480" y="265" font-size="12" text-anchor="middle" fill="#333333">5</text><line x1="272.70000000000005" y1="460" x2="280.70000000000005" y2="460" stroke="#333333" stroke-width="1"/><text x="268.70000000000005" y="464" font-size="12" text-anchor="end" fill="#333333">-10</text><line x1="272.70000000000005" y1="418" x2="280.70000000000005" y2="418" stroke="#333333" stroke-width="1"/><text x="268.70000000000005" y="422" font-size="12" text-anchor="end" fill="#333333">-8</text><line x1="272.70000000000005" y1="376" x2="280.70000000000005" y2="376" stroke="#333333" stroke-width="1"/><text x="268.70000000000005" y="380" font-size="12" text-anchor="end" fill="#333333">-6</text><line x1="272.70000000000005" y1="334" x2="280.70000000000005" y2="334" stroke="#333333" stroke-width="1"/><text x="268.70000000000005" y="338" font-size="12" text-anchor="end" fill="#333333">-4</text><line x1="272.70000000000005" y1="292" x2="280.70000000000005" y2="292" stroke="#333333" stroke-width="1"/><text x="268.70000000000005" y="296" font-size="12" text-anchor="end" fill="#333333">-2</text><line x1="272.70000000000005" y1="208" x2="280.70000000000005" y2="208" stroke="#333333" stroke-width="1"/><text x="268.70000000000005" y="212" font-size="12" text-anchor="end" fill="#333333">2</text><line x1="272.70000000000005" y1="166" x2="280.70000000000005" y2="166" stroke="#333333" stroke-width="1"/><text x="268.70000000000005" y="170" font-size="12" text-anchor="end" fill="#333333">4</text><line x1="272.70000000000005" y1="124" x2="280.70000000000005" y2="124" stroke="#333333" stroke-width="1"/><text x="268.70000000000005" y="128" font-size="12" text-anchor="end" fill="#333333">6</text><line x1="272.70000000000005" y1="82" x2="280.70000000000005" y2="82" stroke="#333333" stroke-width="1"/><text x="268.70000000000005" y="86" font-size="12" text-anchor="end" fill="#333333">8</text><line x1="272.70000000000005" y1="40" x2="280.70000000000005" y2="40" stroke="#333333" stroke-width="1"/><text x="268.70000000000005" y="44" font-size="12" text-anchor="end" fill="#333333">10</text><text x="276.70000000000005" y="495" font-size="14" text-anchor="middle" fill="#333333">x</text><text x="20.000000000000007" y="250" font-size="14" text-anchor="middle" fill="#333333" transform="rotate(-90, 20.000000000000007, 250)"><tspan x="20.000000000000007" dy="0">y</tspan></text><text x="378.35" y="145" font-size="18" text-anchor="middle" dominant-baseline="middle" fill="#ccc">I</text><text x="175.05000000000004" y="145" font-size="18" text-anchor="middle" dominant-baseline="middle" fill="#ccc">II</text><text x="175.05000000000004" y="355" font-size="18" text-anchor="middle" dominant-baseline="middle" fill="#ccc">III</text><text x="378.35" y="355" font-size="18" text-anchor="middle" dominant-baseline="middle" fill="#ccc">IV</text><g clip-path="url(#clip-0)"><polyline points="114.06,82 154.72000000000003,155.5 195.38000000000002,208 236.04000000000002,239.5 276.70000000000005,250 317.36,239.5 358.02,208 398.68000000000006,155.5 439.34000000000003,82" stroke="#2563eb" stroke-width="2" fill="none"/></g><circle cx="276.70000000000005" cy="250" r="4" fill="#000000" stroke="#000000" stroke-width="1.5"/><text x="282.70000000000005" y="244" font-size="12" fill="#333333">O</text><circle cx="195.38000000000002" cy="208" r="4" fill="#000000" stroke="#000000" stroke-width="1.5"/><text x="201.38000000000002" y="202" font-size="12" fill="#333333">A</text><circle cx="358.02" cy="208" r="4" fill="#000000" stroke="#000000" stroke-width="1.5"/><text x="364.02" y="202" font-size="12" fill="#333333">B</text></svg>"`;

exports[`Widget: function-plot-graph should produce consistent output for example #2 1`] = `"<svg width="640" height="449" viewBox="-20 -20 640 449" xmlns="http://www.w3.org/2000/svg" font-family="sans-serif" font-size="12"><defs><clipPath id="clip-0"><rect x="66.4" y="40" width="513.6" height="320"/></clipPath></defs><line x1="117.76" y1="40" x2="117.76" y2="360" stroke="#e0e0e0" stroke-width="1"/><line x1="169.12" y1="40" x2="169.12" y2="360" stroke="#e0e0e0" stroke-width="1"/><line x1="220.48" y1="40" x2="220.48" y2="360" stroke="#e0e0e0" stroke-width="1"/><line x1="271.84000000000003" y1="40" x2="271.84000000000003" y2="360" stroke="#e0e0e0" stroke-width="1"/><line x1="323.20000000000005" y1="40" x2="323.20000000000005" y2="360" stroke="#e0e0e0" stroke-width="1"/><line x1="374.55999999999995" y1="40" x2="374.55999999999995" y2="360" stroke="#e0e0e0" stroke-width="1"/><line x1="425.91999999999996" y1="40" x2="425.91999999999996" y2="360" stroke="#e0e0e0" stroke-width="1"/><line x1="477.28" y1="40" x2="477.28" y2="360" stroke="#e0e0e0" stroke-width="1"/><line x1="528.64" y1="40" x2="528.64" y2="360" stroke="#e0e0e0" stroke-width="1"/><line x1="580" y1="40" x2="580" y2="360" stroke="#e0e0e0" stroke-width="1"/><line x1="66.4" y1="360" x2="580" y2="360" stroke="#e0e0e0" stroke-width="1"/><line x1="66.4" y1="328" x2="580" y2="328" stroke="#e0e0e0" stroke-width="1"/><line x1="66.4" y1="296" x2="580" y2="296" stroke="#e0e0e0" stroke-width="1"/><line x1="66.4" y1="264" x2="580" y2="264" stroke="#e0e0e0" stroke-width="1"/><line x1="66.4" y1="232" x2="580" y2="232" stroke="#e0e0e0" stroke-width="1"/><line x1="66.4" y1="168" x2="580" y2="168" stroke="#e0e0e0" stroke-width="1"/><line x1="66.4" y1="136" x2="580" y2="136" stroke="#e0e0e0" stroke-width="1"/><line x1="66.4" y1="104" x2="580" y2="104" stroke="#e0e0e0" stroke-width="1"/><line x1="66.4" y1="72" x2="580" y2="72" stroke="#e0e0e0" stroke-width="1"/><line x1="66.4" y1="40" x2="580" y2="40" stroke="#e0e0e0" stroke-width="1"/><line x1="66.4" y1="200" x2="580" y2="200" stroke="#333333" stroke-width="1.5"/><line x1="66.4" y1="40" x2="66.4" y2="360" stroke="#333333" stroke-width="1.5"/><line x1="117.76" y1="196" x2="117.76" y2="204" stroke="#333333" stroke-width="1"/><text x="117.76" y="215" font-size="12" text-anchor="middle" fill="#333333">1</text><line x1="169.12" y1="196" x2="169.12" y2="204" stroke="#333333" stroke-width="1"/><text x="169.12" y="215" font-size="12" text-anchor="middle" fill="#333333">2</text><line x1="220.48" y1="196" x2="220.48" y2="204" stroke="#333333" stroke-width="1"/><text x="220.48" y="215" font-size="12" text-anchor="middle" fill="#333333">3</text><line x1="271.84000000000003" y1="196" x2="271.84000000000003" y2="204" stroke="#333333" stroke-width="1"/><text x="271.84000000000003" y="215" font-size="12" text-anchor="middle" fill="#333333">4</text><line x1="323.20000000000005" y1="196" x2="323.20000000000005" y2="204" stroke="#333333" stroke-width="1"/><text x="323.20000000000005" y="215" font-size="12" text-anchor="middle" fill="#333333">5</text><line x1="374.55999999999995" y1="196" x2="374.55999999999995" y2="204" stroke="#333333" stroke-width="1"/><text x="374.55999999999995" y="215" font-size="12" text-anchor="middle" fill="#333333">6</text><line x1="425.91999999999996" y1="196" x2="425.91999999999996" y2="204" stroke="#333333" stroke-width="1"/><text x="425.91999999999996" y="215" font-size="12" text-anchor="middle" fill="#333333">7</text><line x1="477.28" y1="196" x2="477.28" y2="204" stroke="#333333" stroke-width="1"/><text x="477.28" y="215" font-size="12" text-anchor="middle" fill="#333333">8</text><line x1="528.64" y1="196" x2="528.64" y2="204" stroke="#333333" stroke-width="1"/><text x="528.64" y="215" font-size="12" text-anchor="middle" fill="#333333">9</text><line x1="580" y1="196" x2="580" y2="204" stroke="#333333" stroke-width="1"/><text x="580" y="215" font-size="12" text-anchor="middle" fill="#333333">10</text><line x1="62.400000000000006" y1="360" x2="70.4" y2="360" stroke="#333333" stroke-width="1"/><text x="58.400000000000006" y="364" font-size="12" text-anchor="end" fill="#333333">-5</text><line x1="62.400000000000006" y1="328" x2="70.4" y2="328" stroke="#333333" stroke-width="1"/><text x="58.400000000000006" y="332" font-size="12" text-anchor="end" fill="#333333">-4</text><line x1="62.400000000000006" y1="296" x2="70.4" y2="296" stroke="#333333" stroke-width="1"/><text x="58.400000000000006" y="300" font-size="12" text-anchor="end" fill="#333333">-3</text><line x1="62.400000000000006" y1="264" x2="70.4" y2="264" stroke="#333333" stroke-width="1"/><text x="58.400000000000006" y="268" font-size="12" text-anchor="end" fill="#333333">-2</text><line x1="62.400000000000006" y1="232" x2="70.4" y2="232" stroke="#333333" stroke-width="1"/><text x="58.400000000000006" y="236" font-size="12" text-anchor="end" fill="#333333">-1</text><line x1="62.400000000000006" y1="168" x2="70.4" y2="168" stroke="#333333" stroke-width="1"/><text x="58.400000000000006" y="172" font-size="12" text-anchor="end" fill="#333333">1</text><line x1="62.400000000000006" y1="136" x2="70.4" y2="136" stroke="#333333" stroke-width="1"/><text x="58.400000000000006" y="140" font-size="12" text-anchor="end" fill="#333333">2</text><line x1="62.400000000000006" y1="104" x2="70.4" y2="104" stroke="#333333" stroke-width="1"/><text x="58.400000000000006" y="108" font-size="12" text-anchor="end" fill="#333333">3</text><line x1="62.400000000000006" y1="72" x2="70.4" y2="72" stroke="#333333" stroke-width="1"/><text x="58.400000000000006" y="76" font-size="12" text-anchor="end" fill="#333333">4</text><line x1="62.400000000000006" y1="40" x2="70.4" y2="40" stroke="#333333" stroke-width="1"/><text x="58.400000000000006" y="44" font-size="12" text-anchor="end" fill="#333333">5</text><text x="323.20000000000005" y="395" font-size="14" text-anchor="middle" fill="#333333">Time (s)</text><text x="20.000000000000007" y="200" font-size="14" text-anchor="middle" fill="#333333" transform="rotate(-90, 20.000000000000007, 200)"><tspan x="20.000000000000007" dy="0">Position (m)</tspan></text><g clip-path="url(#clip-0)"><polyline points="66.4,200 117.76,136 169.12,104 220.48,88 271.84000000000003,104 323.20000000000005,136 374.55999999999995,200 425.91999999999996,264 477.28,296 528.64,264 580,200" stroke="#059669" stroke-width="2" fill="none"/></g><circle cx="220.48" cy="88" r="4" fill="#000000" stroke="#000000" stroke-width="1.5"/><text x="226.48" y="82" font-size="12" fill="#333333">Max</text><circle cx="477.28" cy="296" r="4" fill="#000000" stroke="#000000" stroke-width="1.5"/><text x="483.28" y="290" font-size="12" fill="#333333">Min</text></svg>"`;

exports[`Widget: function-plot-graph should produce consistent output for example #3 1`] = `"<svg width="440" height="449" viewBox="-20 -20 440 449" xmlns="http://www.w3.org/2000/svg" font-family="sans-serif" font-size="12"><defs><clipPath id="clip-0"><rect x="66.4" y="40" width="313.6" height="320"/></clipPath></defs><line x1="66.4" y1="296" x2="380" y2="296" stroke="#333333" stroke-width="1.5"/><line x1="223.20000000000002" y1="40" x2="223.20000000000002" y2="360" stroke="#333333" stroke-width="1.5"/><line x1="66.4" y1="292" x2="66.4" y2="300" stroke="#333333" stroke-width="1"/><text x="66.4" y="311" font-size="12" text-anchor="middle" fill="#333333">-3</text><line x1="92.53333333333335" y1="292" x2="92.53333333333335" y2="300" stroke="#333333" stroke-width="1"/><line x1="118.66666666666669" y1="292" x2="118.66666666666669" y2="300" stroke="#333333" stroke-width="1"/><text x="118.66666666666669" y="311" font-size="12" text-anchor="middle" fill="#333333">-2</text><line x1="144.8" y1="292" x2="144.8" y2="300" stroke="#333333" stroke-width="1"/><line x1="170.93333333333334" y1="292" x2="170.93333333333334" y2="300" stroke="#333333" stroke-width="1"/><text x="170.93333333333334" y="311" font-size="12" text-anchor="middle" fill="#333333">-1</text><line x1="197.0666666666667" y1="292" x2="197.0666666666667" y2="300" stroke="#333333" stroke-width="1"/><line x1="249.33333333333337" y1="292" x2="249.33333333333337" y2="300" stroke="#333333" stroke-width="1"/><line x1="275.4666666666667" y1="292" x2="275.4666666666667" y2="300" stroke="#333333" stroke-width="1"/><text x="275.4666666666667" y="311" font-size="12" text-anchor="middle" fill="#333333">1</text><line x1="301.6" y1="292" x2="301.6" y2="300" stroke="#333333" stroke-width="1"/><line x1="327.73333333333335" y1="292" x2="327.73333333333335" y2="300" stroke="#333333" stroke-width="1"/><text x="327.73333333333335" y="311" font-size="12" text-anchor="middle" fill="#333333">2</text><line x1="353.8666666666667" y1="292" x2="353.8666666666667" y2="300" stroke="#333333" stroke-width="1"/><line x1="380" y1="292" x2="380" y2="300" stroke="#333333" stroke-width="1"/><text x="380" y="311" font-size="12" text-anchor="middle" fill="#333333">3</text><line x1="219.20000000000002" y1="360" x2="227.20000000000002" y2="360" stroke="#333333" stroke-width="1"/><text x="215.20000000000002" y="364" font-size="12" text-anchor="end" fill="#333333">-2</text><line x1="219.20000000000002" y1="328" x2="227.20000000000002" y2="328" stroke="#333333" stroke-width="1"/><text x="215.20000000000002" y="332" font-size="12" text-anchor="end" fill="#333333">-1</text><line x1="219.20000000000002" y1="264" x2="227.20000000000002" y2="264" stroke="#333333" stroke-width="1"/><text x="215.20000000000002" y="268" font-size="12" text-anchor="end" fill="#333333">1</text><line x1="219.20000000000002" y1="232" x2="227.20000000000002" y2="232" stroke="#333333" stroke-width="1"/><text x="215.20000000000002" y="236" font-size="12" text-anchor="end" fill="#333333">2</text><line x1="219.20000000000002" y1="200" x2="227.20000000000002" y2="200" stroke="#333333" stroke-width="1"/><text x="215.20000000000002" y="204" font-size="12" text-anchor="end" fill="#333333">3</text><line x1="219.20000000000002" y1="168" x2="227.20000000000002" y2="168" stroke="#333333" stroke-width="1"/><text x="215.20000000000002" y="172" font-size="12" text-anchor="end" fill="#333333">4</text><line x1="219.20000000000002" y1="136" x2="227.20000000000002" y2="136" stroke="#333333" stroke-width="1"/><text x="215.20000000000002" y="140" font-size="12" text-anchor="end" fill="#333333">5</text><line x1="219.20000000000002" y1="104" x2="227.20000000000002" y2="104" stroke="#333333" stroke-width="1"/><text x="215.20000000000002" y="108" font-size="12" text-anchor="end" fill="#333333">6</text><line x1="219.20000000000002" y1="72" x2="227.20000000000002" y2="72" stroke="#333333" stroke-width="1"/><text x="215.20000000000002" y="76" font-size="12" text-anchor="end" fill="#333333">7</text><line x1="219.20000000000002" y1="40" x2="227.20000000000002" y2="40" stroke="#333333" stroke-width="1"/><text x="215.20000000000002" y="44" font-size="12" text-anchor="end" fill="#333333">8</text><text x="223.20000000000002" y="395" font-size="14" text-anchor="middle" fill="#333333">x</text><text x="20.000000000000007" y="200" font-size="14" text-anchor="middle" fill="#333333" transform="rotate(-90, 20.000000000000007, 200)"><tspan x="20.000000000000007" dy="0">f(x)</tspan></text><g clip-path="url(#clip-0)"><polyline points="66.4,8 92.53333333333335,96 118.66666666666669,168 144.8,224 170.93333333333334,264 197.0666666666667,288 223.20000000000002,296 249.33333333333337,288 275.4666666666667,264 301.6,224 327.73333333333335,168 353.8666666666667,96 380,8" stroke="#7c3aed" stroke-width="2" fill="none"/></g></svg>"`;
