// Bun Snapshot v1, https://bun.sh/docs/test/snapshots

exports[`Widget: geometric-primitive-diagram should produce consistent output for example #1 1`] = `"<svg width="340" height="340" viewBox="-20 -20 340 340" xmlns="http://www.w3.org/2000/svg" font-family="sans-serif" font-size="14"><defs><marker id="primitive-arrow" viewBox="0 0 10 10" refX="9" refY="5" markerWidth="6" markerHeight="6" orient="auto-start-reverse"><path d="M 0 0 L 10 5 L 0 10 z" fill="#000000"/></marker></defs><line x1="76.27631601399074" y1="201.62187927159414" x2="223.72368398600926" y2="98.37812072840586" stroke="#000000" stroke-width="2"/><circle cx="76.27631601399074" cy="201.62187927159414" r="4" fill="#000000"/><text x="61.531579216788884" y="211.94625512591296" font-size="16" text-anchor="middle" dominant-baseline="middle" font-weight="700" fill="#333333">P</text><circle cx="223.72368398600926" cy="98.37812072840586" r="4" fill="#000000"/><text x="238.46842078321112" y="88.05374487408703" font-size="16" text-anchor="middle" dominant-baseline="middle" font-weight="700" fill="#333333">S</text></svg>"`;

exports[`Widget: geometric-primitive-diagram should produce consistent output for example #2 1`] = `"<svg width="340" height="340" viewBox="-20 -20 340 340" xmlns="http://www.w3.org/2000/svg" font-family="sans-serif" font-size="14"><defs><marker id="primitive-arrow" viewBox="0 0 10 10" refX="9" refY="5" markerWidth="6" markerHeight="6" orient="auto-start-reverse"><path d="M 0 0 L 10 5 L 0 10 z" fill="#000000"/></marker></defs><line x1="90" y1="150" x2="210" y2="150" stroke="#000000" stroke-width="2"/><circle cx="90" cy="150" r="4" fill="#000000"/><text x="72" y="150" font-size="16" text-anchor="middle" dominant-baseline="middle" font-weight="700" fill="#333333">P</text><circle cx="210" cy="150" r="4" fill="#000000"/><text x="228" y="150" font-size="16" text-anchor="middle" dominant-baseline="middle" font-weight="700" fill="#333333">S</text></svg>"`;

exports[`Widget: geometric-primitive-diagram should produce consistent output for example #3 1`] = `"<svg width="340" height="340" viewBox="-20 -20 340 340" xmlns="http://www.w3.org/2000/svg" font-family="sans-serif" font-size="14"><defs><marker id="primitive-arrow" viewBox="0 0 10 10" refX="9" refY="5" markerWidth="6" markerHeight="6" orient="auto-start-reverse"><path d="M 0 0 L 10 5 L 0 10 z" fill="#000000"/></marker></defs><circle cx="150" cy="150" r="4" fill="#000000"/><text x="160" y="140" font-size="16" text-anchor="middle" dominant-baseline="middle" font-weight="700" fill="#333333">Q</text></svg>"`;

exports[`Widget: geometric-primitive-diagram should produce consistent output for example #4 1`] = `"<svg width="340" height="340" viewBox="-20 -20 340 340" xmlns="http://www.w3.org/2000/svg" font-family="sans-serif" font-size="14"><defs><marker id="primitive-arrow" viewBox="0 0 10 10" refX="9" refY="5" markerWidth="6" markerHeight="6" orient="auto-start-reverse"><path d="M 0 0 L 10 5 L 0 10 z" fill="#000000"/></marker></defs><line x1="171.13091308703497" y1="195.3153893518325" x2="89.38000443985018" y2="20" stroke="#000000" stroke-width="2" marker-end="url(#primitive-arrow)"/><circle cx="171.13091308703497" cy="195.3153893518325" r="4" fill="#000000"/><circle cx="128.86908691296503" cy="104.6846106481675" r="4" fill="#000000"/></svg>"`;

exports[`Widget: geometric-primitive-diagram should produce consistent output for example #5 1`] = `"<svg width="340" height="340" viewBox="-20 -20 340 340" xmlns="http://www.w3.org/2000/svg" font-family="sans-serif" font-size="14"><defs><marker id="primitive-arrow" viewBox="0 0 10 10" refX="9" refY="5" markerWidth="6" markerHeight="6" orient="auto-start-reverse"><path d="M 0 0 L 10 5 L 0 10 z" fill="#000000"/></marker></defs><path d="M 103.01536896070458 167.10100716628344 Q 160.26060429977005 178.19077862357724 196.98463103929544 132.89899283371656" fill="none" stroke="#000000" stroke-width="2"/><circle cx="103.01536896070458" cy="167.10100716628344" r="4" fill="#000000"/><circle cx="196.98463103929544" cy="132.89899283371656" r="4" fill="#000000"/></svg>"`;

exports[`Widget: geometric-primitive-diagram should produce consistent output for example #6 1`] = `"<svg width="340" height="340" viewBox="-20 -20 340 340" xmlns="http://www.w3.org/2000/svg" font-family="sans-serif" font-size="14"><defs><marker id="primitive-arrow" viewBox="0 0 10 10" refX="9" refY="5" markerWidth="6" markerHeight="6" orient="auto-start-reverse"><path d="M 0 0 L 10 5 L 0 10 z" fill="#000000"/></marker></defs><line x1="225.0555349946513" y1="280" x2="74.94446500534868" y2="20.00000000000003" stroke="#000000" stroke-width="2" marker-start="url(#primitive-arrow)" marker-end="url(#primitive-arrow)"/><circle cx="175" cy="193.30127018922195" r="4" fill="#000000"/><circle cx="125" cy="106.69872981077806" r="4" fill="#000000"/></svg>"`;

exports[`Widget: geometric-primitive-diagram should produce consistent output for example #7 1`] = `"<svg width="340" height="340" viewBox="-20 -20 340 340" xmlns="http://www.w3.org/2000/svg" font-family="sans-serif" font-size="14"><defs><marker id="primitive-arrow" viewBox="0 0 10 10" refX="9" refY="5" markerWidth="6" markerHeight="6" orient="auto-start-reverse"><path d="M 0 0 L 10 5 L 0 10 z" fill="#000000"/></marker></defs><line x1="184.41458618106276" y1="199.14912265733952" x2="115.58541381893724" y2="100.85087734266048" stroke="#000000" stroke-width="2"/><circle cx="184.41458618106276" cy="199.14912265733952" r="4" fill="#000000"/><circle cx="115.58541381893724" cy="100.85087734266048" r="4" fill="#000000"/></svg>"`;

exports[`Widget: geometric-primitive-diagram should produce consistent output for example #8 1`] = `"<svg width="340" height="90" viewBox="-20 -20 340 90" xmlns="http://www.w3.org/2000/svg" font-family="sans-serif" font-size="14"><defs><marker id="primitive-arrow" viewBox="0 0 10 10" refX="9" refY="5" markerWidth="6" markerHeight="6" orient="auto-start-reverse"><path d="M 0 0 L 10 5 L 0 10 z" fill="#000000"/></marker></defs><line x1="20" y1="25" x2="280" y2="25" stroke="#000000" stroke-width="2" marker-start="url(#primitive-arrow)" marker-end="url(#primitive-arrow)"/><circle cx="37.5" cy="25" r="4" fill="#000000"/><circle cx="262.5" cy="25" r="4" fill="#000000"/></svg>"`;

exports[`Widget: geometric-primitive-diagram should produce consistent output for example #9 1`] = `"<svg width="340" height="90" viewBox="-20 -20 340 90" xmlns="http://www.w3.org/2000/svg" font-family="sans-serif" font-size="14"><defs><marker id="primitive-arrow" viewBox="0 0 10 10" refX="9" refY="5" markerWidth="6" markerHeight="6" orient="auto-start-reverse"><path d="M 0 0 L 10 5 L 0 10 z" fill="#000000"/></marker></defs><line x1="37.5" y1="25" x2="280" y2="25" stroke="#000000" stroke-width="2" marker-end="url(#primitive-arrow)"/><circle cx="37.5" cy="25" r="4" fill="#000000"/><circle cx="262.5" cy="25" r="4" fill="#000000"/></svg>"`;

exports[`Widget: geometric-primitive-diagram should produce consistent output for example #10 1`] = `"<svg width="340" height="90" viewBox="-20 -20 340 90" xmlns="http://www.w3.org/2000/svg" font-family="sans-serif" font-size="14"><defs><marker id="primitive-arrow" viewBox="0 0 10 10" refX="9" refY="5" markerWidth="6" markerHeight="6" orient="auto-start-reverse"><path d="M 0 0 L 10 5 L 0 10 z" fill="#000000"/></marker></defs><line x1="37.5" y1="25" x2="262.5" y2="25" stroke="#000000" stroke-width="2"/><circle cx="37.5" cy="25" r="4" fill="#000000"/><circle cx="262.5" cy="25" r="4" fill="#000000"/></svg>"`;

exports[`Widget: geometric-primitive-diagram should produce consistent output for example #11 1`] = `"<svg width="90" height="90" viewBox="-20 -20 90 90" xmlns="http://www.w3.org/2000/svg" font-family="sans-serif" font-size="14"><defs><marker id="primitive-arrow" viewBox="0 0 10 10" refX="9" refY="5" markerWidth="6" markerHeight="6" orient="auto-start-reverse"><path d="M 0 0 L 10 5 L 0 10 z" fill="#000000"/></marker></defs><circle cx="25" cy="25" r="4" fill="#000000"/></svg>"`;
