// Bun Snapshot v1, https://goo.gl/fbAQLP

exports[`Widget: labeled-rectangle-diagram should produce consistent output for example #1 1`] = `"<svg width="480" height="340" viewBox="-90 -20 480 340" xmlns="http://www.w3.org/2000/svg"><rect x="50" y="50" width="200" height="200" fill="#F8E8EE" stroke="#C06C84" stroke-width="2"/><foreignObject x="50" y="15" width="200" height="30"><div xmlns="http://www.w3.org/1999/xhtml" style="font-family: sans-serif; color: #333333; text-align: center; display: flex; align-items: center; justify-content: center; width: 100%; height: 100%; box-sizing: border-box; padding: 5px; font-size: 16px;"><math xmlns="http://www.w3.org/1998/Math/MathML"><mn>5</mn><mtext> cm</mtext></math></div></foreignObject><foreignObject x="50" y="255" width="200" height="30"><div xmlns="http://www.w3.org/1999/xhtml" style="font-family: sans-serif; color: #333333; text-align: center; display: flex; align-items: center; justify-content: center; width: 100%; height: 100%; box-sizing: border-box; padding: 5px; font-size: 16px;"><math xmlns="http://www.w3.org/1998/Math/MathML"><mn>5</mn><mtext> cm</mtext></math></div></foreignObject><g transform="rotate(-90, 30, 150)"><foreignObject x="-70" y="135" width="200" height="30"><div xmlns="http://www.w3.org/1999/xhtml" style="font-family: sans-serif; color: #333333; text-align: center; display: flex; align-items: center; justify-content: center; width: 100%; height: 100%; box-sizing: border-box; padding: 5px; font-size: 16px;"><math xmlns="http://www.w3.org/1998/Math/MathML"><mi>x</mi><mtext> cm</mtext></math></div></foreignObject></g><g transform="rotate(-90, 270, 150)"><foreignObject x="170" y="135" width="200" height="30"><div xmlns="http://www.w3.org/1999/xhtml" style="font-family: sans-serif; color: #333333; text-align: center; display: flex; align-items: center; justify-content: center; width: 100%; height: 100%; box-sizing: border-box; padding: 5px; font-size: 16px;"><math xmlns="http://www.w3.org/1998/Math/MathML"><mi>x</mi><mtext> cm</mtext></math></div></foreignObject></g><foreignObject x="50" y="50" width="200" height="200"><div xmlns="http://www.w3.org/1999/xhtml" style="font-family: sans-serif; color: #333333; text-align: center; display: flex; align-items: center; justify-content: center; width: 100%; height: 100%; box-sizing: border-box; padding: 5px; font-size: 20px; font-weight: bold;"><math xmlns="http://www.w3.org/1998/Math/MathML"><mn>20</mn><mtext> cm</mtext><msup><mn></mn><mn>2</mn></msup></math></div></foreignObject></svg>"`;

exports[`Widget: labeled-rectangle-diagram should produce consistent output for example #2 1`] = `"<svg width="480" height="340" viewBox="-90 -20 480 340" xmlns="http://www.w3.org/2000/svg"><rect x="50" y="50" width="200" height="200" fill="#FEF2E4" stroke="#D27D2D" stroke-width="2"/><foreignObject x="50" y="15" width="200" height="30"><div xmlns="http://www.w3.org/1999/xhtml" style="font-family: sans-serif; color: #333333; text-align: center; display: flex; align-items: center; justify-content: center; width: 100%; height: 100%; box-sizing: border-box; padding: 5px; font-size: 16px;"><math xmlns="http://www.w3.org/1998/Math/MathML"><mn>4</mn><mtext> cm</mtext></math></div></foreignObject><foreignObject x="50" y="255" width="200" height="30"><div xmlns="http://www.w3.org/1999/xhtml" style="font-family: sans-serif; color: #333333; text-align: center; display: flex; align-items: center; justify-content: center; width: 100%; height: 100%; box-sizing: border-box; padding: 5px; font-size: 16px;"><math xmlns="http://www.w3.org/1998/Math/MathML"><mn>4</mn><mtext> cm</mtext></math></div></foreignObject><g transform="rotate(-90, 30, 150)"><foreignObject x="-70" y="135" width="200" height="30"><div xmlns="http://www.w3.org/1999/xhtml" style="font-family: sans-serif; color: #333333; text-align: center; display: flex; align-items: center; justify-content: center; width: 100%; height: 100%; box-sizing: border-box; padding: 5px; font-size: 16px;"><math xmlns="http://www.w3.org/1998/Math/MathML"><mi>x</mi><mtext> cm</mtext></math></div></foreignObject></g><g transform="rotate(-90, 270, 150)"><foreignObject x="170" y="135" width="200" height="30"><div xmlns="http://www.w3.org/1999/xhtml" style="font-family: sans-serif; color: #333333; text-align: center; display: flex; align-items: center; justify-content: center; width: 100%; height: 100%; box-sizing: border-box; padding: 5px; font-size: 16px;"><math xmlns="http://www.w3.org/1998/Math/MathML"><mi>x</mi><mtext> cm</mtext></math></div></foreignObject></g><foreignObject x="50" y="50" width="200" height="200"><div xmlns="http://www.w3.org/1999/xhtml" style="font-family: sans-serif; color: #333333; text-align: center; display: flex; align-items: center; justify-content: center; width: 100%; height: 100%; box-sizing: border-box; padding: 5px; font-size: 20px; font-weight: bold;"><math xmlns="http://www.w3.org/1998/Math/MathML"><mn>12</mn><mtext> cm</mtext><msup><mn></mn><mn>2</mn></msup></math></div></foreignObject></svg>"`;

exports[`Widget: labeled-rectangle-diagram should produce consistent output for example #3 1`] = `"<svg width="480" height="340" viewBox="-90 -20 480 340" xmlns="http://www.w3.org/2000/svg"><rect x="50" y="50" width="200" height="200" fill="#FEF2E4" stroke="#D27D2D" stroke-width="2"/><foreignObject x="50" y="15" width="200" height="30"><div xmlns="http://www.w3.org/1999/xhtml" style="font-family: sans-serif; color: #333333; text-align: center; display: flex; align-items: center; justify-content: center; width: 100%; height: 100%; box-sizing: border-box; padding: 5px; font-size: 16px;"><math xmlns="http://www.w3.org/1998/Math/MathML"><mn>5</mn><mtext> cm</mtext></math></div></foreignObject><foreignObject x="50" y="255" width="200" height="30"><div xmlns="http://www.w3.org/1999/xhtml" style="font-family: sans-serif; color: #333333; text-align: center; display: flex; align-items: center; justify-content: center; width: 100%; height: 100%; box-sizing: border-box; padding: 5px; font-size: 16px;"><math xmlns="http://www.w3.org/1998/Math/MathML"><mn>5</mn><mtext> cm</mtext></math></div></foreignObject><g transform="rotate(-90, 30, 150)"><foreignObject x="-70" y="135" width="200" height="30"><div xmlns="http://www.w3.org/1999/xhtml" style="font-family: sans-serif; color: #333333; text-align: center; display: flex; align-items: center; justify-content: center; width: 100%; height: 100%; box-sizing: border-box; padding: 5px; font-size: 16px;"><math xmlns="http://www.w3.org/1998/Math/MathML"><mi>x</mi><mtext> cm</mtext></math></div></foreignObject></g><g transform="rotate(-90, 270, 150)"><foreignObject x="170" y="135" width="200" height="30"><div xmlns="http://www.w3.org/1999/xhtml" style="font-family: sans-serif; color: #333333; text-align: center; display: flex; align-items: center; justify-content: center; width: 100%; height: 100%; box-sizing: border-box; padding: 5px; font-size: 16px;"><math xmlns="http://www.w3.org/1998/Math/MathML"><mi>x</mi><mtext> cm</mtext></math></div></foreignObject></g></svg>"`;
