// Bun Snapshot v1, https://bun.sh/docs/test/snapshots

exports[`Widget: line-equation-graph should produce consistent output for example #1 1`] = `"<svg width="540" height="882" viewBox="-20 -233 540 882" xmlns="http://www.w3.org/2000/svg" font-family="sans-serif" font-size="12"><defs><clipPath id="clip-0"><rect x="73.4" y="40" width="406.6" height="420"/></clipPath></defs><line x1="73.4" y1="40" x2="73.4" y2="460" stroke="#e0e0e0" stroke-width="1"/><line x1="93.73" y1="40" x2="93.73" y2="460" stroke="#e0e0e0" stroke-width="1"/><line x1="114.06" y1="40" x2="114.06" y2="460" stroke="#e0e0e0" stroke-width="1"/><line x1="134.39000000000001" y1="40" x2="134.39000000000001" y2="460" stroke="#e0e0e0" stroke-width="1"/><line x1="154.72000000000003" y1="40" x2="154.72000000000003" y2="460" stroke="#e0e0e0" stroke-width="1"/><line x1="175.05" y1="40" x2="175.05" y2="460" stroke="#e0e0e0" stroke-width="1"/><line x1="195.38000000000002" y1="40" x2="195.38000000000002" y2="460" stroke="#e0e0e0" stroke-width="1"/><line x1="215.71" y1="40" x2="215.71" y2="460" stroke="#e0e0e0" stroke-width="1"/><line x1="236.04000000000002" y1="40" x2="236.04000000000002" y2="460" stroke="#e0e0e0" stroke-width="1"/><line x1="256.37" y1="40" x2="256.37" y2="460" stroke="#e0e0e0" stroke-width="1"/><line x1="297.03000000000003" y1="40" x2="297.03000000000003" y2="460" stroke="#e0e0e0" stroke-width="1"/><line x1="317.36" y1="40" x2="317.36" y2="460" stroke="#e0e0e0" stroke-width="1"/><line x1="337.69000000000005" y1="40" x2="337.69000000000005" y2="460" stroke="#e0e0e0" stroke-width="1"/><line x1="358.02" y1="40" x2="358.02" y2="460" stroke="#e0e0e0" stroke-width="1"/><line x1="378.35" y1="40" x2="378.35" y2="460" stroke="#e0e0e0" stroke-width="1"/><line x1="398.68000000000006" y1="40" x2="398.68000000000006" y2="460" stroke="#e0e0e0" stroke-width="1"/><line x1="419.01" y1="40" x2="419.01" y2="460" stroke="#e0e0e0" stroke-width="1"/><line x1="439.34000000000003" y1="40" x2="439.34000000000003" y2="460" stroke="#e0e0e0" stroke-width="1"/><line x1="459.6700000000001" y1="40" x2="459.6700000000001" y2="460" stroke="#e0e0e0" stroke-width="1"/><line x1="480" y1="40" x2="480" y2="460" stroke="#e0e0e0" stroke-width="1"/><line x1="73.4" y1="460" x2="480" y2="460" stroke="#e0e0e0" stroke-width="1"/><line x1="73.4" y1="418" x2="480" y2="418" stroke="#e0e0e0" stroke-width="1"/><line x1="73.4" y1="376" x2="480" y2="376" stroke="#e0e0e0" stroke-width="1"/><line x1="73.4" y1="334" x2="480" y2="334" stroke="#e0e0e0" stroke-width="1"/><line x1="73.4" y1="292" x2="480" y2="292" stroke="#e0e0e0" stroke-width="1"/><line x1="73.4" y1="208" x2="480" y2="208" stroke="#e0e0e0" stroke-width="1"/><line x1="73.4" y1="166" x2="480" y2="166" stroke="#e0e0e0" stroke-width="1"/><line x1="73.4" y1="124" x2="480" y2="124" stroke="#e0e0e0" stroke-width="1"/><line x1="73.4" y1="82" x2="480" y2="82" stroke="#e0e0e0" stroke-width="1"/><line x1="73.4" y1="40" x2="480" y2="40" stroke="#e0e0e0" stroke-width="1"/><line x1="73.4" y1="250" x2="480" y2="250" stroke="#333333" stroke-width="1.5"/><line x1="276.70000000000005" y1="40" x2="276.70000000000005" y2="460" stroke="#333333" stroke-width="1.5"/><line x1="73.4" y1="246" x2="73.4" y2="254" stroke="#333333" stroke-width="1"/><text x="73.4" y="265" font-size="12" text-anchor="middle" fill="#333333">-10</text><line x1="93.73" y1="246" x2="93.73" y2="254" stroke="#333333" stroke-width="1"/><line x1="114.06" y1="246" x2="114.06" y2="254" stroke="#333333" stroke-width="1"/><text x="114.06" y="265" font-size="12" text-anchor="middle" fill="#333333">-8</text><line x1="134.39000000000001" y1="246" x2="134.39000000000001" y2="254" stroke="#333333" stroke-width="1"/><line x1="154.72000000000003" y1="246" x2="154.72000000000003" y2="254" stroke="#333333" stroke-width="1"/><text x="154.72000000000003" y="265" font-size="12" text-anchor="middle" fill="#333333">-6</text><line x1="175.05" y1="246" x2="175.05" y2="254" stroke="#333333" stroke-width="1"/><line x1="195.38000000000002" y1="246" x2="195.38000000000002" y2="254" stroke="#333333" stroke-width="1"/><text x="195.38000000000002" y="265" font-size="12" text-anchor="middle" fill="#333333">-4</text><line x1="215.71" y1="246" x2="215.71" y2="254" stroke="#333333" stroke-width="1"/><line x1="236.04000000000002" y1="246" x2="236.04000000000002" y2="254" stroke="#333333" stroke-width="1"/><text x="236.04000000000002" y="265" font-size="12" text-anchor="middle" fill="#333333">-2</text><line x1="256.37" y1="246" x2="256.37" y2="254" stroke="#333333" stroke-width="1"/><line x1="297.03000000000003" y1="246" x2="297.03000000000003" y2="254" stroke="#333333" stroke-width="1"/><line x1="317.36" y1="246" x2="317.36" y2="254" stroke="#333333" stroke-width="1"/><text x="317.36" y="265" font-size="12" text-anchor="middle" fill="#333333">2</text><line x1="337.69000000000005" y1="246" x2="337.69000000000005" y2="254" stroke="#333333" stroke-width="1"/><line x1="358.02" y1="246" x2="358.02" y2="254" stroke="#333333" stroke-width="1"/><text x="358.02" y="265" font-size="12" text-anchor="middle" fill="#333333">4</text><line x1="378.35" y1="246" x2="378.35" y2="254" stroke="#333333" stroke-width="1"/><line x1="398.68000000000006" y1="246" x2="398.68000000000006" y2="254" stroke="#333333" stroke-width="1"/><text x="398.68000000000006" y="265" font-size="12" text-anchor="middle" fill="#333333">6</text><line x1="419.01" y1="246" x2="419.01" y2="254" stroke="#333333" stroke-width="1"/><line x1="439.34000000000003" y1="246" x2="439.34000000000003" y2="254" stroke="#333333" stroke-width="1"/><text x="439.34000000000003" y="265" font-size="12" text-anchor="middle" fill="#333333">8</text><line x1="459.6700000000001" y1="246" x2="459.6700000000001" y2="254" stroke="#333333" stroke-width="1"/><line x1="480" y1="246" x2="480" y2="254" stroke="#333333" stroke-width="1"/><text x="480" y="265" font-size="12" text-anchor="middle" fill="#333333">10</text><line x1="272.70000000000005" y1="460" x2="280.70000000000005" y2="460" stroke="#333333" stroke-width="1"/><text x="268.70000000000005" y="464" font-size="12" text-anchor="end" fill="#333333">-10</text><line x1="272.70000000000005" y1="418" x2="280.70000000000005" y2="418" stroke="#333333" stroke-width="1"/><text x="268.70000000000005" y="422" font-size="12" text-anchor="end" fill="#333333">-8</text><line x1="272.70000000000005" y1="376" x2="280.70000000000005" y2="376" stroke="#333333" stroke-width="1"/><text x="268.70000000000005" y="380" font-size="12" text-anchor="end" fill="#333333">-6</text><line x1="272.70000000000005" y1="334" x2="280.70000000000005" y2="334" stroke="#333333" stroke-width="1"/><text x="268.70000000000005" y="338" font-size="12" text-anchor="end" fill="#333333">-4</text><line x1="272.70000000000005" y1="292" x2="280.70000000000005" y2="292" stroke="#333333" stroke-width="1"/><text x="268.70000000000005" y="296" font-size="12" text-anchor="end" fill="#333333">-2</text><line x1="272.70000000000005" y1="208" x2="280.70000000000005" y2="208" stroke="#333333" stroke-width="1"/><text x="268.70000000000005" y="212" font-size="12" text-anchor="end" fill="#333333">2</text><line x1="272.70000000000005" y1="166" x2="280.70000000000005" y2="166" stroke="#333333" stroke-width="1"/><text x="268.70000000000005" y="170" font-size="12" text-anchor="end" fill="#333333">4</text><line x1="272.70000000000005" y1="124" x2="280.70000000000005" y2="124" stroke="#333333" stroke-width="1"/><text x="268.70000000000005" y="128" font-size="12" text-anchor="end" fill="#333333">6</text><line x1="272.70000000000005" y1="82" x2="280.70000000000005" y2="82" stroke="#333333" stroke-width="1"/><text x="268.70000000000005" y="86" font-size="12" text-anchor="end" fill="#333333">8</text><line x1="272.70000000000005" y1="40" x2="280.70000000000005" y2="40" stroke="#333333" stroke-width="1"/><text x="268.70000000000005" y="44" font-size="12" text-anchor="end" fill="#333333">10</text><text x="276.70000000000005" y="495" font-size="14" text-anchor="middle" fill="#333333">r</text><text x="20.000000000000007" y="250" font-size="14" text-anchor="middle" fill="#333333" transform="rotate(-90, 20.000000000000007, 250)"><tspan x="20.000000000000007" dy="0em">y</tspan></text><g clip-path="url(#clip-0)"><line x1="73.4" y1="628" x2="480" y2="-212" stroke="#1fb6ff" stroke-width="2"/></g><text x="175.7468809004186" y="448.6932611934608" font-size="14" text-anchor="middle" dominant-baseline="middle" font-weight="700" fill="#1fb6ff">p</text></svg>"`;

exports[`Widget: line-equation-graph should produce consistent output for example #2 1`] = `"<svg width="540" height="575" viewBox="-20 -20 540 575" xmlns="http://www.w3.org/2000/svg" font-family="sans-serif" font-size="12"><defs><clipPath id="clip-0"><rect x="73.4" y="40" width="406.6" height="420"/></clipPath></defs><line x1="73.4" y1="40" x2="73.4" y2="460" stroke="#e0e0e0" stroke-width="1"/><line x1="93.73" y1="40" x2="93.73" y2="460" stroke="#e0e0e0" stroke-width="1"/><line x1="114.06" y1="40" x2="114.06" y2="460" stroke="#e0e0e0" stroke-width="1"/><line x1="134.39000000000001" y1="40" x2="134.39000000000001" y2="460" stroke="#e0e0e0" stroke-width="1"/><line x1="154.72000000000003" y1="40" x2="154.72000000000003" y2="460" stroke="#e0e0e0" stroke-width="1"/><line x1="175.05" y1="40" x2="175.05" y2="460" stroke="#e0e0e0" stroke-width="1"/><line x1="195.38000000000002" y1="40" x2="195.38000000000002" y2="460" stroke="#e0e0e0" stroke-width="1"/><line x1="215.71" y1="40" x2="215.71" y2="460" stroke="#e0e0e0" stroke-width="1"/><line x1="236.04000000000002" y1="40" x2="236.04000000000002" y2="460" stroke="#e0e0e0" stroke-width="1"/><line x1="256.37" y1="40" x2="256.37" y2="460" stroke="#e0e0e0" stroke-width="1"/><line x1="297.03000000000003" y1="40" x2="297.03000000000003" y2="460" stroke="#e0e0e0" stroke-width="1"/><line x1="317.36" y1="40" x2="317.36" y2="460" stroke="#e0e0e0" stroke-width="1"/><line x1="337.69000000000005" y1="40" x2="337.69000000000005" y2="460" stroke="#e0e0e0" stroke-width="1"/><line x1="358.02" y1="40" x2="358.02" y2="460" stroke="#e0e0e0" stroke-width="1"/><line x1="378.35" y1="40" x2="378.35" y2="460" stroke="#e0e0e0" stroke-width="1"/><line x1="398.68000000000006" y1="40" x2="398.68000000000006" y2="460" stroke="#e0e0e0" stroke-width="1"/><line x1="419.01" y1="40" x2="419.01" y2="460" stroke="#e0e0e0" stroke-width="1"/><line x1="439.34000000000003" y1="40" x2="439.34000000000003" y2="460" stroke="#e0e0e0" stroke-width="1"/><line x1="459.6700000000001" y1="40" x2="459.6700000000001" y2="460" stroke="#e0e0e0" stroke-width="1"/><line x1="480" y1="40" x2="480" y2="460" stroke="#e0e0e0" stroke-width="1"/><line x1="73.4" y1="460" x2="480" y2="460" stroke="#e0e0e0" stroke-width="1"/><line x1="73.4" y1="418" x2="480" y2="418" stroke="#e0e0e0" stroke-width="1"/><line x1="73.4" y1="376" x2="480" y2="376" stroke="#e0e0e0" stroke-width="1"/><line x1="73.4" y1="334" x2="480" y2="334" stroke="#e0e0e0" stroke-width="1"/><line x1="73.4" y1="292" x2="480" y2="292" stroke="#e0e0e0" stroke-width="1"/><line x1="73.4" y1="208" x2="480" y2="208" stroke="#e0e0e0" stroke-width="1"/><line x1="73.4" y1="166" x2="480" y2="166" stroke="#e0e0e0" stroke-width="1"/><line x1="73.4" y1="124" x2="480" y2="124" stroke="#e0e0e0" stroke-width="1"/><line x1="73.4" y1="82" x2="480" y2="82" stroke="#e0e0e0" stroke-width="1"/><line x1="73.4" y1="40" x2="480" y2="40" stroke="#e0e0e0" stroke-width="1"/><line x1="73.4" y1="250" x2="480" y2="250" stroke="#333333" stroke-width="1.5"/><line x1="276.70000000000005" y1="40" x2="276.70000000000005" y2="460" stroke="#333333" stroke-width="1.5"/><line x1="73.4" y1="246" x2="73.4" y2="254" stroke="#333333" stroke-width="1"/><text x="73.4" y="265" font-size="12" text-anchor="middle" fill="#333333">-10</text><line x1="93.73" y1="246" x2="93.73" y2="254" stroke="#333333" stroke-width="1"/><line x1="114.06" y1="246" x2="114.06" y2="254" stroke="#333333" stroke-width="1"/><text x="114.06" y="265" font-size="12" text-anchor="middle" fill="#333333">-8</text><line x1="134.39000000000001" y1="246" x2="134.39000000000001" y2="254" stroke="#333333" stroke-width="1"/><line x1="154.72000000000003" y1="246" x2="154.72000000000003" y2="254" stroke="#333333" stroke-width="1"/><text x="154.72000000000003" y="265" font-size="12" text-anchor="middle" fill="#333333">-6</text><line x1="175.05" y1="246" x2="175.05" y2="254" stroke="#333333" stroke-width="1"/><line x1="195.38000000000002" y1="246" x2="195.38000000000002" y2="254" stroke="#333333" stroke-width="1"/><text x="195.38000000000002" y="265" font-size="12" text-anchor="middle" fill="#333333">-4</text><line x1="215.71" y1="246" x2="215.71" y2="254" stroke="#333333" stroke-width="1"/><line x1="236.04000000000002" y1="246" x2="236.04000000000002" y2="254" stroke="#333333" stroke-width="1"/><text x="236.04000000000002" y="265" font-size="12" text-anchor="middle" fill="#333333">-2</text><line x1="256.37" y1="246" x2="256.37" y2="254" stroke="#333333" stroke-width="1"/><line x1="297.03000000000003" y1="246" x2="297.03000000000003" y2="254" stroke="#333333" stroke-width="1"/><line x1="317.36" y1="246" x2="317.36" y2="254" stroke="#333333" stroke-width="1"/><text x="317.36" y="265" font-size="12" text-anchor="middle" fill="#333333">2</text><line x1="337.69000000000005" y1="246" x2="337.69000000000005" y2="254" stroke="#333333" stroke-width="1"/><line x1="358.02" y1="246" x2="358.02" y2="254" stroke="#333333" stroke-width="1"/><text x="358.02" y="265" font-size="12" text-anchor="middle" fill="#333333">4</text><line x1="378.35" y1="246" x2="378.35" y2="254" stroke="#333333" stroke-width="1"/><line x1="398.68000000000006" y1="246" x2="398.68000000000006" y2="254" stroke="#333333" stroke-width="1"/><text x="398.68000000000006" y="265" font-size="12" text-anchor="middle" fill="#333333">6</text><line x1="419.01" y1="246" x2="419.01" y2="254" stroke="#333333" stroke-width="1"/><line x1="439.34000000000003" y1="246" x2="439.34000000000003" y2="254" stroke="#333333" stroke-width="1"/><text x="439.34000000000003" y="265" font-size="12" text-anchor="middle" fill="#333333">8</text><line x1="459.6700000000001" y1="246" x2="459.6700000000001" y2="254" stroke="#333333" stroke-width="1"/><line x1="480" y1="246" x2="480" y2="254" stroke="#333333" stroke-width="1"/><text x="480" y="265" font-size="12" text-anchor="middle" fill="#333333">10</text><line x1="272.70000000000005" y1="460" x2="280.70000000000005" y2="460" stroke="#333333" stroke-width="1"/><text x="268.70000000000005" y="464" font-size="12" text-anchor="end" fill="#333333">-10</text><line x1="272.70000000000005" y1="418" x2="280.70000000000005" y2="418" stroke="#333333" stroke-width="1"/><text x="268.70000000000005" y="422" font-size="12" text-anchor="end" fill="#333333">-8</text><line x1="272.70000000000005" y1="376" x2="280.70000000000005" y2="376" stroke="#333333" stroke-width="1"/><text x="268.70000000000005" y="380" font-size="12" text-anchor="end" fill="#333333">-6</text><line x1="272.70000000000005" y1="334" x2="280.70000000000005" y2="334" stroke="#333333" stroke-width="1"/><text x="268.70000000000005" y="338" font-size="12" text-anchor="end" fill="#333333">-4</text><line x1="272.70000000000005" y1="292" x2="280.70000000000005" y2="292" stroke="#333333" stroke-width="1"/><text x="268.70000000000005" y="296" font-size="12" text-anchor="end" fill="#333333">-2</text><line x1="272.70000000000005" y1="208" x2="280.70000000000005" y2="208" stroke="#333333" stroke-width="1"/><text x="268.70000000000005" y="212" font-size="12" text-anchor="end" fill="#333333">2</text><line x1="272.70000000000005" y1="166" x2="280.70000000000005" y2="166" stroke="#333333" stroke-width="1"/><text x="268.70000000000005" y="170" font-size="12" text-anchor="end" fill="#333333">4</text><line x1="272.70000000000005" y1="124" x2="280.70000000000005" y2="124" stroke="#333333" stroke-width="1"/><text x="268.70000000000005" y="128" font-size="12" text-anchor="end" fill="#333333">6</text><line x1="272.70000000000005" y1="82" x2="280.70000000000005" y2="82" stroke="#333333" stroke-width="1"/><text x="268.70000000000005" y="86" font-size="12" text-anchor="end" fill="#333333">8</text><line x1="272.70000000000005" y1="40" x2="280.70000000000005" y2="40" stroke="#333333" stroke-width="1"/><text x="268.70000000000005" y="44" font-size="12" text-anchor="end" fill="#333333">10</text><text x="276.70000000000005" y="495" font-size="14" text-anchor="middle" fill="#333333">t</text><text x="20.000000000000007" y="250" font-size="14" text-anchor="middle" fill="#333333" transform="rotate(-90, 20.000000000000007, 250)"><tspan x="20.000000000000007" dy="0em">y</tspan></text><g clip-path="url(#clip-0)"><line x1="73.4" y1="533.5" x2="480" y2="218.5" stroke="#14b8a6" stroke-width="2"/></g><text x="204.62486474355802" y="449.5476325769834" font-size="14" text-anchor="middle" dominant-baseline="middle" font-weight="700" fill="#14b8a6">q</text></svg>"`;
