// Bun Snapshot v1, https://bun.sh/docs/test/snapshots

exports[`Widget: line-diagram should produce consistent output for example #1 1`] = `"<svg width="360" height="280" viewBox="-20 -20 360 280" xmlns="http://www.w3.org/2000/svg" font-family="sans-serif"><defs><marker id="arrow-head-_1F6FB2" viewBox="0 0 10 10" refX="8" refY="5" markerWidth="4" markerHeight="4" orient="auto-start-reverse"><path d="M 0 0 L 10 5 L 0 10 z" fill="#1F6FB2"/></marker><marker id="arrow-head-_C06C84" viewBox="0 0 10 10" refX="8" refY="5" markerWidth="4" markerHeight="4" orient="auto-start-reverse"><path d="M 0 0 L 10 5 L 0 10 z" fill="#C06C84"/></marker></defs><line x1="20" y1="220" x2="300" y2="220" stroke="#cccccc" stroke-width="1"/><line x1="20" y1="195" x2="300" y2="195" stroke="#cccccc" stroke-width="1"/><line x1="20" y1="170" x2="300" y2="170" stroke="#cccccc" stroke-width="1"/><line x1="20" y1="145" x2="300" y2="145" stroke="#cccccc" stroke-width="1"/><line x1="20" y1="120" x2="300" y2="120" stroke="#cccccc" stroke-width="1"/><line x1="20" y1="95" x2="300" y2="95" stroke="#cccccc" stroke-width="1"/><line x1="20" y1="70" x2="300" y2="70" stroke="#cccccc" stroke-width="1"/><line x1="20" y1="45" x2="300" y2="45" stroke="#cccccc" stroke-width="1"/><line x1="20" y1="20" x2="300" y2="20" stroke="#cccccc" stroke-width="1"/><line x1="20" y1="220" x2="20" y2="20" stroke="#cccccc" stroke-width="1"/><line x1="48" y1="220" x2="48" y2="20" stroke="#cccccc" stroke-width="1"/><line x1="76" y1="220" x2="76" y2="20" stroke="#cccccc" stroke-width="1"/><line x1="104" y1="220" x2="104" y2="20" stroke="#cccccc" stroke-width="1"/><line x1="132" y1="220" x2="132" y2="20" stroke="#cccccc" stroke-width="1"/><line x1="160" y1="220" x2="160" y2="20" stroke="#cccccc" stroke-width="1"/><line x1="188" y1="220" x2="188" y2="20" stroke="#cccccc" stroke-width="1"/><line x1="216" y1="220" x2="216" y2="20" stroke="#cccccc" stroke-width="1"/><line x1="244" y1="220" x2="244" y2="20" stroke="#cccccc" stroke-width="1"/><line x1="272" y1="220" x2="272" y2="20" stroke="#cccccc" stroke-width="1"/><line x1="300" y1="220" x2="300" y2="20" stroke="#cccccc" stroke-width="1"/><line x1="20" y1="170" x2="300" y2="70" stroke="#1F6FB2" stroke-width="2.5" marker-start="url(#arrow-head-_1F6FB2)" marker-end="url(#arrow-head-_1F6FB2)"/><text x="166.72672793996313" y="138.83483823189675" font-size="18" text-anchor="middle" dominant-baseline="middle" font-weight="700" fill="#1F6FB2">r</text><line x1="104" y1="220" x2="216" y2="20" stroke="#C06C84" stroke-width="2.5" stroke-dasharray="5 5" marker-start="url(#arrow-head-_C06C84)" marker-end="url(#arrow-head-_C06C84)"/><text x="202.36889213451818" y="85.27426056520116" font-size="18" text-anchor="middle" dominant-baseline="middle" font-weight="700" fill="#C06C84">q</text></svg>"`;

exports[`Widget: line-diagram should produce consistent output for example #2 1`] = `"<svg width="360" height="280" viewBox="-20 -20 360 280" xmlns="http://www.w3.org/2000/svg" font-family="sans-serif"><defs><marker id="arrow-head-_2E7D32" viewBox="0 0 10 10" refX="8" refY="5" markerWidth="4" markerHeight="4" orient="auto-start-reverse"><path d="M 0 0 L 10 5 L 0 10 z" fill="#2E7D32"/></marker><marker id="arrow-head-_2E7D32" viewBox="0 0 10 10" refX="8" refY="5" markerWidth="4" markerHeight="4" orient="auto-start-reverse"><path d="M 0 0 L 10 5 L 0 10 z" fill="#2E7D32"/></marker></defs><line x1="20" y1="220" x2="300" y2="220" stroke="#cccccc" stroke-width="1"/><line x1="20" y1="195" x2="300" y2="195" stroke="#cccccc" stroke-width="1"/><line x1="20" y1="170" x2="300" y2="170" stroke="#cccccc" stroke-width="1"/><line x1="20" y1="145" x2="300" y2="145" stroke="#cccccc" stroke-width="1"/><line x1="20" y1="120" x2="300" y2="120" stroke="#cccccc" stroke-width="1"/><line x1="20" y1="95" x2="300" y2="95" stroke="#cccccc" stroke-width="1"/><line x1="20" y1="70" x2="300" y2="70" stroke="#cccccc" stroke-width="1"/><line x1="20" y1="45" x2="300" y2="45" stroke="#cccccc" stroke-width="1"/><line x1="20" y1="20" x2="300" y2="20" stroke="#cccccc" stroke-width="1"/><line x1="20" y1="220" x2="20" y2="20" stroke="#cccccc" stroke-width="1"/><line x1="43.33333333333333" y1="220" x2="43.33333333333333" y2="20" stroke="#cccccc" stroke-width="1"/><line x1="66.66666666666666" y1="220" x2="66.66666666666666" y2="20" stroke="#cccccc" stroke-width="1"/><line x1="90" y1="220" x2="90" y2="20" stroke="#cccccc" stroke-width="1"/><line x1="113.33333333333333" y1="220" x2="113.33333333333333" y2="20" stroke="#cccccc" stroke-width="1"/><line x1="136.66666666666666" y1="220" x2="136.66666666666666" y2="20" stroke="#cccccc" stroke-width="1"/><line x1="160" y1="220" x2="160" y2="20" stroke="#cccccc" stroke-width="1"/><line x1="183.33333333333331" y1="220" x2="183.33333333333331" y2="20" stroke="#cccccc" stroke-width="1"/><line x1="206.66666666666666" y1="220" x2="206.66666666666666" y2="20" stroke="#cccccc" stroke-width="1"/><line x1="230" y1="220" x2="230" y2="20" stroke="#cccccc" stroke-width="1"/><line x1="253.33333333333331" y1="220" x2="253.33333333333331" y2="20" stroke="#cccccc" stroke-width="1"/><line x1="276.66666666666663" y1="220" x2="276.66666666666663" y2="20" stroke="#cccccc" stroke-width="1"/><line x1="300" y1="220" x2="300" y2="20" stroke="#cccccc" stroke-width="1"/><path d="M 160 120 L 168 120 L 168 112 L 160 112 Z" fill="none" stroke="#2E7D32" stroke-width="2"/><line x1="20" y1="120" x2="300" y2="120" stroke="#2E7D32" stroke-width="2.5" marker-start="url(#arrow-head-_2E7D32)" marker-end="url(#arrow-head-_2E7D32)"/><text x="272" y="140" font-size="18" text-anchor="middle" dominant-baseline="middle" font-weight="700" fill="#2E7D32">m</text><line x1="160" y1="220" x2="160" y2="20" stroke="#2E7D32" stroke-width="2.5" marker-start="url(#arrow-head-_2E7D32)" marker-end="url(#arrow-head-_2E7D32)"/><text x="180" y="200" font-size="18" text-anchor="middle" dominant-baseline="middle" font-weight="700" fill="#2E7D32">n</text></svg>"`;

exports[`Widget: line-diagram should produce consistent output for example #3 1`] = `"<svg width="440" height="347" viewBox="-20 -20 440 347" xmlns="http://www.w3.org/2000/svg" font-family="sans-serif"><defs><marker id="arrow-head-_0077C0" viewBox="0 0 10 10" refX="8" refY="5" markerWidth="4" markerHeight="4" orient="auto-start-reverse"><path d="M 0 0 L 10 5 L 0 10 z" fill="#0077C0"/></marker><marker id="arrow-head-_0077C0" viewBox="0 0 10 10" refX="8" refY="5" markerWidth="4" markerHeight="4" orient="auto-start-reverse"><path d="M 0 0 L 10 5 L 0 10 z" fill="#0077C0"/></marker><marker id="arrow-head-_0077C0" viewBox="0 0 10 10" refX="8" refY="5" markerWidth="4" markerHeight="4" orient="auto-start-reverse"><path d="M 0 0 L 10 5 L 0 10 z" fill="#0077C0"/></marker><marker id="arrow-head-_A0C8E0" viewBox="0 0 10 10" refX="8" refY="5" markerWidth="4" markerHeight="4" orient="auto-start-reverse"><path d="M 0 0 L 10 5 L 0 10 z" fill="#A0C8E0"/></marker><marker id="arrow-head-_A0C8E0" viewBox="0 0 10 10" refX="8" refY="5" markerWidth="4" markerHeight="4" orient="auto-start-reverse"><path d="M 0 0 L 10 5 L 0 10 z" fill="#A0C8E0"/></marker></defs><line x1="20" y1="280" x2="380" y2="280" stroke="#cccccc" stroke-width="1"/><line x1="20" y1="247.5" x2="380" y2="247.5" stroke="#cccccc" stroke-width="1"/><line x1="20" y1="215" x2="380" y2="215" stroke="#cccccc" stroke-width="1"/><line x1="20" y1="182.5" x2="380" y2="182.5" stroke="#cccccc" stroke-width="1"/><line x1="20" y1="150" x2="380" y2="150" stroke="#cccccc" stroke-width="1"/><line x1="20" y1="117.5" x2="380" y2="117.5" stroke="#cccccc" stroke-width="1"/><line x1="20" y1="85" x2="380" y2="85" stroke="#cccccc" stroke-width="1"/><line x1="20" y1="52.5" x2="380" y2="52.5" stroke="#cccccc" stroke-width="1"/><line x1="20" y1="20" x2="380" y2="20" stroke="#cccccc" stroke-width="1"/><line x1="20" y1="280" x2="20" y2="20" stroke="#cccccc" stroke-width="1"/><line x1="56" y1="280" x2="56" y2="20" stroke="#cccccc" stroke-width="1"/><line x1="92" y1="280" x2="92" y2="20" stroke="#cccccc" stroke-width="1"/><line x1="128" y1="280" x2="128" y2="20" stroke="#cccccc" stroke-width="1"/><line x1="164" y1="280" x2="164" y2="20" stroke="#cccccc" stroke-width="1"/><line x1="200" y1="280" x2="200" y2="20" stroke="#cccccc" stroke-width="1"/><line x1="236" y1="280" x2="236" y2="20" stroke="#cccccc" stroke-width="1"/><line x1="272" y1="280" x2="272" y2="20" stroke="#cccccc" stroke-width="1"/><line x1="308" y1="280" x2="308" y2="20" stroke="#cccccc" stroke-width="1"/><line x1="344" y1="280" x2="344" y2="20" stroke="#cccccc" stroke-width="1"/><line x1="380" y1="280" x2="380" y2="20" stroke="#cccccc" stroke-width="1"/><path d="M 128 85 L 128 73 L 140 73 L 140 85 Z" fill="none" stroke="#FDB813" stroke-width="2"/><path d="M 128 182.5 L 128 170.5 L 140 170.5 L 140 182.5 Z" fill="none" stroke="#FDB813" stroke-width="2"/><line x1="20" y1="85" x2="380" y2="85" stroke="#0077C0" stroke-width="2.5" marker-start="url(#arrow-head-_0077C0)" marker-end="url(#arrow-head-_0077C0)"/><text x="344" y="105" font-size="18" text-anchor="middle" dominant-baseline="middle" font-weight="700" fill="#0077C0">r</text><line x1="20" y1="182.5" x2="380" y2="182.5" stroke="#0077C0" stroke-width="2.5" marker-start="url(#arrow-head-_0077C0)" marker-end="url(#arrow-head-_0077C0)"/><text x="344" y="202.5" font-size="18" text-anchor="middle" dominant-baseline="middle" font-weight="700" fill="#0077C0">s</text><line x1="128" y1="280" x2="128" y2="20" stroke="#0077C0" stroke-width="2.5" marker-start="url(#arrow-head-_0077C0)" marker-end="url(#arrow-head-_0077C0)"/><text x="148" y="45.99999999999999" font-size="18" text-anchor="middle" dominant-baseline="middle" font-weight="700" fill="#0077C0">q</text><line x1="56" y1="280" x2="344" y2="20" stroke="#A0C8E0" stroke-width="2.5" stroke-dasharray="5 5" marker-start="url(#arrow-head-_A0C8E0)" marker-end="url(#arrow-head-_A0C8E0)"/><text x="328.6020618556701" y="60.84536082474226" font-size="18" text-anchor="middle" dominant-baseline="middle" font-weight="700" fill="#A0C8E0">m</text><line x1="380" y1="36.25" x2="110" y2="280" stroke="#A0C8E0" stroke-width="2.5" stroke-dasharray="5 5" marker-start="url(#arrow-head-_A0C8E0)" marker-end="url(#arrow-head-_A0C8E0)"/><text x="61.247422680412214" y="297.06829896907226" font-size="18" text-anchor="middle" dominant-baseline="middle" font-weight="700" fill="#A0C8E0">n</text></svg>"`;

exports[`Widget: line-diagram should produce consistent output for example #4 1`] = `"<svg width="440" height="347" viewBox="-20 -20 440 347" xmlns="http://www.w3.org/2000/svg" font-family="sans-serif"><defs><marker id="arrow-head-_4285F4" viewBox="0 0 10 10" refX="8" refY="5" markerWidth="4" markerHeight="4" orient="auto-start-reverse"><path d="M 0 0 L 10 5 L 0 10 z" fill="#4285F4"/></marker><marker id="arrow-head-_4285F4" viewBox="0 0 10 10" refX="8" refY="5" markerWidth="4" markerHeight="4" orient="auto-start-reverse"><path d="M 0 0 L 10 5 L 0 10 z" fill="#4285F4"/></marker><marker id="arrow-head-_4285F4" viewBox="0 0 10 10" refX="8" refY="5" markerWidth="4" markerHeight="4" orient="auto-start-reverse"><path d="M 0 0 L 10 5 L 0 10 z" fill="#4285F4"/></marker><marker id="arrow-head-_4285F4" viewBox="0 0 10 10" refX="8" refY="5" markerWidth="4" markerHeight="4" orient="auto-start-reverse"><path d="M 0 0 L 10 5 L 0 10 z" fill="#4285F4"/></marker><marker id="arrow-head-_4285F4" viewBox="0 0 10 10" refX="8" refY="5" markerWidth="4" markerHeight="4" orient="auto-start-reverse"><path d="M 0 0 L 10 5 L 0 10 z" fill="#4285F4"/></marker></defs><line x1="20" y1="280" x2="380" y2="280" stroke="#cccccc" stroke-width="1"/><line x1="20" y1="247.5" x2="380" y2="247.5" stroke="#cccccc" stroke-width="1"/><line x1="20" y1="215" x2="380" y2="215" stroke="#cccccc" stroke-width="1"/><line x1="20" y1="182.5" x2="380" y2="182.5" stroke="#cccccc" stroke-width="1"/><line x1="20" y1="150" x2="380" y2="150" stroke="#cccccc" stroke-width="1"/><line x1="20" y1="117.5" x2="380" y2="117.5" stroke="#cccccc" stroke-width="1"/><line x1="20" y1="85" x2="380" y2="85" stroke="#cccccc" stroke-width="1"/><line x1="20" y1="52.5" x2="380" y2="52.5" stroke="#cccccc" stroke-width="1"/><line x1="20" y1="20" x2="380" y2="20" stroke="#cccccc" stroke-width="1"/><line x1="20" y1="280" x2="20" y2="20" stroke="#cccccc" stroke-width="1"/><line x1="56" y1="280" x2="56" y2="20" stroke="#cccccc" stroke-width="1"/><line x1="92" y1="280" x2="92" y2="20" stroke="#cccccc" stroke-width="1"/><line x1="128" y1="280" x2="128" y2="20" stroke="#cccccc" stroke-width="1"/><line x1="164" y1="280" x2="164" y2="20" stroke="#cccccc" stroke-width="1"/><line x1="200" y1="280" x2="200" y2="20" stroke="#cccccc" stroke-width="1"/><line x1="236" y1="280" x2="236" y2="20" stroke="#cccccc" stroke-width="1"/><line x1="272" y1="280" x2="272" y2="20" stroke="#cccccc" stroke-width="1"/><line x1="308" y1="280" x2="308" y2="20" stroke="#cccccc" stroke-width="1"/><line x1="344" y1="280" x2="344" y2="20" stroke="#cccccc" stroke-width="1"/><line x1="380" y1="280" x2="380" y2="20" stroke="#cccccc" stroke-width="1"/><path d="M 128 85 L 128 73 L 140 73 L 140 85 Z" fill="none" stroke="#FDB813" stroke-width="2"/><path d="M 128 182.5 L 128 170.5 L 140 170.5 L 140 182.5 Z" fill="none" stroke="#FDB813" stroke-width="2"/><line x1="20" y1="85" x2="380" y2="85" stroke="#4285F4" stroke-width="2.5" marker-start="url(#arrow-head-_4285F4)" marker-end="url(#arrow-head-_4285F4)"/><text x="344" y="105" font-size="18" text-anchor="middle" dominant-baseline="middle" font-weight="700" fill="#4285F4">r</text><line x1="20" y1="182.5" x2="380" y2="182.5" stroke="#4285F4" stroke-width="2.5" marker-start="url(#arrow-head-_4285F4)" marker-end="url(#arrow-head-_4285F4)"/><text x="344" y="202.5" font-size="18" text-anchor="middle" dominant-baseline="middle" font-weight="700" fill="#4285F4">s</text><line x1="128" y1="280" x2="128" y2="20" stroke="#4285F4" stroke-width="2.5" marker-start="url(#arrow-head-_4285F4)" marker-end="url(#arrow-head-_4285F4)"/><text x="148" y="45.99999999999999" font-size="18" text-anchor="middle" dominant-baseline="middle" font-weight="700" fill="#4285F4">q</text><line x1="56" y1="280" x2="344" y2="20" stroke="#4285F4" stroke-width="2.5" marker-start="url(#arrow-head-_4285F4)" marker-end="url(#arrow-head-_4285F4)"/><text x="328.6020618556701" y="60.84536082474226" font-size="18" text-anchor="middle" dominant-baseline="middle" font-weight="700" fill="#4285F4">m</text><line x1="380" y1="36.25" x2="110" y2="280" stroke="#4285F4" stroke-width="2.5" marker-start="url(#arrow-head-_4285F4)" marker-end="url(#arrow-head-_4285F4)"/><text x="61.247422680412214" y="297.06829896907226" font-size="18" text-anchor="middle" dominant-baseline="middle" font-weight="700" fill="#4285F4">n</text></svg>"`;

exports[`Widget: line-diagram should produce consistent output for example #5 1`] = `"<svg width="440" height="340" viewBox="-20 -20 440 340" xmlns="http://www.w3.org/2000/svg" font-family="sans-serif"><defs><marker id="arrow-head-_0077C0" viewBox="0 0 10 10" refX="8" refY="5" markerWidth="4" markerHeight="4" orient="auto-start-reverse"><path d="M 0 0 L 10 5 L 0 10 z" fill="#0077C0"/></marker><marker id="arrow-head-_0077C0" viewBox="0 0 10 10" refX="8" refY="5" markerWidth="4" markerHeight="4" orient="auto-start-reverse"><path d="M 0 0 L 10 5 L 0 10 z" fill="#0077C0"/></marker><marker id="arrow-head-_A0C8E0" viewBox="0 0 10 10" refX="8" refY="5" markerWidth="4" markerHeight="4" orient="auto-start-reverse"><path d="M 0 0 L 10 5 L 0 10 z" fill="#A0C8E0"/></marker><marker id="arrow-head-_A0C8E0" viewBox="0 0 10 10" refX="8" refY="5" markerWidth="4" markerHeight="4" orient="auto-start-reverse"><path d="M 0 0 L 10 5 L 0 10 z" fill="#A0C8E0"/></marker></defs><line x1="20" y1="280" x2="380" y2="280" stroke="#cccccc" stroke-width="1"/><line x1="20" y1="247.5" x2="380" y2="247.5" stroke="#cccccc" stroke-width="1"/><line x1="20" y1="215" x2="380" y2="215" stroke="#cccccc" stroke-width="1"/><line x1="20" y1="182.5" x2="380" y2="182.5" stroke="#cccccc" stroke-width="1"/><line x1="20" y1="150" x2="380" y2="150" stroke="#cccccc" stroke-width="1"/><line x1="20" y1="117.5" x2="380" y2="117.5" stroke="#cccccc" stroke-width="1"/><line x1="20" y1="85" x2="380" y2="85" stroke="#cccccc" stroke-width="1"/><line x1="20" y1="52.5" x2="380" y2="52.5" stroke="#cccccc" stroke-width="1"/><line x1="20" y1="20" x2="380" y2="20" stroke="#cccccc" stroke-width="1"/><line x1="20" y1="280" x2="20" y2="20" stroke="#cccccc" stroke-width="1"/><line x1="56" y1="280" x2="56" y2="20" stroke="#cccccc" stroke-width="1"/><line x1="92" y1="280" x2="92" y2="20" stroke="#cccccc" stroke-width="1"/><line x1="128" y1="280" x2="128" y2="20" stroke="#cccccc" stroke-width="1"/><line x1="164" y1="280" x2="164" y2="20" stroke="#cccccc" stroke-width="1"/><line x1="200" y1="280" x2="200" y2="20" stroke="#cccccc" stroke-width="1"/><line x1="236" y1="280" x2="236" y2="20" stroke="#cccccc" stroke-width="1"/><line x1="272" y1="280" x2="272" y2="20" stroke="#cccccc" stroke-width="1"/><line x1="308" y1="280" x2="308" y2="20" stroke="#cccccc" stroke-width="1"/><line x1="344" y1="280" x2="344" y2="20" stroke="#cccccc" stroke-width="1"/><line x1="380" y1="280" x2="380" y2="20" stroke="#cccccc" stroke-width="1"/><path d="M 200 150 L 200 138 L 212 138 L 212 150 Z" fill="none" stroke="#FDB813" stroke-width="2"/><line x1="20" y1="150" x2="380" y2="150" stroke="#0077C0" stroke-width="2.5" marker-start="url(#arrow-head-_0077C0)" marker-end="url(#arrow-head-_0077C0)"/><text x="344" y="170" font-size="18" text-anchor="middle" dominant-baseline="middle" font-weight="700" fill="#0077C0">r</text><line x1="200" y1="280" x2="200" y2="20" stroke="#0077C0" stroke-width="2.5" marker-start="url(#arrow-head-_0077C0)" marker-end="url(#arrow-head-_0077C0)"/><text x="220" y="45.99999999999999" font-size="18" text-anchor="middle" dominant-baseline="middle" font-weight="700" fill="#0077C0">s</text><line x1="128" y1="280" x2="272" y2="20" stroke="#A0C8E0" stroke-width="2.5" stroke-dasharray="5 5" marker-start="url(#arrow-head-_A0C8E0)" marker-end="url(#arrow-head-_A0C8E0)"/><text x="275.09582712170834" y="55.68999655971537" font-size="18" text-anchor="middle" dominant-baseline="middle" font-weight="700" fill="#A0C8E0">v</text><line x1="164" y1="280" x2="308" y2="20" stroke="#A0C8E0" stroke-width="2.5" stroke-dasharray="5 5" marker-start="url(#arrow-head-_A0C8E0)" marker-end="url(#arrow-head-_A0C8E0)"/><text x="311.0958271217083" y="55.68999655971537" font-size="18" text-anchor="middle" dominant-baseline="middle" font-weight="700" fill="#A0C8E0">t</text></svg>"`;

exports[`Widget: line-diagram should produce consistent output for example #6 1`] = `"<svg width="440" height="340" viewBox="-20 -20 440 340" xmlns="http://www.w3.org/2000/svg" font-family="sans-serif"><defs><marker id="arrow-head-_4285F4" viewBox="0 0 10 10" refX="8" refY="5" markerWidth="4" markerHeight="4" orient="auto-start-reverse"><path d="M 0 0 L 10 5 L 0 10 z" fill="#4285F4"/></marker><marker id="arrow-head-_4285F4" viewBox="0 0 10 10" refX="8" refY="5" markerWidth="4" markerHeight="4" orient="auto-start-reverse"><path d="M 0 0 L 10 5 L 0 10 z" fill="#4285F4"/></marker><marker id="arrow-head-_4285F4" viewBox="0 0 10 10" refX="8" refY="5" markerWidth="4" markerHeight="4" orient="auto-start-reverse"><path d="M 0 0 L 10 5 L 0 10 z" fill="#4285F4"/></marker><marker id="arrow-head-_4285F4" viewBox="0 0 10 10" refX="8" refY="5" markerWidth="4" markerHeight="4" orient="auto-start-reverse"><path d="M 0 0 L 10 5 L 0 10 z" fill="#4285F4"/></marker></defs><line x1="20" y1="280" x2="380" y2="280" stroke="#cccccc" stroke-width="1"/><line x1="20" y1="247.5" x2="380" y2="247.5" stroke="#cccccc" stroke-width="1"/><line x1="20" y1="215" x2="380" y2="215" stroke="#cccccc" stroke-width="1"/><line x1="20" y1="182.5" x2="380" y2="182.5" stroke="#cccccc" stroke-width="1"/><line x1="20" y1="150" x2="380" y2="150" stroke="#cccccc" stroke-width="1"/><line x1="20" y1="117.5" x2="380" y2="117.5" stroke="#cccccc" stroke-width="1"/><line x1="20" y1="85" x2="380" y2="85" stroke="#cccccc" stroke-width="1"/><line x1="20" y1="52.5" x2="380" y2="52.5" stroke="#cccccc" stroke-width="1"/><line x1="20" y1="20" x2="380" y2="20" stroke="#cccccc" stroke-width="1"/><line x1="20" y1="280" x2="20" y2="20" stroke="#cccccc" stroke-width="1"/><line x1="56" y1="280" x2="56" y2="20" stroke="#cccccc" stroke-width="1"/><line x1="92" y1="280" x2="92" y2="20" stroke="#cccccc" stroke-width="1"/><line x1="128" y1="280" x2="128" y2="20" stroke="#cccccc" stroke-width="1"/><line x1="164" y1="280" x2="164" y2="20" stroke="#cccccc" stroke-width="1"/><line x1="200" y1="280" x2="200" y2="20" stroke="#cccccc" stroke-width="1"/><line x1="236" y1="280" x2="236" y2="20" stroke="#cccccc" stroke-width="1"/><line x1="272" y1="280" x2="272" y2="20" stroke="#cccccc" stroke-width="1"/><line x1="308" y1="280" x2="308" y2="20" stroke="#cccccc" stroke-width="1"/><line x1="344" y1="280" x2="344" y2="20" stroke="#cccccc" stroke-width="1"/><line x1="380" y1="280" x2="380" y2="20" stroke="#cccccc" stroke-width="1"/><line x1="20" y1="150" x2="380" y2="150" stroke="#4285F4" stroke-width="2.5" marker-start="url(#arrow-head-_4285F4)" marker-end="url(#arrow-head-_4285F4)"/><text x="344" y="170" font-size="18" text-anchor="middle" dominant-baseline="middle" font-weight="700" fill="#4285F4">r</text><line x1="200" y1="280" x2="200" y2="20" stroke="#4285F4" stroke-width="2.5" marker-start="url(#arrow-head-_4285F4)" marker-end="url(#arrow-head-_4285F4)"/><text x="220" y="45.99999999999999" font-size="18" text-anchor="middle" dominant-baseline="middle" font-weight="700" fill="#4285F4">s</text><line x1="128" y1="280" x2="272" y2="20" stroke="#4285F4" stroke-width="2.5" marker-start="url(#arrow-head-_4285F4)" marker-end="url(#arrow-head-_4285F4)"/><text x="275.09582712170834" y="55.68999655971537" font-size="18" text-anchor="middle" dominant-baseline="middle" font-weight="700" fill="#4285F4">v</text><line x1="164" y1="280" x2="308" y2="20" stroke="#4285F4" stroke-width="2.5" marker-start="url(#arrow-head-_4285F4)" marker-end="url(#arrow-head-_4285F4)"/><text x="311.0958271217083" y="55.68999655971537" font-size="18" text-anchor="middle" dominant-baseline="middle" font-weight="700" fill="#4285F4">t</text></svg>"`;

exports[`Widget: line-diagram should produce consistent output for example #7 1`] = `"<svg width="290" height="290" viewBox="-20 -20 290 290" xmlns="http://www.w3.org/2000/svg" font-family="sans-serif"><defs><marker id="arrow-head-_4285F4" viewBox="0 0 10 10" refX="8" refY="5" markerWidth="4" markerHeight="4" orient="auto-start-reverse"><path d="M 0 0 L 10 5 L 0 10 z" fill="#4285F4"/></marker><marker id="arrow-head-_4285F4" viewBox="0 0 10 10" refX="8" refY="5" markerWidth="4" markerHeight="4" orient="auto-start-reverse"><path d="M 0 0 L 10 5 L 0 10 z" fill="#4285F4"/></marker></defs><line x1="20" y1="209" x2="230" y2="209" stroke="#cccccc" stroke-width="1"/><line x1="20" y1="167" x2="230" y2="167" stroke="#cccccc" stroke-width="1"/><line x1="20" y1="125" x2="230" y2="125" stroke="#cccccc" stroke-width="1"/><line x1="20" y1="83" x2="230" y2="83" stroke="#cccccc" stroke-width="1"/><line x1="20" y1="41" x2="230" y2="41" stroke="#cccccc" stroke-width="1"/><line x1="41" y1="230" x2="41" y2="20" stroke="#cccccc" stroke-width="1"/><line x1="83" y1="230" x2="83" y2="20" stroke="#cccccc" stroke-width="1"/><line x1="125" y1="230" x2="125" y2="20" stroke="#cccccc" stroke-width="1"/><line x1="167" y1="230" x2="167" y2="20" stroke="#cccccc" stroke-width="1"/><line x1="209" y1="230" x2="209" y2="20" stroke="#cccccc" stroke-width="1"/><path d="M 104 104 L 89 104 L 89 89 L 104 89 Z" fill="none" stroke="#FDB813" stroke-width="2"/><line x1="20" y1="104" x2="230" y2="104" stroke="#4285F4" stroke-width="2.5" marker-start="url(#arrow-head-_4285F4)" marker-end="url(#arrow-head-_4285F4)"/><line x1="104" y1="230" x2="104" y2="20" stroke="#4285F4" stroke-width="2.5" marker-start="url(#arrow-head-_4285F4)" marker-end="url(#arrow-head-_4285F4)"/></svg>"`;

exports[`Widget: line-diagram should produce consistent output for example #8 1`] = `"<svg width="290" height="290" viewBox="-20 -20 290 290" xmlns="http://www.w3.org/2000/svg" font-family="sans-serif"><defs><marker id="arrow-head-_4285F4" viewBox="0 0 10 10" refX="8" refY="5" markerWidth="4" markerHeight="4" orient="auto-start-reverse"><path d="M 0 0 L 10 5 L 0 10 z" fill="#4285F4"/></marker><marker id="arrow-head-_4285F4" viewBox="0 0 10 10" refX="8" refY="5" markerWidth="4" markerHeight="4" orient="auto-start-reverse"><path d="M 0 0 L 10 5 L 0 10 z" fill="#4285F4"/></marker></defs><line x1="20" y1="209" x2="230" y2="209" stroke="#cccccc" stroke-width="1"/><line x1="20" y1="167" x2="230" y2="167" stroke="#cccccc" stroke-width="1"/><line x1="20" y1="125" x2="230" y2="125" stroke="#cccccc" stroke-width="1"/><line x1="20" y1="83" x2="230" y2="83" stroke="#cccccc" stroke-width="1"/><line x1="20" y1="41" x2="230" y2="41" stroke="#cccccc" stroke-width="1"/><line x1="41" y1="230" x2="41" y2="20" stroke="#cccccc" stroke-width="1"/><line x1="83" y1="230" x2="83" y2="20" stroke="#cccccc" stroke-width="1"/><line x1="125" y1="230" x2="125" y2="20" stroke="#cccccc" stroke-width="1"/><line x1="167" y1="230" x2="167" y2="20" stroke="#cccccc" stroke-width="1"/><line x1="209" y1="230" x2="209" y2="20" stroke="#cccccc" stroke-width="1"/><line x1="20" y1="230" x2="230" y2="20" stroke="#4285F4" stroke-width="2.5" marker-start="url(#arrow-head-_4285F4)" marker-end="url(#arrow-head-_4285F4)"/><line x1="20" y1="20" x2="230" y2="230" stroke="#4285F4" stroke-width="2.5" marker-start="url(#arrow-head-_4285F4)" marker-end="url(#arrow-head-_4285F4)"/></svg>"`;

exports[`Widget: line-diagram should produce consistent output for example #9 1`] = `"<svg width="290" height="290" viewBox="-20 -20 290 290" xmlns="http://www.w3.org/2000/svg" font-family="sans-serif"><defs><marker id="arrow-head-_4285F4" viewBox="0 0 10 10" refX="8" refY="5" markerWidth="4" markerHeight="4" orient="auto-start-reverse"><path d="M 0 0 L 10 5 L 0 10 z" fill="#4285F4"/></marker><marker id="arrow-head-_4285F4" viewBox="0 0 10 10" refX="8" refY="5" markerWidth="4" markerHeight="4" orient="auto-start-reverse"><path d="M 0 0 L 10 5 L 0 10 z" fill="#4285F4"/></marker></defs><line x1="20" y1="209" x2="230" y2="209" stroke="#cccccc" stroke-width="1"/><line x1="20" y1="167" x2="230" y2="167" stroke="#cccccc" stroke-width="1"/><line x1="20" y1="125" x2="230" y2="125" stroke="#cccccc" stroke-width="1"/><line x1="20" y1="83" x2="230" y2="83" stroke="#cccccc" stroke-width="1"/><line x1="20" y1="41" x2="230" y2="41" stroke="#cccccc" stroke-width="1"/><line x1="41" y1="230" x2="41" y2="20" stroke="#cccccc" stroke-width="1"/><line x1="83" y1="230" x2="83" y2="20" stroke="#cccccc" stroke-width="1"/><line x1="125" y1="230" x2="125" y2="20" stroke="#cccccc" stroke-width="1"/><line x1="167" y1="230" x2="167" y2="20" stroke="#cccccc" stroke-width="1"/><line x1="209" y1="230" x2="209" y2="20" stroke="#cccccc" stroke-width="1"/><line x1="83" y1="230" x2="83" y2="20" stroke="#4285F4" stroke-width="2.5" marker-start="url(#arrow-head-_4285F4)" marker-end="url(#arrow-head-_4285F4)"/><line x1="167" y1="230" x2="167" y2="20" stroke="#4285F4" stroke-width="2.5" marker-start="url(#arrow-head-_4285F4)" marker-end="url(#arrow-head-_4285F4)"/></svg>"`;

exports[`Widget: line-diagram should produce consistent output for example #10 1`] = `"<svg width="290" height="290" viewBox="-20 -20 290 290" xmlns="http://www.w3.org/2000/svg" font-family="sans-serif"><defs><marker id="arrow-head-_4285F4" viewBox="0 0 10 10" refX="8" refY="5" markerWidth="4" markerHeight="4" orient="auto-start-reverse"><path d="M 0 0 L 10 5 L 0 10 z" fill="#4285F4"/></marker><marker id="arrow-head-_4285F4" viewBox="0 0 10 10" refX="8" refY="5" markerWidth="4" markerHeight="4" orient="auto-start-reverse"><path d="M 0 0 L 10 5 L 0 10 z" fill="#4285F4"/></marker></defs><line x1="20" y1="209" x2="230" y2="209" stroke="#cccccc" stroke-width="1"/><line x1="20" y1="167" x2="230" y2="167" stroke="#cccccc" stroke-width="1"/><line x1="20" y1="125" x2="230" y2="125" stroke="#cccccc" stroke-width="1"/><line x1="20" y1="83" x2="230" y2="83" stroke="#cccccc" stroke-width="1"/><line x1="20" y1="41" x2="230" y2="41" stroke="#cccccc" stroke-width="1"/><line x1="41" y1="230" x2="41" y2="20" stroke="#cccccc" stroke-width="1"/><line x1="83" y1="230" x2="83" y2="20" stroke="#cccccc" stroke-width="1"/><line x1="125" y1="230" x2="125" y2="20" stroke="#cccccc" stroke-width="1"/><line x1="167" y1="230" x2="167" y2="20" stroke="#cccccc" stroke-width="1"/><line x1="209" y1="230" x2="209" y2="20" stroke="#cccccc" stroke-width="1"/><line x1="20" y1="83" x2="230" y2="83" stroke="#4285F4" stroke-width="2.5" marker-start="url(#arrow-head-_4285F4)" marker-end="url(#arrow-head-_4285F4)"/><line x1="20" y1="167" x2="230" y2="167" stroke="#4285F4" stroke-width="2.5" marker-start="url(#arrow-head-_4285F4)" marker-end="url(#arrow-head-_4285F4)"/></svg>"`;

exports[`Widget: line-diagram should produce consistent output for example #11 1`] = `"<svg width="290" height="290" viewBox="-20 -20 290 290" xmlns="http://www.w3.org/2000/svg" font-family="sans-serif"><defs><marker id="arrow-head-_4285F4" viewBox="0 0 10 10" refX="8" refY="5" markerWidth="4" markerHeight="4" orient="auto-start-reverse"><path d="M 0 0 L 10 5 L 0 10 z" fill="#4285F4"/></marker><marker id="arrow-head-_4285F4" viewBox="0 0 10 10" refX="8" refY="5" markerWidth="4" markerHeight="4" orient="auto-start-reverse"><path d="M 0 0 L 10 5 L 0 10 z" fill="#4285F4"/></marker></defs><line x1="20" y1="209" x2="230" y2="209" stroke="#cccccc" stroke-width="1"/><line x1="20" y1="167" x2="230" y2="167" stroke="#cccccc" stroke-width="1"/><line x1="20" y1="125" x2="230" y2="125" stroke="#cccccc" stroke-width="1"/><line x1="20" y1="83" x2="230" y2="83" stroke="#cccccc" stroke-width="1"/><line x1="20" y1="41" x2="230" y2="41" stroke="#cccccc" stroke-width="1"/><line x1="41" y1="230" x2="41" y2="20" stroke="#cccccc" stroke-width="1"/><line x1="83" y1="230" x2="83" y2="20" stroke="#cccccc" stroke-width="1"/><line x1="125" y1="230" x2="125" y2="20" stroke="#cccccc" stroke-width="1"/><line x1="167" y1="230" x2="167" y2="20" stroke="#cccccc" stroke-width="1"/><line x1="209" y1="230" x2="209" y2="20" stroke="#cccccc" stroke-width="1"/><line x1="62" y1="230" x2="62" y2="20" stroke="#4285F4" stroke-width="2.5" marker-start="url(#arrow-head-_4285F4)" marker-end="url(#arrow-head-_4285F4)"/><line x1="20" y1="83" x2="230" y2="188" stroke="#4285F4" stroke-width="2.5" marker-start="url(#arrow-head-_4285F4)" marker-end="url(#arrow-head-_4285F4)"/></svg>"`;

exports[`Widget: line-diagram should produce consistent output for example #12 1`] = `"<svg width="290" height="290" viewBox="-20 -20 290 290" xmlns="http://www.w3.org/2000/svg" font-family="sans-serif"><defs><marker id="arrow-head-_4285F4" viewBox="0 0 10 10" refX="8" refY="5" markerWidth="4" markerHeight="4" orient="auto-start-reverse"><path d="M 0 0 L 10 5 L 0 10 z" fill="#4285F4"/></marker><marker id="arrow-head-_4285F4" viewBox="0 0 10 10" refX="8" refY="5" markerWidth="4" markerHeight="4" orient="auto-start-reverse"><path d="M 0 0 L 10 5 L 0 10 z" fill="#4285F4"/></marker></defs><line x1="20" y1="209" x2="230" y2="209" stroke="#cccccc" stroke-width="1"/><line x1="20" y1="167" x2="230" y2="167" stroke="#cccccc" stroke-width="1"/><line x1="20" y1="125" x2="230" y2="125" stroke="#cccccc" stroke-width="1"/><line x1="20" y1="83" x2="230" y2="83" stroke="#cccccc" stroke-width="1"/><line x1="20" y1="41" x2="230" y2="41" stroke="#cccccc" stroke-width="1"/><line x1="41" y1="230" x2="41" y2="20" stroke="#cccccc" stroke-width="1"/><line x1="83" y1="230" x2="83" y2="20" stroke="#cccccc" stroke-width="1"/><line x1="125" y1="230" x2="125" y2="20" stroke="#cccccc" stroke-width="1"/><line x1="167" y1="230" x2="167" y2="20" stroke="#cccccc" stroke-width="1"/><line x1="209" y1="230" x2="209" y2="20" stroke="#cccccc" stroke-width="1"/><path d="M 125 125 L 110 125 L 110 110 L 125 110 Z" fill="none" stroke="#FDB813" stroke-width="2"/><line x1="20" y1="125" x2="230" y2="125" stroke="#4285F4" stroke-width="2.5" marker-start="url(#arrow-head-_4285F4)" marker-end="url(#arrow-head-_4285F4)"/><line x1="125" y1="230" x2="125" y2="20" stroke="#4285F4" stroke-width="2.5" marker-start="url(#arrow-head-_4285F4)" marker-end="url(#arrow-head-_4285F4)"/></svg>"`;
