// Bun Snapshot v1, https://bun.sh/docs/test/snapshots

exports[`Widget: marble-diagram should produce consistent output for example #1 1`] = `
"<svg width="290" height="290" viewBox="0 0 290 290" xmlns="http://www.w3.org/2000/svg" font-family="sans-serif">
	<circle cx="236.02655205503106" cy="58.96649054856971" r="24" fill="#D0021B" stroke="#000000" stroke-width="2" />
  <circle cx="144.08744796644896" cy="155.73344343109056" r="24" fill="#D0021B" stroke="#000000" stroke-width="2" />
  <circle cx="166.33422599174082" cy="207.92599236452952" r="24" fill="#5B8DEF" stroke="#000000" stroke-width="2" />
  <circle cx="42.84765847120434" cy="199.1238713762723" r="24" fill="#D0021B" stroke="#000000" stroke-width="2" />
  <circle cx="122.01934041641653" cy="247.01372568914667" r="24" fill="#5B8DEF" stroke="#000000" stroke-width="2" />
</svg>"
`;

exports[`Widget: marble-diagram should produce consistent output for example #2 1`] = `
"<svg width="290" height="290" viewBox="0 0 290 290" xmlns="http://www.w3.org/2000/svg" font-family="sans-serif">
	<circle cx="201.45721944561228" cy="52.60479775443673" r="24" fill="#5B8DEF" stroke="#000000" stroke-width="2" />
  <circle cx="125.3892937717028" cy="122.62243356835097" r="24" fill="#5B8DEF" stroke="#000000" stroke-width="2" />
  <circle cx="226.64244937105104" cy="127.44643870927393" r="24" fill="#5B8DEF" stroke="#000000" stroke-width="2" />
  <circle cx="163.79964416706935" cy="221.11428107414395" r="24" fill="#5B8DEF" stroke="#000000" stroke-width="2" />
  <circle cx="253.11202942347154" cy="175.183193936944" r="24" fill="#5B8DEF" stroke="#000000" stroke-width="2" />
</svg>"
`;

exports[`Widget: marble-diagram should produce consistent output for example #3 1`] = `
"<svg width="290" height="290" viewBox="0 0 290 290" xmlns="http://www.w3.org/2000/svg" font-family="sans-serif">
	<circle cx="166.8878868361935" cy="46.243104960303754" r="24" fill="#D0021B" stroke="#000000" stroke-width="2" />
  <circle cx="106.69113957695663" cy="89.51142370561138" r="24" fill="#D0021B" stroke="#000000" stroke-width="2" />
  <circle cx="64.95067275036126" cy="46.96688505401835" r="24" fill="#D0021B" stroke="#000000" stroke-width="2" />
  <circle cx="62.75162986293435" cy="243.1046907720156" r="24" fill="#D0021B" stroke="#000000" stroke-width="2" />
  <circle cx="149.27722505666316" cy="205.44453221047297" r="24" fill="#D0021B" stroke="#000000" stroke-width="2" />
</svg>"
`;

exports[`Widget: marble-diagram should produce consistent output for example #4 1`] = `
"<svg width="290" height="290" viewBox="0 0 290 290" xmlns="http://www.w3.org/2000/svg" font-family="sans-serif">
	<circle cx="87.99298538221046" cy="56.400413842871785" r="24" fill="#D0021B" stroke="#000000" stroke-width="2" />
  <circle cx="125.25889612967148" cy="188.48733139876276" r="24" fill="#5B8DEF" stroke="#000000" stroke-width="2" />
  <circle cx="183.70361555879936" cy="43.09510046988726" r="24" fill="#5B8DEF" stroke="#000000" stroke-width="2" />
  <circle cx="40.516729057300836" cy="202.84119364526123" r="24" fill="#D0021B" stroke="#000000" stroke-width="2" />
  <circle cx="240.25946841714904" cy="240.07414497248828" r="24" fill="#D0021B" stroke="#000000" stroke-width="2" />
  <circle cx="122.56742103258148" cy="120.90134765673429" r="24" fill="#5B8DEF" stroke="#000000" stroke-width="2" />
  <circle cx="237.67148869903758" cy="171.13385550212115" r="24" fill="#D0021B" stroke="#000000" stroke-width="2" />
</svg>"
`;

exports[`Widget: marble-diagram should produce consistent output for example #5 1`] = `
"<svg width="236" height="236" viewBox="0 0 236 236" xmlns="http://www.w3.org/2000/svg" font-family="sans-serif">
	<circle cx="189.20679587684572" cy="137.56632605567575" r="24" fill="#D0021B" stroke="#000000" stroke-width="2" />
  <circle cx="148.53724310733378" cy="82.24265419691801" r="24" fill="#5B8DEF" stroke="#000000" stroke-width="2" />
</svg>"
`;
