// Bun Snapshot v1, https://bun.sh/docs/test/snapshots

exports[`nestedShapeDiagram widget tests nested-shape-diagram - [xdd3424e759f98328] Area of a shaded region between a circle and a rectangle 1`] = `"<svg width="240" height="240" viewBox="-131 -131 391 391" xmlns="http://www.w3.org/2000/svg" font-family="sans-serif" font-size="11"><path d="M 110 0 A 110 110 0 1 1 -110 0 A 110 110 0 1 1 110 0 Z M -20 -30 L 20 -30 L 20 30 L -20 30 Z" fill="#ccfaff80" fill-rule="evenodd"/><circle cx="0" cy="0" r="110" fill="none" stroke="#333333" stroke-width="1.5"/><polyline points="-20,-30 20,-30 20,30 -20,30" stroke="#333333" stroke-width="1.5" fill="none"/><line x1="0" y1="0" x2="110" y2="0" stroke="#ff0000" stroke-width="1.5"/><text x="61.5" y="-10" font-size="11" text-anchor="middle" dominant-baseline="middle" fill="#ff0000" stroke="#fafafa" stroke-width="0.2em" paint-order="stroke fill">11 cm</text><line x1="-20" y1="-30" x2="20" y2="-30" stroke="#333333" stroke-width="1.5"/><text x="0" y="-40" font-size="11" text-anchor="middle" dominant-baseline="middle" fill="#333333" stroke="#fafafa" stroke-width="0.2em" paint-order="stroke fill">6 cm</text><line x1="20" y1="-30" x2="20" y2="30" stroke="#333333" stroke-width="1.5"/><line x1="20" y1="30" x2="-20" y2="30" stroke="#333333" stroke-width="1.5"/><line x1="-20" y1="30" x2="-20" y2="-30" stroke="#333333" stroke-width="1.5"/><text x="-35" y="0" font-size="11" text-anchor="middle" dominant-baseline="middle" fill="#333333" stroke="#fafafa" stroke-width="0.2em" paint-order="stroke fill">4 cm</text></svg>"`;

exports[`nestedShapeDiagram widget tests nested-shape-diagram - [x9b74005f28d0b824] Area of a shaded region (circle minus rectangle) 1`] = `"<svg width="260" height="260" viewBox="-141 -141 421 421" xmlns="http://www.w3.org/2000/svg" font-family="sans-serif" font-size="11"><path d="M 120 0 A 120 120 0 1 1 -120 0 A 120 120 0 1 1 120 0 Z M -25 -55 L 25 -55 L 25 55 L -25 55 Z" fill="#ccfaff80" fill-rule="evenodd"/><circle cx="0" cy="0" r="120" fill="none" stroke="#333333" stroke-width="1.5"/><polyline points="-25,-55 25,-55 25,55 -25,55" stroke="#333333" stroke-width="1.5" fill="none"/><line x1="0" y1="0" x2="120" y2="0" stroke="#ff0000" stroke-width="1.5"/><text x="69" y="-10" font-size="11" text-anchor="middle" dominant-baseline="middle" fill="#ff0000" stroke="#fafafa" stroke-width="0.2em" paint-order="stroke fill">12 cm</text><line x1="-25" y1="-55" x2="25" y2="-55" stroke="#333333" stroke-width="1.5"/><text x="0" y="-65" font-size="11" text-anchor="middle" dominant-baseline="middle" fill="#333333" stroke="#fafafa" stroke-width="0.2em" paint-order="stroke fill">5 cm</text><line x1="25" y1="-55" x2="25" y2="55" stroke="#333333" stroke-width="1.5"/><line x1="25" y1="55" x2="-25" y2="55" stroke="#333333" stroke-width="1.5"/><line x1="-25" y1="55" x2="-25" y2="-55" stroke="#333333" stroke-width="1.5"/><text x="-40" y="0" font-size="11" text-anchor="middle" dominant-baseline="middle" fill="#333333" stroke="#fafafa" stroke-width="0.2em" paint-order="stroke fill">11 cm</text></svg>"`;

exports[`nestedShapeDiagram widget tests nested-shape-diagram - [x70ade9874035cc08] Area of a shaded region (square minus circle) 1`] = `"<svg width="210" height="175" viewBox="-20 -20 250 215" xmlns="http://www.w3.org/2000/svg" font-family="sans-serif" font-size="11"><path d="M 35 35 L 140 35 L 140 140 L 35 140 Z M 122.5 87.5 A 35 35 0 1 1 52.5 87.5 A 35 35 0 1 1 122.5 87.5 Z" fill="#ccfaff80" fill-rule="evenodd"/><polyline points="35,35 140,35 140,140 35,140" stroke="#333333" stroke-width="1.5" fill="none"/><circle cx="87.5" cy="87.5" r="35" fill="none" stroke="#333333" stroke-width="1.5"/><line x1="87.5" y1="87.5" x2="122.5" y2="87.5" stroke="#ff0000" stroke-width="1.5"/><text x="105" y="77.5" font-size="11" text-anchor="middle" dominant-baseline="middle" fill="#ff0000" stroke="#fafafa" stroke-width="0.2em" paint-order="stroke fill">1 cm</text><line x1="35" y1="35" x2="140" y2="35" stroke="#333333" stroke-width="1.5"/><text x="87.5" y="25" font-size="11" text-anchor="middle" dominant-baseline="middle" fill="#333333" stroke="#fafafa" stroke-width="0.2em" paint-order="stroke fill">3 cm</text><line x1="140" y1="35" x2="140" y2="140" stroke="#333333" stroke-width="1.5"/><text x="155" y="87.5" font-size="11" text-anchor="middle" dominant-baseline="middle" fill="#333333" stroke="#fafafa" stroke-width="0.2em" paint-order="stroke fill">3 cm</text><line x1="140" y1="140" x2="35" y2="140" stroke="#333333" stroke-width="1.5"/><line x1="35" y1="140" x2="35" y2="35" stroke="#333333" stroke-width="1.5"/></svg>"`;

exports[`nestedShapeDiagram widget tests nested-shape-diagram - [x7893c043131fd6d6] Area of a shaded region between a circle and a rectangle 1`] = `"<svg width="360" height="360" viewBox="-20 -20 400 400" xmlns="http://www.w3.org/2000/svg" font-family="sans-serif" font-size="11"><path d="M 340 180 A 160 160 0 1 1 20 180 A 160 160 0 1 1 340 180 Z M 60 160 L 300 160 L 300 200 L 60 200 Z" fill="#ccfaff80" fill-rule="evenodd"/><circle cx="180" cy="180" r="160" fill="none" stroke="#333333" stroke-width="1.5"/><polyline points="60,160 300,160 300,200 60,200" stroke="#333333" stroke-width="1.5" fill="none"/><line x1="180" y1="180" x2="340" y2="180" stroke="#ff0000" stroke-width="1.5"/><text x="242.5" y="170" font-size="11" text-anchor="middle" dominant-baseline="middle" fill="#ff0000" stroke="#fafafa" stroke-width="0.2em" paint-order="stroke fill">8 cm</text><line x1="60" y1="160" x2="300" y2="160" stroke="#333333" stroke-width="1.5"/><text x="180" y="150" font-size="11" text-anchor="middle" dominant-baseline="middle" fill="#333333" stroke="#fafafa" stroke-width="0.2em" paint-order="stroke fill">12 cm</text><line x1="300" y1="160" x2="300" y2="200" stroke="#333333" stroke-width="1.5"/><line x1="300" y1="200" x2="60" y2="200" stroke="#333333" stroke-width="1.5"/><line x1="60" y1="200" x2="60" y2="160" stroke="#333333" stroke-width="1.5"/><text x="45" y="180" font-size="11" text-anchor="middle" dominant-baseline="middle" fill="#333333" stroke="#fafafa" stroke-width="0.2em" paint-order="stroke fill">2 cm</text></svg>"`;

exports[`nestedShapeDiagram widget tests nested-shape-diagram - [xd8c0fb6d8bfff96e] Area of a shaded region (circle minus rectangle) 1`] = `"<svg width="280" height="280" viewBox="-20 -20 320 320" xmlns="http://www.w3.org/2000/svg" font-family="sans-serif" font-size="11"><path d="M 260 140 A 120 120 0 1 1 20 140 A 120 120 0 1 1 260 140 Z M 70 90 L 210 90 L 210 190 L 70 190 Z" fill="#ccfaff" fill-rule="evenodd"/><circle cx="140" cy="140" r="120" fill="none" stroke="#333333" stroke-width="1.5"/><polyline points="70,90 210,90 210,190 70,190" stroke="#333333" stroke-width="1.5" fill="none"/><line x1="140" y1="140" x2="260" y2="140" stroke="#ff0000" stroke-width="1.5"/><text x="177.5" y="130" font-size="11" text-anchor="middle" dominant-baseline="middle" fill="#ff0000" stroke="#fafafa" stroke-width="0.2em" paint-order="stroke fill">6 cm</text><line x1="70" y1="90" x2="210" y2="90" stroke="#333333" stroke-width="1.5"/><text x="140" y="80" font-size="11" text-anchor="middle" dominant-baseline="middle" fill="#333333" stroke="#fafafa" stroke-width="0.2em" paint-order="stroke fill">7 cm</text><line x1="210" y1="90" x2="210" y2="190" stroke="#333333" stroke-width="1.5"/><line x1="210" y1="190" x2="70" y2="190" stroke="#333333" stroke-width="1.5"/><line x1="70" y1="190" x2="70" y2="90" stroke="#333333" stroke-width="1.5"/><text x="55" y="140" font-size="11" text-anchor="middle" dominant-baseline="middle" fill="#333333" stroke="#fafafa" stroke-width="0.2em" paint-order="stroke fill">5 cm</text></svg>"`;

exports[`nestedShapeDiagram widget tests nested-shape-diagram - [x3a68667079fdffdd] Area of the shaded region (circle minus rectangle) 1`] = `"<svg width="200" height="200" viewBox="-20 -20 240 240" xmlns="http://www.w3.org/2000/svg" font-family="sans-serif" font-size="11"><path d="M 180 100 A 80 80 0 1 1 20 100 A 80 80 0 1 1 180 100 Z M 70 80 L 130 80 L 130 120 L 70 120 Z" fill="#ccfaff80" fill-rule="evenodd"/><circle cx="100" cy="100" r="80" fill="none" stroke="#333333" stroke-width="1.5"/><polyline points="70,80 130,80 130,120 70,120" stroke="#333333" stroke-width="1.5" fill="none"/><line x1="100" y1="100" x2="180" y2="100" stroke="#ff0000" stroke-width="1.5"/><text x="151.5" y="90" font-size="11" text-anchor="middle" dominant-baseline="middle" fill="#ff0000" stroke="#fafafa" stroke-width="0.2em" paint-order="stroke fill">4 cm</text><line x1="70" y1="80" x2="130" y2="80" stroke="#333333" stroke-width="1.5"/><text x="100" y="70" font-size="11" text-anchor="middle" dominant-baseline="middle" fill="#333333" stroke="#fafafa" stroke-width="0.2em" paint-order="stroke fill">3 cm</text><line x1="130" y1="80" x2="130" y2="120" stroke="#333333" stroke-width="1.5"/><line x1="130" y1="120" x2="70" y2="120" stroke="#333333" stroke-width="1.5"/><line x1="70" y1="120" x2="70" y2="80" stroke="#333333" stroke-width="1.5"/><text x="55" y="100" font-size="11" text-anchor="middle" dominant-baseline="middle" fill="#333333" stroke="#fafafa" stroke-width="0.2em" paint-order="stroke fill">2 cm</text></svg>"`;

exports[`nestedShapeDiagram widget tests nested-shape-diagram - [x55061cb6ed4c4ee5] Area of the shaded region between a rectangle and a circle 1`] = `"<svg width="350" height="350" viewBox="-20 -20 390 390" xmlns="http://www.w3.org/2000/svg" font-family="sans-serif" font-size="11"><path d="M 25 25 L 300 25 L 300 325 L 25 325 Z M 187.5 175 A 25 25 0 1 1 137.5 175 A 25 25 0 1 1 187.5 175 Z" fill="#ccfaff80" fill-rule="evenodd"/><polyline points="25,25 300,25 300,325 25,325" stroke="#333333" stroke-width="1.5" fill="none"/><circle cx="162.5" cy="175" r="25" fill="none" stroke="#333333" stroke-width="1.5"/><line x1="162.5" y1="175" x2="187.5" y2="175" stroke="#ff0000" stroke-width="1.5"/><text x="175" y="165" font-size="11" text-anchor="middle" dominant-baseline="middle" fill="#ff0000" stroke="#fafafa" stroke-width="0.2em" paint-order="stroke fill">1 cm</text><line x1="25" y1="25" x2="300" y2="25" stroke="#333333" stroke-width="1.5"/><text x="162.5" y="15" font-size="11" text-anchor="middle" dominant-baseline="middle" fill="#333333" stroke="#fafafa" stroke-width="0.2em" paint-order="stroke fill">11 cm</text><line x1="300" y1="25" x2="300" y2="325" stroke="#333333" stroke-width="1.5"/><text x="315" y="175" font-size="11" text-anchor="middle" dominant-baseline="middle" fill="#333333" stroke="#fafafa" stroke-width="0.2em" paint-order="stroke fill">12 cm</text><line x1="300" y1="325" x2="25" y2="325" stroke="#333333" stroke-width="1.5"/><line x1="25" y1="325" x2="25" y2="25" stroke="#333333" stroke-width="1.5"/></svg>"`;

exports[`nestedShapeDiagram widget tests nested-shape-diagram - [xb9a2f2df68f7f278] Area of the shaded region: rectangle minus circle 1`] = `"<svg width="275" height="225" viewBox="-20 -20 315 265" xmlns="http://www.w3.org/2000/svg" font-family="sans-serif" font-size="11"><path d="M 25 25 L 225 25 L 225 200 L 25 200 Z M 200 112.5 A 75 75 0 1 1 50 112.5 A 75 75 0 1 1 200 112.5 Z" fill="#ccfaff80" fill-rule="evenodd"/><polyline points="25,25 225,25 225,200 25,200" stroke="#333333" stroke-width="1.5" fill="none"/><circle cx="125" cy="112.5" r="75" fill="none" stroke="#333333" stroke-width="1.5"/><line x1="125" y1="112.5" x2="200" y2="112.5" stroke="#ff0000" stroke-width="1.5"/><text x="161.5" y="102.5" font-size="11" text-anchor="middle" dominant-baseline="middle" fill="#ff0000" stroke="#fafafa" stroke-width="0.2em" paint-order="stroke fill">3 cm</text><line x1="25" y1="25" x2="225" y2="25" stroke="#333333" stroke-width="1.5"/><text x="125" y="15" font-size="11" text-anchor="middle" dominant-baseline="middle" fill="#333333" stroke="#fafafa" stroke-width="0.2em" paint-order="stroke fill">8 cm</text><line x1="225" y1="25" x2="225" y2="200" stroke="#333333" stroke-width="1.5"/><text x="240" y="112.5" font-size="11" text-anchor="middle" dominant-baseline="middle" fill="#333333" stroke="#fafafa" stroke-width="0.2em" paint-order="stroke fill">7 cm</text><line x1="225" y1="200" x2="25" y2="200" stroke="#333333" stroke-width="1.5"/><line x1="25" y1="200" x2="25" y2="25" stroke="#333333" stroke-width="1.5"/></svg>"`;

exports[`nestedShapeDiagram widget tests nested-shape-diagram - [xc12b923ac5d6ad9e] Area of a shaded region (rectangle with inscribed circle) 1`] = `"<svg width="210" height="210" viewBox="-20 -20 250 250" xmlns="http://www.w3.org/2000/svg" font-family="sans-serif" font-size="11"><path d="M 35 35 L 140 35 L 140 175 L 35 175 Z M 122.5 105 A 35 35 0 1 1 52.5 105 A 35 35 0 1 1 122.5 105 Z" fill="#ccfaff80" fill-rule="evenodd"/><polyline points="35,35 140,35 140,175 35,175" stroke="#333333" stroke-width="1.5" fill="none"/><circle cx="87.5" cy="105" r="35" fill="none" stroke="#333333" stroke-width="1.5"/><line x1="87.5" y1="105" x2="122.5" y2="105" stroke="#ff0000" stroke-width="1.5"/><text x="105" y="95" font-size="11" text-anchor="middle" dominant-baseline="middle" fill="#ff0000" stroke="#fafafa" stroke-width="0.2em" paint-order="stroke fill">1 cm</text><line x1="35" y1="35" x2="140" y2="35" stroke="#333333" stroke-width="1.5"/><text x="87.5" y="25" font-size="11" text-anchor="middle" dominant-baseline="middle" fill="#333333" stroke="#fafafa" stroke-width="0.2em" paint-order="stroke fill">3 cm</text><line x1="140" y1="35" x2="140" y2="175" stroke="#333333" stroke-width="1.5"/><text x="155" y="105" font-size="11" text-anchor="middle" dominant-baseline="middle" fill="#333333" stroke="#fafafa" stroke-width="0.2em" paint-order="stroke fill">4 cm</text><line x1="140" y1="175" x2="35" y2="175" stroke="#333333" stroke-width="1.5"/><line x1="35" y1="175" x2="35" y2="35" stroke="#333333" stroke-width="1.5"/></svg>"`;

exports[`nestedShapeDiagram widget tests nested-shape-diagram - [x9b473530bde85c53] Area of a shaded region: rectangle minus circle 1`] = `"<svg width="350" height="350" viewBox="-20 -20 390 390" xmlns="http://www.w3.org/2000/svg" font-family="sans-serif" font-size="11"><path d="M 25 25 L 300 25 L 300 325 L 25 325 Z M 212.5 175 A 50 50 0 1 1 112.5 175 A 50 50 0 1 1 212.5 175 Z" fill="#ccfaff80" fill-rule="evenodd"/><polyline points="25,25 300,25 300,325 25,325" stroke="#333333" stroke-width="1.5" fill="none"/><circle cx="162.5" cy="175" r="50" fill="none" stroke="#333333" stroke-width="1.5"/><line x1="162.5" y1="175" x2="212.5" y2="175" stroke="#ff0000" stroke-width="1.5"/><text x="186.5" y="165" font-size="11" text-anchor="middle" dominant-baseline="middle" fill="#ff0000" stroke="#fafafa" stroke-width="0.2em" paint-order="stroke fill">2 cm</text><line x1="25" y1="25" x2="300" y2="25" stroke="#333333" stroke-width="1.5"/><text x="162.5" y="15" font-size="11" text-anchor="middle" dominant-baseline="middle" fill="#333333" stroke="#fafafa" stroke-width="0.2em" paint-order="stroke fill">11 cm</text><line x1="300" y1="25" x2="300" y2="325" stroke="#333333" stroke-width="1.5"/><text x="315" y="175" font-size="11" text-anchor="middle" dominant-baseline="middle" fill="#333333" stroke="#fafafa" stroke-width="0.2em" paint-order="stroke fill">12 cm</text><line x1="300" y1="325" x2="25" y2="325" stroke="#333333" stroke-width="1.5"/><line x1="25" y1="325" x2="25" y2="25" stroke="#333333" stroke-width="1.5"/></svg>"`;

exports[`nestedShapeDiagram widget tests nested-shape-diagram - [xf0438c2e9eb979cd] Area of the shaded region between a square and a circle 1`] = `"<svg width="350" height="325" viewBox="-20 -20 390 365" xmlns="http://www.w3.org/2000/svg" font-family="sans-serif" font-size="11"><path d="M 25 25 L 300 25 L 300 300 L 25 300 Z M 287.5 162.5 A 125 125 0 1 1 37.5 162.5 A 125 125 0 1 1 287.5 162.5 Z" fill="#ccfaff80" fill-rule="evenodd"/><polyline points="25,25 300,25 300,300 25,300" stroke="#333333" stroke-width="1.5" fill="none"/><circle cx="162.5" cy="162.5" r="125" fill="none" stroke="#333333" stroke-width="1.5"/><line x1="162.5" y1="162.5" x2="287.5" y2="162.5" stroke="#ff0000" stroke-width="1.5"/><text x="224" y="152.5" font-size="11" text-anchor="middle" dominant-baseline="middle" fill="#ff0000" stroke="#fafafa" stroke-width="0.2em" paint-order="stroke fill">5 cm</text><line x1="25" y1="25" x2="300" y2="25" stroke="#333333" stroke-width="1.5"/><text x="162.5" y="15" font-size="11" text-anchor="middle" dominant-baseline="middle" fill="#333333" stroke="#fafafa" stroke-width="0.2em" paint-order="stroke fill">11 cm</text><line x1="300" y1="25" x2="300" y2="300" stroke="#333333" stroke-width="1.5"/><text x="315" y="162.5" font-size="11" text-anchor="middle" dominant-baseline="middle" fill="#333333" stroke="#fafafa" stroke-width="0.2em" paint-order="stroke fill">11 cm</text><line x1="300" y1="300" x2="25" y2="300" stroke="#333333" stroke-width="1.5"/><line x1="25" y1="300" x2="25" y2="25" stroke="#333333" stroke-width="1.5"/></svg>"`;

exports[`nestedShapeDiagram widget tests nested-shape-diagram - [x74eb96d7a07de3a4] Area of a shaded region between a circle and a square 1`] = `"<svg width="200" height="200" viewBox="-20 -20 240 240" xmlns="http://www.w3.org/2000/svg" font-family="sans-serif" font-size="11"><path d="M 180 100 A 80 80 0 1 1 20 100 A 80 80 0 1 1 180 100 Z M 70 70 L 130 70 L 130 130 L 70 130 Z" fill="#ccfaff" fill-rule="evenodd"/><circle cx="100" cy="100" r="80" fill="none" stroke="#333333" stroke-width="1.5"/><polyline points="70,70 130,70 130,130 70,130" stroke="#333333" stroke-width="1.5" fill="none"/><line x1="70" y1="70" x2="130" y2="70" stroke="#333333" stroke-width="1.5"/><text x="100" y="60" font-size="11" text-anchor="middle" dominant-baseline="middle" fill="#333333" stroke="#fafafa" stroke-width="0.2em" paint-order="stroke fill">3 cm</text><line x1="130" y1="70" x2="130" y2="130" stroke="#333333" stroke-width="1.5"/><line x1="130" y1="130" x2="70" y2="130" stroke="#333333" stroke-width="1.5"/><line x1="70" y1="130" x2="70" y2="70" stroke="#333333" stroke-width="1.5"/><text x="55" y="100" font-size="11" text-anchor="middle" dominant-baseline="middle" fill="#333333" stroke="#fafafa" stroke-width="0.2em" paint-order="stroke fill">3 cm</text><line x1="100" y1="100" x2="180" y2="100" stroke="#ff0000" stroke-width="1.5"/><text x="151.5" y="90" font-size="11" text-anchor="middle" dominant-baseline="middle" fill="#ff0000" stroke="#fafafa" stroke-width="0.2em" paint-order="stroke fill">4 cm</text></svg>"`;
