// Bun Snapshot v1, https://bun.sh/docs/test/snapshots

exports[`Widget: number-line should produce consistent output for example #1 1`] = `"<svg width="540" height="160" viewBox="-20 -20 540 160" xmlns="http://www.w3.org/2000/svg" font-family="sans-serif" font-size="12"><defs><marker id="action-arrow" viewBox="0 0 10 10" refX="8" refY="5" markerWidth="6" markerHeight="6" orient="auto"><path d="M 0 0 L 10 5 L 0 10 z" fill="#333333"/></marker></defs><line x1="20" y1="60" x2="480" y2="60" stroke="#333333" stroke-width="2"/><line x1="20" y1="55" x2="20" y2="65" stroke="#333333" stroke-width="1.5"/><text x="20" y="80" font-size="11" text-anchor="middle" fill="#333333">0</text><line x1="66" y1="55" x2="66" y2="65" stroke="#333333" stroke-width="1.5"/><text x="66" y="80" font-size="11" text-anchor="middle" fill="#333333">1</text><line x1="112" y1="55" x2="112" y2="65" stroke="#333333" stroke-width="1.5"/><text x="112" y="80" font-size="11" text-anchor="middle" fill="#333333">2</text><line x1="158" y1="55" x2="158" y2="65" stroke="#333333" stroke-width="1.5"/><text x="158" y="80" font-size="11" text-anchor="middle" fill="#333333">3</text><line x1="204" y1="55" x2="204" y2="65" stroke="#333333" stroke-width="1.5"/><text x="204" y="80" font-size="11" text-anchor="middle" fill="#333333">4</text><line x1="250" y1="55" x2="250" y2="65" stroke="#333333" stroke-width="1.5"/><text x="250" y="80" font-size="11" text-anchor="middle" fill="#333333">5</text><line x1="296" y1="55" x2="296" y2="65" stroke="#333333" stroke-width="1.5"/><text x="296" y="80" font-size="11" text-anchor="middle" fill="#333333">6</text><line x1="342" y1="55" x2="342" y2="65" stroke="#333333" stroke-width="1.5"/><text x="342" y="80" font-size="11" text-anchor="middle" fill="#333333">7</text><line x1="388" y1="55" x2="388" y2="65" stroke="#333333" stroke-width="1.5"/><text x="388" y="80" font-size="11" text-anchor="middle" fill="#333333">8</text><line x1="434" y1="55" x2="434" y2="65" stroke="#333333" stroke-width="1.5"/><text x="434" y="80" font-size="11" text-anchor="middle" fill="#333333">9</text><line x1="480" y1="55" x2="480" y2="65" stroke="#333333" stroke-width="1.5"/><text x="480" y="80" font-size="11" text-anchor="middle" fill="#333333">10</text><circle cx="158" cy="60" r="5" fill="#4285F4" stroke="#4285F4" stroke-width="1"/><line x1="158" y1="35" x2="158" y2="52" stroke="#333333" stroke-width="2" marker-end="url(#action-arrow)"/><text x="158" y="30" font-size="12" text-anchor="middle" font-weight="700" fill="#4285F4">3</text><circle cx="365" cy="60" r="5" fill="#FF6B6B" stroke="#FF6B6B" stroke-width="1"/><text x="365" y="45" font-size="12" text-anchor="middle" font-weight="700" fill="#FF6B6B">7.5</text></svg>"`;

exports[`Widget: number-line should produce consistent output for example #2 1`] = `"<svg width="440" height="140" viewBox="-20 -20 440 140" xmlns="http://www.w3.org/2000/svg" font-family="sans-serif" font-size="12"><defs><marker id="action-arrow" viewBox="0 0 10 10" refX="8" refY="5" markerWidth="6" markerHeight="6" orient="auto"><path d="M 0 0 L 10 5 L 0 10 z" fill="#333333"/></marker></defs><line x1="20" y1="50" x2="380" y2="50" stroke="#333333" stroke-width="2"/><line x1="20" y1="45" x2="20" y2="55" stroke="#333333" stroke-width="1.5"/><text x="20" y="70" font-size="11" text-anchor="middle" fill="#333333">-5</text><line x1="56" y1="45" x2="56" y2="55" stroke="#333333" stroke-width="1.5"/><text x="56" y="70" font-size="11" text-anchor="middle" fill="#333333">-4</text><line x1="92" y1="45" x2="92" y2="55" stroke="#333333" stroke-width="1.5"/><text x="92" y="70" font-size="11" text-anchor="middle" fill="#333333">-3</text><line x1="128" y1="45" x2="128" y2="55" stroke="#333333" stroke-width="1.5"/><text x="128" y="70" font-size="11" text-anchor="middle" fill="#333333">-2</text><line x1="164" y1="45" x2="164" y2="55" stroke="#333333" stroke-width="1.5"/><text x="164" y="70" font-size="11" text-anchor="middle" fill="#333333">-1</text><line x1="200" y1="45" x2="200" y2="55" stroke="#333333" stroke-width="1.5"/><text x="200" y="70" font-size="11" text-anchor="middle" fill="#333333">0</text><line x1="236" y1="45" x2="236" y2="55" stroke="#333333" stroke-width="1.5"/><text x="236" y="70" font-size="11" text-anchor="middle" fill="#333333">1</text><line x1="272" y1="45" x2="272" y2="55" stroke="#333333" stroke-width="1.5"/><text x="272" y="70" font-size="11" text-anchor="middle" fill="#333333">2</text><line x1="308" y1="45" x2="308" y2="55" stroke="#333333" stroke-width="1.5"/><text x="308" y="70" font-size="11" text-anchor="middle" fill="#333333">3</text><line x1="344" y1="45" x2="344" y2="55" stroke="#333333" stroke-width="1.5"/><text x="344" y="70" font-size="11" text-anchor="middle" fill="#333333">4</text><line x1="380" y1="45" x2="380" y2="55" stroke="#333333" stroke-width="1.5"/><text x="380" y="70" font-size="11" text-anchor="middle" fill="#333333">5</text><circle cx="128" cy="50" r="5" fill="#34A853" stroke="#34A853" stroke-width="1"/><line x1="128" y1="25" x2="128" y2="42" stroke="#333333" stroke-width="2" marker-end="url(#action-arrow)"/><text x="128" y="20" font-size="12" text-anchor="middle" font-weight="700" fill="#34A853">-2</text><circle cx="344" cy="50" r="5" fill="#FF6B6B" stroke="#FF6B6B" stroke-width="1"/><line x1="344" y1="25" x2="344" y2="42" stroke="#333333" stroke-width="2" marker-end="url(#action-arrow)"/><text x="344" y="20" font-size="12" text-anchor="middle" font-weight="700" fill="#FF6B6B">4</text></svg>"`;

exports[`Widget: number-line should produce consistent output for example #3 1`] = `"<svg width="560" height="160" viewBox="-20 -20 560 160" xmlns="http://www.w3.org/2000/svg" font-family="sans-serif" font-size="12"><defs><marker id="action-arrow" viewBox="0 0 10 10" refX="8" refY="5" markerWidth="6" markerHeight="6" orient="auto"><path d="M 0 0 L 10 5 L 0 10 z" fill="#333333"/></marker></defs><line x1="20" y1="60" x2="500" y2="60" stroke="#333333" stroke-width="2"/><line x1="32" y1="57" x2="32" y2="63" stroke="#333333" stroke-width="1.5"/><line x1="44" y1="57" x2="44" y2="63" stroke="#333333" stroke-width="1.5"/><line x1="56" y1="57" x2="56" y2="63" stroke="#333333" stroke-width="1.5"/><line x1="68" y1="57" x2="68" y2="63" stroke="#333333" stroke-width="1.5"/><line x1="92" y1="57" x2="92" y2="63" stroke="#333333" stroke-width="1.5"/><line x1="104" y1="57" x2="104" y2="63" stroke="#333333" stroke-width="1.5"/><line x1="116" y1="57" x2="116" y2="63" stroke="#333333" stroke-width="1.5"/><line x1="128" y1="57" x2="128" y2="63" stroke="#333333" stroke-width="1.5"/><line x1="152" y1="57" x2="152" y2="63" stroke="#333333" stroke-width="1.5"/><line x1="164" y1="57" x2="164" y2="63" stroke="#333333" stroke-width="1.5"/><line x1="176" y1="57" x2="176" y2="63" stroke="#333333" stroke-width="1.5"/><line x1="188" y1="57" x2="188" y2="63" stroke="#333333" stroke-width="1.5"/><line x1="212" y1="57" x2="212" y2="63" stroke="#333333" stroke-width="1.5"/><line x1="224" y1="57" x2="224" y2="63" stroke="#333333" stroke-width="1.5"/><line x1="236" y1="57" x2="236" y2="63" stroke="#333333" stroke-width="1.5"/><line x1="248" y1="57" x2="248" y2="63" stroke="#333333" stroke-width="1.5"/><line x1="272" y1="57" x2="272" y2="63" stroke="#333333" stroke-width="1.5"/><line x1="284" y1="57" x2="284" y2="63" stroke="#333333" stroke-width="1.5"/><line x1="296" y1="57" x2="296" y2="63" stroke="#333333" stroke-width="1.5"/><line x1="308" y1="57" x2="308" y2="63" stroke="#333333" stroke-width="1.5"/><line x1="332" y1="57" x2="332" y2="63" stroke="#333333" stroke-width="1.5"/><line x1="344" y1="57" x2="344" y2="63" stroke="#333333" stroke-width="1.5"/><line x1="356" y1="57" x2="356" y2="63" stroke="#333333" stroke-width="1.5"/><line x1="368" y1="57" x2="368" y2="63" stroke="#333333" stroke-width="1.5"/><line x1="392" y1="57" x2="392" y2="63" stroke="#333333" stroke-width="1.5"/><line x1="404" y1="57" x2="404" y2="63" stroke="#333333" stroke-width="1.5"/><line x1="416" y1="57" x2="416" y2="63" stroke="#333333" stroke-width="1.5"/><line x1="428" y1="57" x2="428" y2="63" stroke="#333333" stroke-width="1.5"/><line x1="452" y1="57" x2="452" y2="63" stroke="#333333" stroke-width="1.5"/><line x1="464" y1="57" x2="464" y2="63" stroke="#333333" stroke-width="1.5"/><line x1="476" y1="57" x2="476" y2="63" stroke="#333333" stroke-width="1.5"/><line x1="488" y1="57" x2="488" y2="63" stroke="#333333" stroke-width="1.5"/><line x1="20" y1="55" x2="20" y2="65" stroke="#333333" stroke-width="1.5"/><line x1="80" y1="55" x2="80" y2="65" stroke="#333333" stroke-width="1.5"/><line x1="140" y1="55" x2="140" y2="65" stroke="#333333" stroke-width="1.5"/><line x1="200" y1="55" x2="200" y2="65" stroke="#333333" stroke-width="1.5"/><line x1="260" y1="55" x2="260" y2="65" stroke="#333333" stroke-width="1.5"/><line x1="320" y1="55" x2="320" y2="65" stroke="#333333" stroke-width="1.5"/><line x1="380" y1="55" x2="380" y2="65" stroke="#333333" stroke-width="1.5"/><line x1="440" y1="55" x2="440" y2="65" stroke="#333333" stroke-width="1.5"/><line x1="500" y1="55" x2="500" y2="65" stroke="#333333" stroke-width="1.5"/><circle cx="212" cy="60" r="5" fill="#1E40AF" stroke="#1E40AF" stroke-width="1"/><circle cx="320" cy="60" r="5" fill="#1E40AF" stroke="#1E40AF" stroke-width="1"/><text x="320" y="45" font-size="12" text-anchor="middle" font-weight="700" fill="#1E40AF">125</text><circle cx="164" cy="60" r="5" fill="#111111" stroke="#111111" stroke-width="1"/><rect x="158" y="39" width="12" height="12" fill="#ffffff" stroke="#111111" stroke-width="1.5"/></svg>"`;
