// Bun Snapshot v1, https://goo.gl/fbAQLP

exports[`Widget: pes-spectrum should produce consistent output for example #1 1`] = `"<svg width="440" height="342" viewBox="-20 -20 440 342" xmlns="http://www.w3.org/2000/svg" font-family="sans-serif" font-size="12"><line x1="60.8" y1="24" x2="379.2" y2="24" stroke="#000000" stroke-width="2" opacity="0.1"/><line x1="60.8" y1="52.92857142857143" x2="379.2" y2="52.92857142857143" stroke="#000000" stroke-width="2" opacity="0.1"/><line x1="60.8" y1="81.85714285714286" x2="379.2" y2="81.85714285714286" stroke="#000000" stroke-width="2" opacity="0.1"/><line x1="60.8" y1="110.78571428571429" x2="379.2" y2="110.78571428571429" stroke="#000000" stroke-width="2" opacity="0.1"/><line x1="60.8" y1="139.71428571428572" x2="379.2" y2="139.71428571428572" stroke="#000000" stroke-width="2" opacity="0.1"/><line x1="60.8" y1="168.64285714285714" x2="379.2" y2="168.64285714285714" stroke="#000000" stroke-width="2" opacity="0.1"/><line x1="60.8" y1="197.57142857142858" x2="379.2" y2="197.57142857142858" stroke="#000000" stroke-width="2" opacity="0.1"/><line x1="60.8" y1="226.5" x2="379.2" y2="226.5" stroke="#000000" stroke-width="2" opacity="0.1"/><line x1="60.8" y1="226.5" x2="379.2" y2="226.5" stroke="#000000" stroke-width="2"/><line x1="60.8" y1="226.5" x2="60.8" y2="24" stroke="#000000" stroke-width="2"/><line x1="60.8" y1="226.5" x2="60.8" y2="231.5" stroke="#000000" stroke-width="1.5"/><text x="60.8" y="243.5" font-size="10" text-anchor="middle">1000</text><line x1="140.39999999999998" y1="226.5" x2="140.39999999999998" y2="231.5" stroke="#000000" stroke-width="1.5"/><text x="140.39999999999998" y="243.5" font-size="10" text-anchor="middle">100</text><line x1="220" y1="226.5" x2="220" y2="231.5" stroke="#000000" stroke-width="1.5"/><text x="220" y="243.5" font-size="10" text-anchor="middle">10</text><line x1="299.59999999999997" y1="226.5" x2="299.59999999999997" y2="231.5" stroke="#000000" stroke-width="1.5"/><text x="299.59999999999997" y="243.5" font-size="10" text-anchor="middle">1</text><line x1="379.2" y1="226.5" x2="379.2" y2="231.5" stroke="#000000" stroke-width="1.5"/><text x="379.2" y="243.5" font-size="10" text-anchor="middle">0</text><text x="220" y="18" font-size="14" text-anchor="middle" font-weight="700">Photoelectron Spectrum of Carbon</text><text x="220" y="290" font-size="12" text-anchor="middle" font-weight="700">Binding Energy (Mj/mol)</text><text x="45.8" y="125.25" font-size="12" text-anchor="middle" font-weight="700" transform="rotate(-90, 45.8, 125.25)">Relative Number of Electrons</text><line x1="217.22660225483094" y1="226.5" x2="218.12660225483094" y2="220.71428571428572" stroke="#000000" stroke-width="2"/><line x1="218.12660225483094" y1="220.71428571428572" x2="219.02660225483095" y2="110.78571428571429" stroke="#000000" stroke-width="2"/><line x1="219.02660225483095" y1="110.78571428571429" x2="219.92660225483095" y2="220.71428571428572" stroke="#000000" stroke-width="2"/><line x1="219.92660225483095" y1="220.71428571428572" x2="220.82660225483096" y2="226.5" stroke="#000000" stroke-width="2"/><text x="219.02660225483095" y="104.78571428571429" font-size="10" text-anchor="middle">2p</text><line x1="205.9099636367049" y1="226.5" x2="206.8099636367049" y2="220.71428571428572" stroke="#000000" stroke-width="2"/><line x1="206.8099636367049" y1="220.71428571428572" x2="207.7099636367049" y2="168.64285714285714" stroke="#000000" stroke-width="2"/><line x1="207.7099636367049" y1="168.64285714285714" x2="208.60996363670492" y2="220.71428571428572" stroke="#000000" stroke-width="2"/><line x1="208.60996363670492" y1="220.71428571428572" x2="209.50996363670492" y2="226.5" stroke="#000000" stroke-width="2"/><text x="207.7099636367049" y="162.64285714285714" font-size="10" text-anchor="middle">2s</text><line x1="114.30493851769876" y1="226.5" x2="115.20493851769876" y2="220.71428571428572" stroke="#000000" stroke-width="2"/><line x1="115.20493851769876" y1="220.71428571428572" x2="116.10493851769876" y2="168.64285714285714" stroke="#000000" stroke-width="2"/><line x1="116.10493851769876" y1="168.64285714285714" x2="117.00493851769875" y2="220.71428571428572" stroke="#000000" stroke-width="2"/><line x1="117.00493851769875" y1="220.71428571428572" x2="117.90493851769875" y2="226.5" stroke="#000000" stroke-width="2"/><text x="116.10493851769876" y="162.64285714285714" font-size="10" text-anchor="middle">1s</text></svg>"`;

exports[`Widget: pes-spectrum should produce consistent output for example #2 1`] = `"<svg width="490" height="362" viewBox="-20 -20 490 362" xmlns="http://www.w3.org/2000/svg" font-family="sans-serif" font-size="12"><line x1="68.39999999999999" y1="25.6" x2="426.6" y2="25.6" stroke="#000000" stroke-width="2" opacity="0.1"/><line x1="68.39999999999999" y1="56.457142857142856" x2="426.6" y2="56.457142857142856" stroke="#000000" stroke-width="2" opacity="0.1"/><line x1="68.39999999999999" y1="87.31428571428572" x2="426.6" y2="87.31428571428572" stroke="#000000" stroke-width="2" opacity="0.1"/><line x1="68.39999999999999" y1="118.17142857142858" x2="426.6" y2="118.17142857142858" stroke="#000000" stroke-width="2" opacity="0.1"/><line x1="68.39999999999999" y1="149.02857142857144" x2="426.6" y2="149.02857142857144" stroke="#000000" stroke-width="2" opacity="0.1"/><line x1="68.39999999999999" y1="179.88571428571427" x2="426.6" y2="179.88571428571427" stroke="#000000" stroke-width="2" opacity="0.1"/><line x1="68.39999999999999" y1="210.74285714285713" x2="426.6" y2="210.74285714285713" stroke="#000000" stroke-width="2" opacity="0.1"/><line x1="68.39999999999999" y1="241.6" x2="426.6" y2="241.6" stroke="#000000" stroke-width="2" opacity="0.1"/><line x1="68.39999999999999" y1="241.6" x2="426.6" y2="241.6" stroke="#000000" stroke-width="2"/><line x1="68.39999999999999" y1="241.6" x2="68.39999999999999" y2="25.6" stroke="#000000" stroke-width="2"/><line x1="68.39999999999999" y1="241.6" x2="68.39999999999999" y2="246.6" stroke="#000000" stroke-width="1.5"/><text x="68.39999999999999" y="258.6" font-size="10" text-anchor="middle">1000</text><line x1="157.95" y1="241.6" x2="157.95" y2="246.6" stroke="#000000" stroke-width="1.5"/><text x="157.95" y="258.6" font-size="10" text-anchor="middle">100</text><line x1="247.5" y1="241.6" x2="247.5" y2="246.6" stroke="#000000" stroke-width="1.5"/><text x="247.5" y="258.6" font-size="10" text-anchor="middle">10</text><line x1="337.05" y1="241.6" x2="337.05" y2="246.6" stroke="#000000" stroke-width="1.5"/><text x="337.05" y="258.6" font-size="10" text-anchor="middle">1</text><line x1="426.6" y1="241.6" x2="426.6" y2="246.6" stroke="#000000" stroke-width="1.5"/><text x="426.6" y="258.6" font-size="10" text-anchor="middle">0</text><text x="247.5" y="19.6" font-size="14" text-anchor="middle" font-weight="700">Photoelectron Spectrum of Nitrogen</text><text x="247.5" y="310" font-size="12" text-anchor="middle" font-weight="700">Binding Energy (Mj/mol)</text><text x="53.39999999999999" y="133.6" font-size="12" text-anchor="middle" font-weight="700" transform="rotate(-90, 53.39999999999999, 133.6)">Relative Number of Electrons</text><line x1="239.89514035067918" y1="241.6" x2="240.7951403506792" y2="235.42857142857142" stroke="#000000" stroke-width="2"/><line x1="240.7951403506792" y1="235.42857142857142" x2="241.6951403506792" y2="149.0285714285714" stroke="#000000" stroke-width="2"/><line x1="241.6951403506792" y1="149.0285714285714" x2="242.5951403506792" y2="235.42857142857142" stroke="#000000" stroke-width="2"/><line x1="242.5951403506792" y1="235.42857142857142" x2="243.4951403506792" y2="241.6" stroke="#000000" stroke-width="2"/><text x="241.6951403506792" y="143.0285714285714" font-size="10" text-anchor="middle">2p</text><line x1="222.34182715353057" y1="241.6" x2="223.24182715353058" y2="235.42857142857142" stroke="#000000" stroke-width="2"/><line x1="223.24182715353058" y1="235.42857142857142" x2="224.14182715353058" y2="179.88571428571427" stroke="#000000" stroke-width="2"/><line x1="224.14182715353058" y1="179.88571428571427" x2="225.0418271535306" y2="235.42857142857142" stroke="#000000" stroke-width="2"/><line x1="225.0418271535306" y1="235.42857142857142" x2="225.9418271535306" y2="241.6" stroke="#000000" stroke-width="2"/><text x="224.14182715353058" y="173.88571428571427" font-size="10" text-anchor="middle">2s</text><line x1="113.19372998000772" y1="241.6" x2="114.09372998000772" y2="235.42857142857142" stroke="#000000" stroke-width="2"/><line x1="114.09372998000772" y1="235.42857142857142" x2="114.99372998000771" y2="179.88571428571427" stroke="#000000" stroke-width="2"/><line x1="114.99372998000771" y1="179.88571428571427" x2="115.8937299800077" y2="235.42857142857142" stroke="#000000" stroke-width="2"/><line x1="115.8937299800077" y1="235.42857142857142" x2="116.79372998000771" y2="241.6" stroke="#000000" stroke-width="2"/><text x="114.99372998000771" y="173.88571428571427" font-size="10" text-anchor="middle">1s</text></svg>"`;

exports[`Widget: pes-spectrum should produce consistent output for example #3 1`] = `"<svg width="390" height="342" viewBox="-20 -20 390 342" xmlns="http://www.w3.org/2000/svg" font-family="sans-serif" font-size="12"><line x1="53.199999999999996" y1="24" x2="331.8" y2="24" stroke="#000000" stroke-width="2" opacity="0.1"/><line x1="53.199999999999996" y1="52.92857142857143" x2="331.8" y2="52.92857142857143" stroke="#000000" stroke-width="2" opacity="0.1"/><line x1="53.199999999999996" y1="81.85714285714286" x2="331.8" y2="81.85714285714286" stroke="#000000" stroke-width="2" opacity="0.1"/><line x1="53.199999999999996" y1="110.78571428571429" x2="331.8" y2="110.78571428571429" stroke="#000000" stroke-width="2" opacity="0.1"/><line x1="53.199999999999996" y1="139.71428571428572" x2="331.8" y2="139.71428571428572" stroke="#000000" stroke-width="2" opacity="0.1"/><line x1="53.199999999999996" y1="168.64285714285714" x2="331.8" y2="168.64285714285714" stroke="#000000" stroke-width="2" opacity="0.1"/><line x1="53.199999999999996" y1="197.57142857142858" x2="331.8" y2="197.57142857142858" stroke="#000000" stroke-width="2" opacity="0.1"/><line x1="53.199999999999996" y1="226.5" x2="331.8" y2="226.5" stroke="#000000" stroke-width="2" opacity="0.1"/><line x1="53.199999999999996" y1="226.5" x2="331.8" y2="226.5" stroke="#000000" stroke-width="2"/><line x1="53.199999999999996" y1="226.5" x2="53.199999999999996" y2="24" stroke="#000000" stroke-width="2"/><line x1="53.199999999999996" y1="226.5" x2="53.199999999999996" y2="231.5" stroke="#000000" stroke-width="1.5"/><text x="53.199999999999996" y="243.5" font-size="10" text-anchor="middle">1000</text><line x1="122.85" y1="226.5" x2="122.85" y2="231.5" stroke="#000000" stroke-width="1.5"/><text x="122.85" y="243.5" font-size="10" text-anchor="middle">100</text><line x1="192.5" y1="226.5" x2="192.5" y2="231.5" stroke="#000000" stroke-width="1.5"/><text x="192.5" y="243.5" font-size="10" text-anchor="middle">10</text><line x1="262.15000000000003" y1="226.5" x2="262.15000000000003" y2="231.5" stroke="#000000" stroke-width="1.5"/><text x="262.15000000000003" y="243.5" font-size="10" text-anchor="middle">1</text><line x1="331.8" y1="226.5" x2="331.8" y2="231.5" stroke="#000000" stroke-width="1.5"/><text x="331.8" y="243.5" font-size="10" text-anchor="middle">0</text><text x="192.5" y="290" font-size="12" text-anchor="middle" font-weight="700">Binding Energy (Mj/mol)</text><text x="38.199999999999996" y="125.25" font-size="12" text-anchor="middle" font-weight="700" transform="rotate(-90, 38.199999999999996, 125.25)">Number of Electrons</text><line x1="218.89514507862012" y1="226.5" x2="219.79514507862012" y2="220.71428571428572" stroke="#000000" stroke-width="2"/><line x1="219.79514507862012" y1="220.71428571428572" x2="220.69514507862013" y2="197.57142857142858" stroke="#000000" stroke-width="2"/><line x1="220.69514507862013" y1="197.57142857142858" x2="221.59514507862013" y2="220.71428571428572" stroke="#000000" stroke-width="2"/><line x1="221.59514507862013" y1="220.71428571428572" x2="222.49514507862014" y2="226.5" stroke="#000000" stroke-width="2"/><line x1="193.9666616363465" y1="226.5" x2="194.8666616363465" y2="220.71428571428572" stroke="#000000" stroke-width="2"/><line x1="194.8666616363465" y1="220.71428571428572" x2="195.7666616363465" y2="52.928571428571445" stroke="#000000" stroke-width="2"/><line x1="195.7666616363465" y1="52.928571428571445" x2="196.6666616363465" y2="220.71428571428572" stroke="#000000" stroke-width="2"/><line x1="196.6666616363465" y1="220.71428571428572" x2="197.5666616363465" y2="226.5" stroke="#000000" stroke-width="2"/><line x1="180.95480433474575" y1="226.5" x2="181.85480433474575" y2="220.71428571428572" stroke="#000000" stroke-width="2"/><line x1="181.85480433474575" y1="220.71428571428572" x2="182.75480433474576" y2="168.64285714285714" stroke="#000000" stroke-width="2"/><line x1="182.75480433474576" y1="168.64285714285714" x2="183.65480433474576" y2="220.71428571428572" stroke="#000000" stroke-width="2"/><line x1="183.65480433474576" y1="220.71428571428572" x2="184.55480433474577" y2="226.5" stroke="#000000" stroke-width="2"/><line x1="108.67940444578095" y1="226.5" x2="109.57940444578095" y2="220.71428571428572" stroke="#000000" stroke-width="2"/><line x1="109.57940444578095" y1="220.71428571428572" x2="110.47940444578094" y2="168.64285714285714" stroke="#000000" stroke-width="2"/><line x1="110.47940444578094" y1="168.64285714285714" x2="111.37940444578093" y2="220.71428571428572" stroke="#000000" stroke-width="2"/><line x1="111.37940444578093" y1="220.71428571428572" x2="112.27940444578094" y2="226.5" stroke="#000000" stroke-width="2"/></svg>"`;

exports[`Widget: pes-spectrum should produce consistent output for example #4 1`] = `"<svg width="540" height="392" viewBox="-20 -20 540 392" xmlns="http://www.w3.org/2000/svg" font-family="sans-serif" font-size="12"><line x1="76" y1="28" x2="474" y2="28" stroke="#000000" stroke-width="2" opacity="0.1"/><line x1="76" y1="61.75" x2="474" y2="61.75" stroke="#000000" stroke-width="2" opacity="0.1"/><line x1="76" y1="95.5" x2="474" y2="95.5" stroke="#000000" stroke-width="2" opacity="0.1"/><line x1="76" y1="129.25" x2="474" y2="129.25" stroke="#000000" stroke-width="2" opacity="0.1"/><line x1="76" y1="163" x2="474" y2="163" stroke="#000000" stroke-width="2" opacity="0.1"/><line x1="76" y1="196.75" x2="474" y2="196.75" stroke="#000000" stroke-width="2" opacity="0.1"/><line x1="76" y1="230.5" x2="474" y2="230.5" stroke="#000000" stroke-width="2" opacity="0.1"/><line x1="76" y1="264.25" x2="474" y2="264.25" stroke="#000000" stroke-width="2" opacity="0.1"/><line x1="76" y1="264.25" x2="474" y2="264.25" stroke="#000000" stroke-width="2"/><line x1="76" y1="264.25" x2="76" y2="28" stroke="#000000" stroke-width="2"/><line x1="76" y1="264.25" x2="76" y2="269.25" stroke="#000000" stroke-width="1.5"/><text x="76" y="281.25" font-size="10" text-anchor="middle">1000</text><line x1="175.5" y1="264.25" x2="175.5" y2="269.25" stroke="#000000" stroke-width="1.5"/><text x="175.5" y="281.25" font-size="10" text-anchor="middle">100</text><line x1="275" y1="264.25" x2="275" y2="269.25" stroke="#000000" stroke-width="1.5"/><text x="275" y="281.25" font-size="10" text-anchor="middle">10</text><line x1="374.5" y1="264.25" x2="374.5" y2="269.25" stroke="#000000" stroke-width="1.5"/><text x="374.5" y="281.25" font-size="10" text-anchor="middle">1</text><line x1="474" y1="264.25" x2="474" y2="269.25" stroke="#000000" stroke-width="1.5"/><text x="474" y="281.25" font-size="10" text-anchor="middle">0</text><text x="275" y="22" font-size="14" text-anchor="middle" font-weight="700">PES Analysis of Unknown Element</text><text x="275" y="340" font-size="12" text-anchor="middle" font-weight="700">Binding Energy (Mj/mol)</text><text x="61" y="146.125" font-size="12" text-anchor="middle" font-weight="700" transform="rotate(-90, 61, 146.125)">Photoelectron Count</text><line x1="297.1200816719994" y1="264.25" x2="298.0200816719994" y2="257.5" stroke="#000000" stroke-width="2"/><line x1="298.0200816719994" y1="257.5" x2="298.9200816719994" y2="61.75" stroke="#000000" stroke-width="2"/><line x1="298.9200816719994" y1="61.75" x2="299.82008167199945" y2="257.5" stroke="#000000" stroke-width="2"/><line x1="299.82008167199945" y1="257.5" x2="300.7200816719994" y2="264.25" stroke="#000000" stroke-width="2"/><text x="298.9200816719994" y="55.75" font-size="10" text-anchor="middle">3p</text><line x1="270.8299720131789" y1="264.25" x2="271.7299720131789" y2="257.5" stroke="#000000" stroke-width="2"/><line x1="271.7299720131789" y1="257.5" x2="272.62997201317893" y2="196.75" stroke="#000000" stroke-width="2"/><line x1="272.62997201317893" y1="196.75" x2="273.52997201317896" y2="257.5" stroke="#000000" stroke-width="2"/><line x1="273.52997201317896" y1="257.5" x2="274.42997201317894" y2="264.25" stroke="#000000" stroke-width="2"/><text x="272.62997201317893" y="190.75" font-size="10" text-anchor="middle">3s</text><line x1="247.73313764602347" y1="264.25" x2="248.63313764602347" y2="257.5" stroke="#000000" stroke-width="2"/><line x1="248.63313764602347" y1="257.5" x2="249.53313764602348" y2="61.75" stroke="#000000" stroke-width="2"/><line x1="249.53313764602348" y1="61.75" x2="250.43313764602348" y2="257.5" stroke="#000000" stroke-width="2"/><line x1="250.43313764602348" y1="257.5" x2="251.3331376460235" y2="264.25" stroke="#000000" stroke-width="2"/><text x="249.53313764602348" y="55.75" font-size="10" text-anchor="middle">2p</text><line x1="237.76497926109903" y1="264.25" x2="238.66497926109903" y2="257.5" stroke="#000000" stroke-width="2"/><line x1="238.66497926109903" y1="257.5" x2="239.56497926109904" y2="196.75" stroke="#000000" stroke-width="2"/><line x1="239.56497926109904" y1="196.75" x2="240.46497926109905" y2="257.5" stroke="#000000" stroke-width="2"/><line x1="240.46497926109905" y1="257.5" x2="241.36497926109905" y2="264.25" stroke="#000000" stroke-width="2"/><text x="239.56497926109904" y="190.75" font-size="10" text-anchor="middle">2s</text><line x1="134.1805338794501" y1="264.25" x2="135.08053387945012" y2="257.5" stroke="#000000" stroke-width="2"/><line x1="135.08053387945012" y1="257.5" x2="135.98053387945012" y2="196.75" stroke="#000000" stroke-width="2"/><line x1="135.98053387945012" y1="196.75" x2="136.88053387945013" y2="257.5" stroke="#000000" stroke-width="2"/><line x1="136.88053387945013" y1="257.5" x2="137.78053387945013" y2="264.25" stroke="#000000" stroke-width="2"/><text x="135.98053387945012" y="190.75" font-size="10" text-anchor="middle">1s</text></svg>"`;
