// Bun Snapshot v1, https://goo.gl/fbAQLP

exports[`Widget: quadrant-diagram should produce consistent output for example #1 1`] = `"<svg width="341" height="340" viewBox="-20 -20 341 340" xmlns="http://www.w3.org/2000/svg" font-family="sans-serif"><defs><marker id="quadrant-arrow" viewBox="0 0 10 10" refX="8" refY="5" markerWidth="6" markerHeight="6" orient="auto-start-reverse"><path d="M 0 0 L 10 5 L 0 10 z" fill="#000000"/></marker></defs><line x1="20" y1="150" x2="280" y2="150" stroke="#000000" stroke-width="2" marker-start="url(#quadrant-arrow)" marker-end="url(#quadrant-arrow)"/><line x1="150" y1="20" x2="150" y2="280" stroke="#000000" stroke-width="2" marker-start="url(#quadrant-arrow)" marker-end="url(#quadrant-arrow)"/><text x="290" y="150" font-size="18" dominant-baseline="middle">x</text><text x="150" y="10" font-size="18" text-anchor="middle">y</text><text x="170" y="130" font-size="16" fill="#333333">Quadrant I</text><text x="130" y="130" font-size="16" text-anchor="end" fill="#333333">Quadrant II</text><text x="130" y="170" font-size="16" text-anchor="end" dominant-baseline="middle" fill="#333333">Quadrant III</text><text x="170" y="170" font-size="16" dominant-baseline="middle" fill="#333333">Quadrant IV</text></svg>"`;

exports[`Widget: quadrant-diagram should produce consistent output for example #2 1`] = `"<svg width="341" height="340" viewBox="-20 -20 341 340" xmlns="http://www.w3.org/2000/svg" font-family="sans-serif"><defs><marker id="quadrant-arrow" viewBox="0 0 10 10" refX="8" refY="5" markerWidth="6" markerHeight="6" orient="auto-start-reverse"><path d="M 0 0 L 10 5 L 0 10 z" fill="#000000"/></marker></defs><line x1="20" y1="150" x2="280" y2="150" stroke="#000000" stroke-width="2" marker-start="url(#quadrant-arrow)" marker-end="url(#quadrant-arrow)"/><line x1="150" y1="20" x2="150" y2="280" stroke="#000000" stroke-width="2" marker-start="url(#quadrant-arrow)" marker-end="url(#quadrant-arrow)"/><text x="290" y="150" font-size="18" dominant-baseline="middle">x</text><text x="150" y="10" font-size="18" text-anchor="middle">y</text><text x="170" y="130" font-size="16" fill="#333333">Quadrant I</text><text x="130" y="130" font-size="16" text-anchor="end" fill="#333333">Quadrant II</text><text x="130" y="170" font-size="16" text-anchor="end" dominant-baseline="middle" fill="#333333">Quadrant III</text><text x="170" y="170" font-size="16" dominant-baseline="middle" fill="#333333">Quadrant IV</text></svg>"`;
