// Bun Snapshot v1, https://goo.gl/fbAQLP

exports[`Widget: scale-copies-slider should produce consistent output for example #1 1`] = `"<svg width="460" height="360" viewBox="-20 -20 460 360" xmlns="http://www.w3.org/2000/svg" font-family="sans-serif" font-size="12"><defs><style>.label { font-size: 14px; font-weight: bold; } .sub-label { font-size: 12px; fill: #555; }</style><marker id="arrowhead" viewBox="0 0 10 10" refX="8" refY="5" markerWidth="6" markerHeight="6" orient="auto-start-reverse"><path d="M 0 0 L 10 5 L 0 10 z" fill="#333333"/></marker><marker id="arrowhead" viewBox="0 0 10 10" refX="8" refY="5" markerWidth="6" markerHeight="6" orient="auto-start-reverse"><path d="M 0 0 L 10 5 L 0 10 z" fill="#333333"/></marker></defs><rect x="54.166666666666664" y="36.666666666666664" width="106.66666666666667" height="106.66666666666667" fill="#9AB8ED" stroke="#333333" stroke-width="1"/><text x="107.5" y="165" font-size="12" text-anchor="middle">Before</text><line x1="200" y1="90" x2="220" y2="90" stroke="#333333" stroke-width="1.5" marker-end="url(#arrowhead)"/><rect x="272.5" y="50" width="80" height="80" fill="#9AB8ED" stroke="#333333" stroke-width="1"/><text x="312.5" y="165" font-size="12" text-anchor="middle">After</text><text x="210" y="22" font-size="12" text-anchor="middle">Shape A</text><rect x="67.5" y="190" width="80" height="80" fill="#9BEDCE" stroke="#333333" stroke-width="1"/><text x="107.5" y="305" font-size="12" text-anchor="middle">Before</text><line x1="200" y1="230" x2="220" y2="230" stroke="#333333" stroke-width="1.5" marker-end="url(#arrowhead)"/><rect x="272.5" y="170" width="80" height="120" fill="#9BEDCE" stroke="#333333" stroke-width="1"/><text x="312.5" y="305" font-size="12" text-anchor="middle">After</text><text x="210" y="162" font-size="12" text-anchor="middle">Shape B</text></svg>"`;

exports[`Widget: scale-copies-slider should produce consistent output for example #2 1`] = `"<svg width="500" height="380" viewBox="-20 -20 500 380" xmlns="http://www.w3.org/2000/svg" font-family="sans-serif" font-size="12"><defs><style>.label { font-size: 14px; font-weight: bold; } .sub-label { font-size: 12px; fill: #555; }</style><marker id="arrowhead" viewBox="0 0 10 10" refX="8" refY="5" markerWidth="6" markerHeight="6" orient="auto-start-reverse"><path d="M 0 0 L 10 5 L 0 10 z" fill="#333333"/></marker><marker id="arrowhead" viewBox="0 0 10 10" refX="8" refY="5" markerWidth="6" markerHeight="6" orient="auto-start-reverse"><path d="M 0 0 L 10 5 L 0 10 z" fill="#333333"/></marker></defs><rect x="52.5" y="30" width="130" height="130" fill="#9AB8ED" stroke="#333333" stroke-width="1"/><text x="117.5" y="175" font-size="12" text-anchor="middle">Before</text><line x1="220" y1="95" x2="240" y2="95" stroke="#333333" stroke-width="1.5" marker-end="url(#arrowhead)"/><rect x="277.5" y="30" width="130" height="130" fill="#9AB8ED" stroke="#333333" stroke-width="1"/><text x="342.5" y="175" font-size="12" text-anchor="middle">After</text><text x="230" y="22" font-size="12" text-anchor="middle">Shape A</text><rect x="52.5" y="180" width="130" height="130" fill="#9BEDCE" stroke="#333333" stroke-width="1"/><text x="117.5" y="325" font-size="12" text-anchor="middle">Before</text><line x1="220" y1="245" x2="240" y2="245" stroke="#333333" stroke-width="1.5" marker-end="url(#arrowhead)"/><rect x="277.5" y="180" width="130" height="130" fill="#9BEDCE" stroke="#333333" stroke-width="1"/><text x="342.5" y="325" font-size="12" text-anchor="middle">After</text><text x="230" y="172" font-size="12" text-anchor="middle">Shape B</text></svg>"`;

exports[`Widget: scale-copies-slider should produce consistent output for example #3 1`] = `"<svg width="520" height="400" viewBox="-20 -20 520 400" xmlns="http://www.w3.org/2000/svg" font-family="sans-serif" font-size="12"><defs><style>.label { font-size: 14px; font-weight: bold; } .sub-label { font-size: 12px; fill: #555; }</style><marker id="arrowhead" viewBox="0 0 10 10" refX="8" refY="5" markerWidth="6" markerHeight="6" orient="auto-start-reverse"><path d="M 0 0 L 10 5 L 0 10 z" fill="#333333"/></marker><marker id="arrowhead" viewBox="0 0 10 10" refX="8" refY="5" markerWidth="6" markerHeight="6" orient="auto-start-reverse"><path d="M 0 0 L 10 5 L 0 10 z" fill="#333333"/></marker></defs><rect x="55.35714285714286" y="30" width="134.28571428571428" height="140" fill="#9AB8ED" stroke="#333333" stroke-width="1"/><text x="122.5" y="185" font-size="12" text-anchor="middle">Before</text><line x1="230" y1="100" x2="250" y2="100" stroke="#333333" stroke-width="1.5" marker-end="url(#arrowhead)"/><rect x="306.07142857142856" y="30" width="102.85714285714285" height="140" fill="#9AB8ED" stroke="#333333" stroke-width="1"/><text x="357.5" y="185" font-size="12" text-anchor="middle">After</text><text x="240" y="22" font-size="12" text-anchor="middle">Shape A</text><rect x="71.07142857142858" y="208.57142857142858" width="102.85714285714285" height="102.85714285714285" fill="#9BEDCE" stroke="#333333" stroke-width="1"/><text x="122.5" y="345" font-size="12" text-anchor="middle">Before</text><line x1="230" y1="260" x2="250" y2="260" stroke="#333333" stroke-width="1.5" marker-end="url(#arrowhead)"/><rect x="306.07142857142856" y="208.57142857142858" width="102.85714285714285" height="102.85714285714285" fill="#9BEDCE" stroke="#333333" stroke-width="1"/><text x="357.5" y="345" font-size="12" text-anchor="middle">After</text><text x="240" y="182" font-size="12" text-anchor="middle">Shape B</text></svg>"`;

exports[`Widget: scale-copies-slider should produce consistent output for example #4 1`] = `"<svg width="500" height="400" viewBox="-20 -20 500 400" xmlns="http://www.w3.org/2000/svg" font-family="sans-serif" font-size="12"><defs><style>.label { font-size: 14px; font-weight: bold; } .sub-label { font-size: 12px; fill: #555; }</style><marker id="arrowhead" viewBox="0 0 10 10" refX="8" refY="5" markerWidth="6" markerHeight="6" orient="auto-start-reverse"><path d="M 0 0 L 10 5 L 0 10 z" fill="#333333"/></marker><marker id="arrowhead" viewBox="0 0 10 10" refX="8" refY="5" markerWidth="6" markerHeight="6" orient="auto-start-reverse"><path d="M 0 0 L 10 5 L 0 10 z" fill="#333333"/></marker></defs><rect x="30" y="30" width="175" height="140" fill="#9AB8ED" stroke="#333333" stroke-width="1"/><text x="117.5" y="185" font-size="12" text-anchor="middle">Before</text><line x1="220" y1="100" x2="240" y2="100" stroke="#333333" stroke-width="1.5" marker-end="url(#arrowhead)"/><rect x="259.375" y="30" width="166.25" height="140" fill="#9AB8ED" stroke="#333333" stroke-width="1"/><text x="342.5" y="185" font-size="12" text-anchor="middle">After</text><text x="230" y="22" font-size="12" text-anchor="middle">Shape A</text><rect x="47.5" y="190" width="140" height="140" fill="#9BEDCE" stroke="#333333" stroke-width="1"/><text x="117.5" y="345" font-size="12" text-anchor="middle">Before</text><line x1="220" y1="260" x2="240" y2="260" stroke="#333333" stroke-width="1.5" marker-end="url(#arrowhead)"/><rect x="272.5" y="190" width="140" height="140" fill="#9BEDCE" stroke="#333333" stroke-width="1"/><text x="342.5" y="345" font-size="12" text-anchor="middle">After</text><text x="230" y="182" font-size="12" text-anchor="middle">Shape B</text></svg>"`;

exports[`Widget: scale-copies-slider should produce consistent output for example #5 1`] = `"<svg width="460" height="400" viewBox="-20 -20 460 400" xmlns="http://www.w3.org/2000/svg" font-family="sans-serif" font-size="12"><defs><style>.label { font-size: 14px; font-weight: bold; } .sub-label { font-size: 12px; fill: #555; }</style><marker id="arrowhead" viewBox="0 0 10 10" refX="8" refY="5" markerWidth="6" markerHeight="6" orient="auto-start-reverse"><path d="M 0 0 L 10 5 L 0 10 z" fill="#333333"/></marker><marker id="arrowhead" viewBox="0 0 10 10" refX="8" refY="5" markerWidth="6" markerHeight="6" orient="auto-start-reverse"><path d="M 0 0 L 10 5 L 0 10 z" fill="#333333"/></marker></defs><rect x="55" y="47.5" width="105" height="105" fill="#9AB8ED" stroke="#333333" stroke-width="1"/><text x="107.5" y="185" font-size="12" text-anchor="middle">Before</text><line x1="200" y1="100" x2="220" y2="100" stroke="#333333" stroke-width="1.5" marker-end="url(#arrowhead)"/><rect x="260" y="35.25" width="105" height="129.5" fill="#9AB8ED" stroke="#333333" stroke-width="1"/><text x="312.5" y="185" font-size="12" text-anchor="middle">After</text><text x="210" y="22" font-size="12" text-anchor="middle">Shape A</text><rect x="55" y="207.5" width="105" height="105" fill="#9BEDCE" stroke="#333333" stroke-width="1"/><text x="107.5" y="345" font-size="12" text-anchor="middle">Before</text><line x1="200" y1="260" x2="220" y2="260" stroke="#333333" stroke-width="1.5" marker-end="url(#arrowhead)"/><rect x="242.5" y="190" width="140" height="140" fill="#9BEDCE" stroke="#333333" stroke-width="1"/><text x="312.5" y="345" font-size="12" text-anchor="middle">After</text><text x="210" y="182" font-size="12" text-anchor="middle">Shape B</text></svg>"`;

exports[`Widget: scale-copies-slider should produce consistent output for example #6 1`] = `"<svg width="520" height="400" viewBox="-20 -20 520 400" xmlns="http://www.w3.org/2000/svg" font-family="sans-serif" font-size="12"><defs><style>.label { font-size: 14px; font-weight: bold; } .sub-label { font-size: 12px; fill: #555; }</style><marker id="arrowhead" viewBox="0 0 10 10" refX="8" refY="5" markerWidth="6" markerHeight="6" orient="auto-start-reverse"><path d="M 0 0 L 10 5 L 0 10 z" fill="#333333"/></marker><marker id="arrowhead" viewBox="0 0 10 10" refX="8" refY="5" markerWidth="6" markerHeight="6" orient="auto-start-reverse"><path d="M 0 0 L 10 5 L 0 10 z" fill="#333333"/></marker></defs><rect x="80.5" y="57.99999999999999" width="84.00000000000001" height="84.00000000000001" fill="#9AB8ED" stroke="#333333" stroke-width="1"/><text x="122.5" y="185" font-size="12" text-anchor="middle">Before</text><line x1="230" y1="100" x2="250" y2="100" stroke="#333333" stroke-width="1.5" marker-end="url(#arrowhead)"/><rect x="294.5" y="36.99999999999999" width="126.00000000000001" height="126.00000000000001" fill="#9AB8ED" stroke="#333333" stroke-width="1"/><text x="357.5" y="185" font-size="12" text-anchor="middle">After</text><text x="240" y="22" font-size="12" text-anchor="middle">Shape A</text><rect x="80.5" y="195.6" width="84.00000000000001" height="128.8" fill="#9BEDCE" stroke="#333333" stroke-width="1"/><text x="122.5" y="345" font-size="12" text-anchor="middle">Before</text><line x1="230" y1="260" x2="250" y2="260" stroke="#333333" stroke-width="1.5" marker-end="url(#arrowhead)"/><rect x="293.1" y="190" width="128.8" height="140" fill="#9BEDCE" stroke="#333333" stroke-width="1"/><text x="357.5" y="345" font-size="12" text-anchor="middle">After</text><text x="240" y="182" font-size="12" text-anchor="middle">Shape B</text></svg>"`;

exports[`Widget: scale-copies-slider should produce consistent output for example #7 1`] = `"<svg width="520" height="360" viewBox="-20 -20 520 360" xmlns="http://www.w3.org/2000/svg" font-family="sans-serif" font-size="12"><defs><style>.label { font-size: 14px; font-weight: bold; } .sub-label { font-size: 12px; fill: #555; }</style><marker id="arrowhead" viewBox="0 0 10 10" refX="8" refY="5" markerWidth="6" markerHeight="6" orient="auto-start-reverse"><path d="M 0 0 L 10 5 L 0 10 z" fill="#333333"/></marker><marker id="arrowhead" viewBox="0 0 10 10" refX="8" refY="5" markerWidth="6" markerHeight="6" orient="auto-start-reverse"><path d="M 0 0 L 10 5 L 0 10 z" fill="#333333"/></marker></defs><rect x="62.5" y="30" width="120" height="120" fill="#9AB8ED" stroke="#333333" stroke-width="1"/><text x="122.5" y="165" font-size="12" text-anchor="middle">Before</text><line x1="230" y1="90" x2="250" y2="90" stroke="#333333" stroke-width="1.5" marker-end="url(#arrowhead)"/><rect x="297.5" y="30" width="120" height="120" fill="#9AB8ED" stroke="#333333" stroke-width="1"/><text x="357.5" y="165" font-size="12" text-anchor="middle">After</text><text x="240" y="22" font-size="12" text-anchor="middle">Shape A</text><rect x="62.5" y="170" width="120" height="120" fill="#9BEDCE" stroke="#333333" stroke-width="1"/><text x="122.5" y="305" font-size="12" text-anchor="middle">Before</text><line x1="230" y1="230" x2="250" y2="230" stroke="#333333" stroke-width="1.5" marker-end="url(#arrowhead)"/><rect x="297.5" y="170" width="120" height="120" fill="#9BEDCE" stroke="#333333" stroke-width="1"/><text x="357.5" y="305" font-size="12" text-anchor="middle">After</text><text x="240" y="162" font-size="12" text-anchor="middle">Shape B</text></svg>"`;

exports[`Widget: scale-copies-slider should produce consistent output for example #8 1`] = `"<svg width="520" height="400" viewBox="-20 -20 520 400" xmlns="http://www.w3.org/2000/svg" font-family="sans-serif" font-size="12"><defs><style>.label { font-size: 14px; font-weight: bold; } .sub-label { font-size: 12px; fill: #555; }</style><marker id="arrowhead" viewBox="0 0 10 10" refX="8" refY="5" markerWidth="6" markerHeight="6" orient="auto-start-reverse"><path d="M 0 0 L 10 5 L 0 10 z" fill="#333333"/></marker><marker id="arrowhead" viewBox="0 0 10 10" refX="8" refY="5" markerWidth="6" markerHeight="6" orient="auto-start-reverse"><path d="M 0 0 L 10 5 L 0 10 z" fill="#333333"/></marker></defs><rect x="49.45652173913044" y="39.13043478260869" width="146.08695652173913" height="121.73913043478262" fill="#9AB8ED" stroke="#333333" stroke-width="1"/><text x="122.5" y="185" font-size="12" text-anchor="middle">Before</text><line x1="230" y1="100" x2="250" y2="100" stroke="#333333" stroke-width="1.5" marker-end="url(#arrowhead)"/><rect x="296.6304347826087" y="39.13043478260869" width="121.73913043478262" height="121.73913043478262" fill="#9AB8ED" stroke="#333333" stroke-width="1"/><text x="357.5" y="185" font-size="12" text-anchor="middle">After</text><text x="240" y="22" font-size="12" text-anchor="middle">Shape A</text><rect x="49.45652173913044" y="199.1304347826087" width="146.08695652173913" height="121.73913043478262" fill="#9BEDCE" stroke="#333333" stroke-width="1"/><text x="122.5" y="345" font-size="12" text-anchor="middle">Before</text><line x1="230" y1="260" x2="250" y2="260" stroke="#333333" stroke-width="1.5" marker-end="url(#arrowhead)"/><rect x="293.0797101449275" y="190" width="128.84057971014494" height="140" fill="#9BEDCE" stroke="#333333" stroke-width="1"/><text x="357.5" y="345" font-size="12" text-anchor="middle">After</text><text x="240" y="182" font-size="12" text-anchor="middle">Shape B</text></svg>"`;

exports[`Widget: scale-copies-slider should produce consistent output for example #9 1`] = `"<svg width="480" height="360" viewBox="-20 -20 480 360" xmlns="http://www.w3.org/2000/svg" font-family="sans-serif" font-size="12"><defs><style>.label { font-size: 14px; font-weight: bold; } .sub-label { font-size: 12px; fill: #555; }</style><marker id="arrowhead" viewBox="0 0 10 10" refX="8" refY="5" markerWidth="6" markerHeight="6" orient="auto-start-reverse"><path d="M 0 0 L 10 5 L 0 10 z" fill="#333333"/></marker><marker id="arrowhead" viewBox="0 0 10 10" refX="8" refY="5" markerWidth="6" markerHeight="6" orient="auto-start-reverse"><path d="M 0 0 L 10 5 L 0 10 z" fill="#333333"/></marker></defs><rect x="32.5" y="30" width="160" height="120" fill="#9AB8ED" stroke="#333333" stroke-width="1"/><text x="112.5" y="165" font-size="12" text-anchor="middle">Before</text><line x1="210" y1="90" x2="230" y2="90" stroke="#333333" stroke-width="1.5" marker-end="url(#arrowhead)"/><rect x="267.5" y="30" width="120" height="120" fill="#9AB8ED" stroke="#333333" stroke-width="1"/><text x="327.5" y="165" font-size="12" text-anchor="middle">After</text><text x="220" y="22" font-size="12" text-anchor="middle">Shape A</text><rect x="32.5" y="170" width="160" height="120" fill="#9BEDCE" stroke="#333333" stroke-width="1"/><text x="112.5" y="305" font-size="12" text-anchor="middle">Before</text><line x1="210" y1="230" x2="230" y2="230" stroke="#333333" stroke-width="1.5" marker-end="url(#arrowhead)"/><rect x="247.5" y="170" width="160" height="120" fill="#9BEDCE" stroke="#333333" stroke-width="1"/><text x="327.5" y="305" font-size="12" text-anchor="middle">After</text><text x="220" y="162" font-size="12" text-anchor="middle">Shape B</text></svg>"`;

exports[`Widget: scale-copies-slider should produce consistent output for example #10 1`] = `"<svg width="520" height="400" viewBox="-20 -20 520 400" xmlns="http://www.w3.org/2000/svg" font-family="sans-serif" font-size="12"><defs><style>.label { font-size: 14px; font-weight: bold; } .sub-label { font-size: 12px; fill: #555; }</style><marker id="arrowhead" viewBox="0 0 10 10" refX="8" refY="5" markerWidth="6" markerHeight="6" orient="auto-start-reverse"><path d="M 0 0 L 10 5 L 0 10 z" fill="#333333"/></marker><marker id="arrowhead" viewBox="0 0 10 10" refX="8" refY="5" markerWidth="6" markerHeight="6" orient="auto-start-reverse"><path d="M 0 0 L 10 5 L 0 10 z" fill="#333333"/></marker></defs><rect x="77.29166666666666" y="47.5" width="90.41666666666667" height="105" fill="#9AB8ED" stroke="#333333" stroke-width="1"/><text x="122.5" y="185" font-size="12" text-anchor="middle">Before</text><line x1="230" y1="100" x2="250" y2="100" stroke="#333333" stroke-width="1.5" marker-end="url(#arrowhead)"/><rect x="306.6041666666667" y="44.14583333333333" width="101.79166666666667" height="111.70833333333334" fill="#9AB8ED" stroke="#333333" stroke-width="1"/><text x="357.5" y="185" font-size="12" text-anchor="middle">After</text><text x="240" y="22" font-size="12" text-anchor="middle">Shape A</text><rect x="70" y="190" width="105" height="140" fill="#9BEDCE" stroke="#333333" stroke-width="1"/><text x="122.5" y="345" font-size="12" text-anchor="middle">Before</text><line x1="230" y1="260" x2="250" y2="260" stroke="#333333" stroke-width="1.5" marker-end="url(#arrowhead)"/><rect x="305" y="190" width="105" height="140" fill="#9BEDCE" stroke="#333333" stroke-width="1"/><text x="357.5" y="345" font-size="12" text-anchor="middle">After</text><text x="240" y="182" font-size="12" text-anchor="middle">Shape B</text></svg>"`;

exports[`Widget: scale-copies-slider should produce consistent output for example #11 1`] = `"<svg width="520" height="400" viewBox="-20 -20 520 400" xmlns="http://www.w3.org/2000/svg" font-family="sans-serif" font-size="12"><defs><style>.label { font-size: 14px; font-weight: bold; } .sub-label { font-size: 12px; fill: #555; }</style><marker id="arrowhead" viewBox="0 0 10 10" refX="8" refY="5" markerWidth="6" markerHeight="6" orient="auto-start-reverse"><path d="M 0 0 L 10 5 L 0 10 z" fill="#333333"/></marker><marker id="arrowhead" viewBox="0 0 10 10" refX="8" refY="5" markerWidth="6" markerHeight="6" orient="auto-start-reverse"><path d="M 0 0 L 10 5 L 0 10 z" fill="#333333"/></marker></defs><rect x="66.5" y="44" width="112" height="112" fill="#9AB8ED" stroke="#333333" stroke-width="1"/><text x="122.5" y="185" font-size="12" text-anchor="middle">Before</text><line x1="230" y1="100" x2="250" y2="100" stroke="#333333" stroke-width="1.5" marker-end="url(#arrowhead)"/><rect x="301.5" y="44" width="112" height="112" fill="#9AB8ED" stroke="#333333" stroke-width="1"/><text x="357.5" y="185" font-size="12" text-anchor="middle">After</text><text x="240" y="22" font-size="12" text-anchor="middle">Shape A</text><rect x="66.5" y="204" width="112" height="112" fill="#9BEDCE" stroke="#333333" stroke-width="1"/><text x="122.5" y="345" font-size="12" text-anchor="middle">Before</text><line x1="230" y1="260" x2="250" y2="260" stroke="#333333" stroke-width="1.5" marker-end="url(#arrowhead)"/><rect x="287.5" y="190" width="140" height="140" fill="#9BEDCE" stroke="#333333" stroke-width="1"/><text x="357.5" y="345" font-size="12" text-anchor="middle">After</text><text x="240" y="182" font-size="12" text-anchor="middle">Shape B</text></svg>"`;

exports[`Widget: scale-copies-slider should produce consistent output for example #12 1`] = `"<svg width="520" height="360" viewBox="-20 -20 520 360" xmlns="http://www.w3.org/2000/svg" font-family="sans-serif" font-size="12"><defs><style>.label { font-size: 14px; font-weight: bold; } .sub-label { font-size: 12px; fill: #555; }</style><marker id="arrowhead" viewBox="0 0 10 10" refX="8" refY="5" markerWidth="6" markerHeight="6" orient="auto-start-reverse"><path d="M 0 0 L 10 5 L 0 10 z" fill="#333333"/></marker><marker id="arrowhead" viewBox="0 0 10 10" refX="8" refY="5" markerWidth="6" markerHeight="6" orient="auto-start-reverse"><path d="M 0 0 L 10 5 L 0 10 z" fill="#333333"/></marker></defs><rect x="72.5" y="30" width="100" height="120" fill="#9AB8ED" stroke="#333333" stroke-width="1"/><text x="122.5" y="165" font-size="12" text-anchor="middle">Before</text><line x1="230" y1="90" x2="250" y2="90" stroke="#333333" stroke-width="1.5" marker-end="url(#arrowhead)"/><rect x="298.75" y="30" width="117.5" height="120" fill="#9AB8ED" stroke="#333333" stroke-width="1"/><text x="357.5" y="165" font-size="12" text-anchor="middle">After</text><text x="240" y="22" font-size="12" text-anchor="middle">Shape A</text><rect x="72.5" y="170" width="100" height="120" fill="#9BEDCE" stroke="#333333" stroke-width="1"/><text x="122.5" y="305" font-size="12" text-anchor="middle">Before</text><line x1="230" y1="230" x2="250" y2="230" stroke="#333333" stroke-width="1.5" marker-end="url(#arrowhead)"/><rect x="304.375" y="170" width="106.25" height="120" fill="#9BEDCE" stroke="#333333" stroke-width="1"/><text x="357.5" y="305" font-size="12" text-anchor="middle">After</text><text x="240" y="162" font-size="12" text-anchor="middle">Shape B</text></svg>"`;
