// Bun Snapshot v1, https://bun.sh/docs/test/snapshots

exports[`Widget: stem-leaf-plot should produce consistent output for example #1 1`] = `"<p style="font-weight: 600; margin-bottom: 8px;">Skateboarding Scores</p><div style="display: inline-block; font-family: 'Courier New', monospace; border: 2px solid #374151; border-radius: 8px; padding: 16px; background-color: #F9FAFB; margin: 12px 0;"><div style="display: flex; gap: 24px; padding-bottom: 8px; border-bottom: 2px solid #374151; margin-bottom: 12px;"><div style="font-weight: 700; min-width: 60px; text-align: center; color: #374151;">Stem</div><div style="width: 2px; background-color: #374151; margin: 0 8px;"></div><div style="font-weight: 700; color: #374151;">Leaf</div></div><div style="display: flex; gap: 24px; padding: 4px 0; line-height: 1.6;"><div style="min-width: 60px; text-align: right; font-weight: 600; color: #1F2937; padding-right: 8px;">6</div><div style="width: 2px; background-color: #374151;"></div><div style="color: #1F2937; letter-spacing: 0.1em;">2  7</div></div><div style="display: flex; gap: 24px; padding: 4px 0; line-height: 1.6;"><div style="min-width: 60px; text-align: right; font-weight: 600; color: #1F2937; padding-right: 8px;">7</div><div style="width: 2px; background-color: #374151;"></div><div style="color: #1F2937; letter-spacing: 0.1em;">0  1  8</div></div><div style="display: flex; gap: 24px; padding: 4px 0; line-height: 1.6;"><div style="min-width: 60px; text-align: right; font-weight: 600; color: #1F2937; padding-right: 8px;">8</div><div style="width: 2px; background-color: #374151;"></div><div style="color: #1F2937; letter-spacing: 0.1em;">5  5</div></div><div style="display: flex; gap: 24px; padding: 4px 0; line-height: 1.6;"><div style="min-width: 60px; text-align: right; font-weight: 600; color: #1F2937; padding-right: 8px;">9</div><div style="width: 2px; background-color: #374151;"></div><div style="color: #1F2937; letter-spacing: 0.1em;">0  2  2  6</div></div></div><p style="font-size: 14px; color: #6B7280; margin-top: 8px; font-style: italic;">Key: A stem of 7 with a leaf of 1 represents 7.1.</p>"`;

exports[`Widget: stem-leaf-plot should produce consistent output for example #2 1`] = `"<p style="font-weight: 600; margin-bottom: 8px;">Test Scores</p><div style="display: inline-block; font-family: 'Courier New', monospace; border: 2px solid #374151; border-radius: 8px; padding: 16px; background-color: #F9FAFB; margin: 12px 0;"><div style="display: flex; gap: 24px; padding-bottom: 8px; border-bottom: 2px solid #374151; margin-bottom: 12px;"><div style="font-weight: 700; min-width: 60px; text-align: center; color: #374151;">Stem</div><div style="width: 2px; background-color: #374151; margin: 0 8px;"></div><div style="font-weight: 700; color: #374151;">Leaf</div></div><div style="display: flex; gap: 24px; padding: 4px 0; line-height: 1.6;"><div style="min-width: 60px; text-align: right; font-weight: 600; color: #1F2937; padding-right: 8px;">6</div><div style="width: 2px; background-color: #374151;"></div><div style="color: #1F2937; letter-spacing: 0.1em;">5  8</div></div><div style="display: flex; gap: 24px; padding: 4px 0; line-height: 1.6;"><div style="min-width: 60px; text-align: right; font-weight: 600; color: #1F2937; padding-right: 8px;">7</div><div style="width: 2px; background-color: #374151;"></div><div style="color: #1F2937; letter-spacing: 0.1em;">2  3  5  7  9</div></div><div style="display: flex; gap: 24px; padding: 4px 0; line-height: 1.6;"><div style="min-width: 60px; text-align: right; font-weight: 600; color: #1F2937; padding-right: 8px;">8</div><div style="width: 2px; background-color: #374151;"></div><div style="color: #1F2937; letter-spacing: 0.1em;">0  1  4  6  8  9</div></div><div style="display: flex; gap: 24px; padding: 4px 0; line-height: 1.6;"><div style="min-width: 60px; text-align: right; font-weight: 600; color: #1F2937; padding-right: 8px;">9</div><div style="width: 2px; background-color: #374151;"></div><div style="color: #1F2937; letter-spacing: 0.1em;">2  5  8</div></div></div><p style="font-size: 14px; color: #6B7280; margin-top: 8px; font-style: italic;">Key: A stem of 8 with a leaf of 4 represents 84.</p>"`;

exports[`Widget: stem-leaf-plot should produce consistent output for example #3 1`] = `"<p style="font-weight: 600; margin-bottom: 8px;">Data Distribution</p><div style="display: inline-block; font-family: 'Courier New', monospace; border: 2px solid #374151; border-radius: 8px; padding: 16px; background-color: #F9FAFB; margin: 12px 0;"><div style="display: flex; gap: 24px; padding-bottom: 8px; border-bottom: 2px solid #374151; margin-bottom: 12px;"><div style="font-weight: 700; min-width: 60px; text-align: center; color: #374151;">Tens</div><div style="width: 2px; background-color: #374151; margin: 0 8px;"></div><div style="font-weight: 700; color: #374151;">Ones</div></div><div style="display: flex; gap: 24px; padding: 4px 0; line-height: 1.6;"><div style="min-width: 60px; text-align: right; font-weight: 600; color: #1F2937; padding-right: 8px;">1</div><div style="width: 2px; background-color: #374151;"></div><div style="color: #1F2937; letter-spacing: 0.1em;">2  5  7</div></div><div style="display: flex; gap: 24px; padding: 4px 0; line-height: 1.6;"><div style="min-width: 60px; text-align: right; font-weight: 600; color: #1F2937; padding-right: 8px;">2</div><div style="width: 2px; background-color: #374151;"></div><div style="color: #1F2937; letter-spacing: 0.1em;">0  3  8</div></div><div style="display: flex; gap: 24px; padding: 4px 0; line-height: 1.6;"><div style="min-width: 60px; text-align: right; font-weight: 600; color: #1F2937; padding-right: 8px;">3</div><div style="width: 2px; background-color: #374151;"></div><div style="color: #1F2937; letter-spacing: 0.1em;">1  4</div></div></div><p style="font-size: 14px; color: #6B7280; margin-top: 8px; font-style: italic;">Key: A stem of 2 with a leaf of 3 represents 23.</p>"`;
