// Bun Snapshot v1, https://bun.sh/docs/test/snapshots

exports[`Widget: stick-plot should produce consistent output for example #1 1`] = `"<svg width="619" height="541" viewBox="-99 -57 619 541" xmlns="http://www.w3.org/2000/svg" font-family="sans-serif" font-size="12"><defs><clipPath id="clip-0"><rect x="0" y="0" width="500" height="400"/></clipPath></defs><text x="250" y="-36.599999999999994" font-size="18" text-anchor="middle" fill="#333333" dominant-baseline="hanging"><tspan x="250" dy="0em">Mass Spectrum of Chlorine</tspan></text><line x1="0" y1="0" x2="0" y2="400" stroke="#333333" stroke-width="1.5"/><line x1="-5" y1="400" x2="0" y2="400" stroke="#333333" stroke-width="1.5"/><text x="-8" y="404" font-size="12" text-anchor="end" fill="#333333">0</text><line x1="0" y1="400" x2="500" y2="400" stroke="#e0e0e0" stroke-width="1"/><line x1="-5" y1="320" x2="0" y2="320" stroke="#333333" stroke-width="1.5"/><text x="-8" y="324" font-size="12" text-anchor="end" fill="#333333">20</text><line x1="0" y1="320" x2="500" y2="320" stroke="#e0e0e0" stroke-width="1"/><line x1="-5" y1="240" x2="0" y2="240" stroke="#333333" stroke-width="1.5"/><text x="-8" y="244" font-size="12" text-anchor="end" fill="#333333">40</text><line x1="0" y1="240" x2="500" y2="240" stroke="#e0e0e0" stroke-width="1"/><line x1="-5" y1="160" x2="0" y2="160" stroke="#333333" stroke-width="1.5"/><text x="-8" y="164" font-size="12" text-anchor="end" fill="#333333">60</text><line x1="0" y1="160" x2="500" y2="160" stroke="#e0e0e0" stroke-width="1"/><line x1="-5" y1="80" x2="0" y2="80" stroke="#333333" stroke-width="1.5"/><text x="-8" y="84" font-size="12" text-anchor="end" fill="#333333">80</text><line x1="0" y1="80" x2="500" y2="80" stroke="#e0e0e0" stroke-width="1"/><line x1="-5" y1="0" x2="0" y2="0" stroke="#333333" stroke-width="1.5"/><text x="-8" y="4" font-size="12" text-anchor="end" fill="#333333">100</text><line x1="0" y1="0" x2="500" y2="0" stroke="#e0e0e0" stroke-width="1"/><text x="-68.60000000000001" y="200" font-size="16" text-anchor="middle" fill="#333333" dominant-baseline="middle" transform="rotate(-90, -68.60000000000001, 200)"><tspan x="-68.60000000000001" dy="0em">Relative abundance (%)</tspan></text><line x1="0" y1="400" x2="500" y2="400" stroke="#333333" stroke-width="1.5"/><line x1="50" y1="400" x2="50" y2="405" stroke="#333333" stroke-width="1.5"/><text x="50" y="413" font-size="12" text-anchor="middle" dominant-baseline="hanging" fill="#333333">35</text><line x1="150" y1="400" x2="150" y2="405" stroke="#333333" stroke-width="1.5"/><text x="150" y="413" font-size="12" text-anchor="middle" dominant-baseline="hanging" fill="#333333">36</text><line x1="250" y1="400" x2="250" y2="405" stroke="#333333" stroke-width="1.5"/><text x="250" y="413" font-size="12" text-anchor="middle" dominant-baseline="hanging" fill="#333333">37</text><line x1="350" y1="400" x2="350" y2="405" stroke="#333333" stroke-width="1.5"/><text x="350" y="413" font-size="12" text-anchor="middle" dominant-baseline="hanging" fill="#333333">38</text><line x1="450" y1="400" x2="450" y2="405" stroke="#333333" stroke-width="1.5"/><text x="450" y="413" font-size="12" text-anchor="middle" dominant-baseline="hanging" fill="#333333">39</text><text x="250" y="447" font-size="16" text-anchor="middle" fill="#333333"><tspan x="250" dy="0em">Atomic mass (u)</tspan></text><g clip-path="url(#clip-0)"><line x1="50" y1="400" x2="50" y2="96.80000000000001" stroke="#2563eb" stroke-width="4"/><line x1="48" y1="96.80000000000001" x2="52" y2="96.80000000000001" stroke="#2563eb" stroke-width="3"/><line x1="250" y1="400" x2="250" y2="303.2" stroke="#2563eb" stroke-width="4"/><line x1="248" y1="303.2" x2="252" y2="303.2" stroke="#2563eb" stroke-width="3"/></g></svg>"`;

exports[`Widget: stick-plot should produce consistent output for example #2 1`] = `"<svg width="712" height="491" viewBox="-92 -57 712 491" xmlns="http://www.w3.org/2000/svg" font-family="sans-serif" font-size="12"><defs><clipPath id="clip-0"><rect x="0" y="0" width="600" height="350"/></clipPath></defs><text x="300" y="-36.599999999999994" font-size="18" text-anchor="middle" fill="#333333" dominant-baseline="hanging"><tspan x="300" dy="0em">Isotopic Distribution of Bromine</tspan></text><line x1="0" y1="0" x2="0" y2="350" stroke="#333333" stroke-width="1.5"/><line x1="-5" y1="350" x2="0" y2="350" stroke="#333333" stroke-width="1.5"/><text x="-8" y="354" font-size="12" text-anchor="end" fill="#333333">0</text><line x1="0" y1="350" x2="600" y2="350" stroke="#e0e0e0" stroke-width="1"/><line x1="-5" y1="291.6666666666667" x2="0" y2="291.6666666666667" stroke="#333333" stroke-width="1.5"/><text x="-8" y="295.6666666666667" font-size="12" text-anchor="end" fill="#333333">10</text><line x1="0" y1="291.6666666666667" x2="600" y2="291.6666666666667" stroke="#e0e0e0" stroke-width="1"/><line x1="-5" y1="233.33333333333334" x2="0" y2="233.33333333333334" stroke="#333333" stroke-width="1.5"/><text x="-8" y="237.33333333333334" font-size="12" text-anchor="end" fill="#333333">20</text><line x1="0" y1="233.33333333333334" x2="600" y2="233.33333333333334" stroke="#e0e0e0" stroke-width="1"/><line x1="-5" y1="175" x2="0" y2="175" stroke="#333333" stroke-width="1.5"/><text x="-8" y="179" font-size="12" text-anchor="end" fill="#333333">30</text><line x1="0" y1="175" x2="600" y2="175" stroke="#e0e0e0" stroke-width="1"/><line x1="-5" y1="116.66666666666669" x2="0" y2="116.66666666666669" stroke="#333333" stroke-width="1.5"/><text x="-8" y="120.66666666666669" font-size="12" text-anchor="end" fill="#333333">40</text><line x1="0" y1="116.66666666666669" x2="600" y2="116.66666666666669" stroke="#e0e0e0" stroke-width="1"/><line x1="-5" y1="58.333333333333314" x2="0" y2="58.333333333333314" stroke="#333333" stroke-width="1.5"/><text x="-8" y="62.333333333333314" font-size="12" text-anchor="end" fill="#333333">50</text><line x1="0" y1="58.333333333333314" x2="600" y2="58.333333333333314" stroke="#e0e0e0" stroke-width="1"/><line x1="-5" y1="0" x2="0" y2="0" stroke="#333333" stroke-width="1.5"/><text x="-8" y="4" font-size="12" text-anchor="end" fill="#333333">60</text><line x1="0" y1="0" x2="600" y2="0" stroke="#e0e0e0" stroke-width="1"/><text x="-61.6" y="175" font-size="16" text-anchor="middle" fill="#333333" dominant-baseline="middle" transform="rotate(-90, -61.6, 175)"><tspan x="-61.6" dy="0em">Intensity</tspan></text><line x1="0" y1="350" x2="600" y2="350" stroke="#333333" stroke-width="1.5"/><line x1="75" y1="350" x2="75" y2="355" stroke="#333333" stroke-width="1.5"/><text x="75" y="363" font-size="12" text-anchor="middle" dominant-baseline="hanging" fill="#333333">79</text><line x1="225" y1="350" x2="225" y2="355" stroke="#333333" stroke-width="1.5"/><text x="225" y="363" font-size="12" text-anchor="middle" dominant-baseline="hanging" fill="#333333">80</text><line x1="375" y1="350" x2="375" y2="355" stroke="#333333" stroke-width="1.5"/><text x="375" y="363" font-size="12" text-anchor="middle" dominant-baseline="hanging" fill="#333333">81</text><line x1="525" y1="350" x2="525" y2="355" stroke="#333333" stroke-width="1.5"/><text x="525" y="363" font-size="12" text-anchor="middle" dominant-baseline="hanging" fill="#333333">82</text><text x="300" y="397" font-size="16" text-anchor="middle" fill="#333333"><tspan x="300" dy="0em">Mass (amu)</tspan></text><g clip-path="url(#clip-0)"><line x1="75" y1="350" x2="75" y2="54.24999999999994" stroke="#dc2626" stroke-width="6"/><line x1="72" y1="54.24999999999994" x2="78" y2="54.24999999999994" stroke="#dc2626" stroke-width="5"/><line x1="375" y1="350" x2="375" y2="62.416666666666686" stroke="#dc2626" stroke-width="6"/><line x1="372" y1="62.416666666666686" x2="378" y2="62.416666666666686" stroke="#dc2626" stroke-width="5"/></g><line x1="225" y1="0" x2="225" y2="350" stroke="#059669" stroke-width="1"/><text x="229" y="12" font-size="12" fill="#059669">Average</text></svg>"`;

exports[`Widget: stick-plot should produce consistent output for example #3 1`] = `"<svg width="562" height="441" viewBox="-92 -57 562 441" xmlns="http://www.w3.org/2000/svg" font-family="sans-serif" font-size="12"><defs><clipPath id="clip-0"><rect x="0" y="0" width="450" height="300"/></clipPath></defs><text x="225" y="-36.599999999999994" font-size="18" text-anchor="middle" fill="#333333" dominant-baseline="hanging"><tspan x="225" dy="0em">Elemental Analysis Results</tspan></text><line x1="0" y1="0" x2="0" y2="300" stroke="#333333" stroke-width="1.5"/><line x1="-5" y1="300" x2="0" y2="300" stroke="#333333" stroke-width="1.5"/><text x="-8" y="304" font-size="12" text-anchor="end" fill="#333333">0</text><line x1="0" y1="300" x2="450" y2="300" stroke="#e0e0e0" stroke-width="1"/><line x1="-5" y1="240" x2="0" y2="240" stroke="#333333" stroke-width="1.5"/><text x="-8" y="244" font-size="12" text-anchor="end" fill="#333333">10</text><line x1="0" y1="240" x2="450" y2="240" stroke="#e0e0e0" stroke-width="1"/><line x1="-5" y1="180" x2="0" y2="180" stroke="#333333" stroke-width="1.5"/><text x="-8" y="184" font-size="12" text-anchor="end" fill="#333333">20</text><line x1="0" y1="180" x2="450" y2="180" stroke="#e0e0e0" stroke-width="1"/><line x1="-5" y1="120" x2="0" y2="120" stroke="#333333" stroke-width="1.5"/><text x="-8" y="124" font-size="12" text-anchor="end" fill="#333333">30</text><line x1="0" y1="120" x2="450" y2="120" stroke="#e0e0e0" stroke-width="1"/><line x1="-5" y1="60" x2="0" y2="60" stroke="#333333" stroke-width="1.5"/><text x="-8" y="64" font-size="12" text-anchor="end" fill="#333333">40</text><line x1="0" y1="60" x2="450" y2="60" stroke="#e0e0e0" stroke-width="1"/><line x1="-5" y1="0" x2="0" y2="0" stroke="#333333" stroke-width="1.5"/><text x="-8" y="4" font-size="12" text-anchor="end" fill="#333333">50</text><line x1="0" y1="0" x2="450" y2="0" stroke="#e0e0e0" stroke-width="1"/><text x="-61.6" y="150" font-size="16" text-anchor="middle" fill="#333333" dominant-baseline="middle" transform="rotate(-90, -61.6, 150)"><tspan x="-61.6" dy="0em">Percentage (%)</tspan></text><line x1="0" y1="300" x2="450" y2="300" stroke="#333333" stroke-width="1.5"/><line x1="45" y1="300" x2="45" y2="305" stroke="#333333" stroke-width="1.5"/><text x="45" y="313" font-size="12" text-anchor="middle" dominant-baseline="hanging" fill="#333333">H</text><line x1="135" y1="300" x2="135" y2="305" stroke="#333333" stroke-width="1.5"/><text x="135" y="313" font-size="12" text-anchor="middle" dominant-baseline="hanging" fill="#333333">C</text><line x1="225" y1="300" x2="225" y2="305" stroke="#333333" stroke-width="1.5"/><text x="225" y="313" font-size="12" text-anchor="middle" dominant-baseline="hanging" fill="#333333">N</text><line x1="315" y1="300" x2="315" y2="305" stroke="#333333" stroke-width="1.5"/><text x="315" y="313" font-size="12" text-anchor="middle" dominant-baseline="hanging" fill="#333333">O</text><line x1="405" y1="300" x2="405" y2="305" stroke="#333333" stroke-width="1.5"/><text x="405" y="313" font-size="12" text-anchor="middle" dominant-baseline="hanging" fill="#333333">S</text><text x="225" y="347" font-size="16" text-anchor="middle" fill="#333333"><tspan x="225" dy="0em">Element</tspan></text><g clip-path="url(#clip-0)"><line x1="45" y1="300" x2="45" y2="250.8" stroke="#7c3aed" stroke-width="8"/><line x1="41" y1="250.8" x2="49" y2="250.8" stroke="#7c3aed" stroke-width="7"/><line x1="135" y1="300" x2="135" y2="47.39999999999998" stroke="#7c3aed" stroke-width="8"/><line x1="131" y1="47.39999999999998" x2="139" y2="47.39999999999998" stroke="#7c3aed" stroke-width="7"/><line x1="225" y1="300" x2="225" y2="206.4" stroke="#7c3aed" stroke-width="8"/><line x1="221" y1="206.4" x2="229" y2="206.4" stroke="#7c3aed" stroke-width="7"/><line x1="315" y1="300" x2="315" y2="103.20000000000002" stroke="#7c3aed" stroke-width="8"/><line x1="311" y1="103.20000000000002" x2="319" y2="103.20000000000002" stroke="#7c3aed" stroke-width="7"/><line x1="405" y1="300" x2="405" y2="292.2" stroke="#7c3aed" stroke-width="8"/><line x1="401" y1="292.2" x2="409" y2="292.2" stroke="#7c3aed" stroke-width="7"/></g></svg>"`;
