// Bun Snapshot v1, https://goo.gl/fbAQLP

exports[`Widget: strip-diagram should produce consistent output for example #1 1`] = `"<svg width="540" height="340" viewBox="-20 -20 540 340" xmlns="http://www.w3.org/2000/svg" font-family="sans-serif" font-size="12"><rect x="20" y="40" width="115" height="40" fill="#000000" stroke="#000000" stroke-width="1.5" fill-opacity="0"/><text x="77.5" y="60" font-size="12" text-anchor="middle" dominant-baseline="middle" font-weight="700" fill="#000000">3</text><rect x="135" y="40" width="153.33333333333331" height="40" fill="#000000" stroke="#000000" stroke-width="1.5" fill-opacity="0"/><text x="211.66666666666666" y="60" font-size="12" text-anchor="middle" dominant-baseline="middle" font-weight="700" fill="#000000">4</text><rect x="288.3333333333333" y="40" width="191.66666666666669" height="40" fill="#000000" stroke="#000000" stroke-width="1.5" fill-opacity="0"/><text x="384.16666666666663" y="60" font-size="12" text-anchor="middle" dominant-baseline="middle" font-weight="700" fill="#000000">5</text><rect x="20" y="80" width="460" height="40" fill="#000000" stroke="#000000" stroke-width="1.5" fill-opacity="0"/><text x="250" y="100" font-size="12" text-anchor="middle" dominant-baseline="middle" font-weight="700" fill="#000000">12</text></svg>"`;

exports[`Widget: strip-diagram should produce consistent output for example #2 1`] = `"<svg width="440" height="340" viewBox="-20 -20 440 340" xmlns="http://www.w3.org/2000/svg" font-family="sans-serif" font-size="12"><rect x="20" y="40" width="180" height="40" fill="#000000" stroke="#000000" stroke-width="1.5" fill-opacity="0"/><text x="110" y="60" font-size="12" text-anchor="middle" dominant-baseline="middle" font-weight="700" fill="#000000">x</text><rect x="200" y="40" width="180" height="40" fill="#000000" stroke="#000000" stroke-width="1.5" fill-opacity="0"/><text x="290" y="60" font-size="12" text-anchor="middle" dominant-baseline="middle" font-weight="700" fill="#000000">5</text><rect x="20" y="80" width="360" height="40" fill="#000000" stroke="#000000" stroke-width="1.5" fill-opacity="0"/><text x="200" y="100" font-size="12" text-anchor="middle" dominant-baseline="middle" font-weight="700" fill="#000000">10</text></svg>"`;

exports[`Widget: strip-diagram should produce consistent output for example #3 1`] = `"<svg width="540" height="340" viewBox="-20 -20 540 340" xmlns="http://www.w3.org/2000/svg" font-family="sans-serif" font-size="12"><rect x="20" y="40" width="115" height="40" fill="#000000" stroke="#000000" stroke-width="1.5" fill-opacity="0"/><text x="77.5" y="60" font-size="12" text-anchor="middle" dominant-baseline="middle" font-weight="700" fill="#000000">5</text><rect x="135" y="40" width="115" height="40" fill="#000000" stroke="#000000" stroke-width="1.5" fill-opacity="0"/><text x="192.5" y="60" font-size="12" text-anchor="middle" dominant-baseline="middle" font-weight="700" fill="#000000">5</text><rect x="250" y="40" width="115" height="40" fill="#000000" stroke="#000000" stroke-width="1.5" fill-opacity="0"/><text x="307.5" y="60" font-size="12" text-anchor="middle" dominant-baseline="middle" font-weight="700" fill="#000000">5</text><rect x="365" y="40" width="115" height="40" fill="#000000" stroke="#000000" stroke-width="1.5" fill-opacity="0"/><text x="422.5" y="60" font-size="12" text-anchor="middle" dominant-baseline="middle" font-weight="700" fill="#000000">5</text><rect x="20" y="80" width="460" height="40" fill="#000000" stroke="#000000" stroke-width="1.5" fill-opacity="0"/><text x="250" y="100" font-size="12" text-anchor="middle" dominant-baseline="middle" font-weight="700" fill="#000000">20</text></svg>"`;

exports[`Widget: strip-diagram should produce consistent output for example #4 1`] = `"<svg width="540" height="340" viewBox="-20 -20 540 340" xmlns="http://www.w3.org/2000/svg" font-family="sans-serif" font-size="12"><rect x="20" y="40" width="153.33333333333331" height="40" fill="#000000" stroke="#000000" stroke-width="1.5" fill-opacity="0"/><text x="96.66666666666666" y="60" font-size="12" text-anchor="middle" dominant-baseline="middle" font-weight="700" fill="#000000">8</text><rect x="173.33333333333331" y="40" width="153.33333333333331" height="40" fill="#000000" stroke="#000000" stroke-width="1.5" fill-opacity="0"/><text x="249.99999999999997" y="60" font-size="12" text-anchor="middle" dominant-baseline="middle" font-weight="700" fill="#000000">8</text><rect x="326.66666666666663" y="40" width="153.33333333333331" height="40" fill="#000000" stroke="#000000" stroke-width="1.5" fill-opacity="0"/><text x="403.33333333333326" y="60" font-size="12" text-anchor="middle" dominant-baseline="middle" font-weight="700" fill="#000000">8</text><rect x="20" y="80" width="115" height="40" fill="#000000" stroke="#000000" stroke-width="1.5" fill-opacity="0"/><text x="77.5" y="100" font-size="12" text-anchor="middle" dominant-baseline="middle" font-weight="700" fill="#000000">6</text><rect x="135" y="80" width="115" height="40" fill="#000000" stroke="#000000" stroke-width="1.5" fill-opacity="0"/><text x="192.5" y="100" font-size="12" text-anchor="middle" dominant-baseline="middle" font-weight="700" fill="#000000">6</text><rect x="250" y="80" width="115" height="40" fill="#000000" stroke="#000000" stroke-width="1.5" fill-opacity="0"/><text x="307.5" y="100" font-size="12" text-anchor="middle" dominant-baseline="middle" font-weight="700" fill="#000000">6</text><rect x="365" y="80" width="115" height="40" fill="#000000" stroke="#000000" stroke-width="1.5" fill-opacity="0"/><text x="422.5" y="100" font-size="12" text-anchor="middle" dominant-baseline="middle" font-weight="700" fill="#000000">6</text></svg>"`;

exports[`Widget: strip-diagram should produce consistent output for example #5 1`] = `"<svg width="540" height="340" viewBox="-20 -20 540 340" xmlns="http://www.w3.org/2000/svg" font-family="sans-serif" font-size="12"><rect x="20" y="40" width="322" height="40" fill="#000000" stroke="#000000" stroke-width="1.5" fill-opacity="0"/><rect x="342" y="40" width="138" height="40" fill="#000000" stroke="#000000" stroke-width="1.5" fill-opacity="0"/><rect x="20" y="80" width="460" height="40" fill="#000000" stroke="#000000" stroke-width="1.5" fill-opacity="0"/></svg>"`;

exports[`Widget: strip-diagram should produce consistent output for example #6 1`] = `"<svg width="540" height="340" viewBox="-20 -20 540 340" xmlns="http://www.w3.org/2000/svg" font-family="sans-serif" font-size="12"><rect x="20" y="40" width="214.66666666666666" height="40" fill="#000000" stroke="#000000" stroke-width="1.5" fill-opacity="0"/><text x="127.33333333333333" y="60" font-size="12" text-anchor="middle" dominant-baseline="middle" font-weight="700" fill="#000000">Used</text><rect x="234.66666666666666" y="40" width="245.33333333333334" height="40" fill="#000000" stroke="#000000" stroke-width="1.5" fill-opacity="0"/><text x="357.3333333333333" y="60" font-size="12" text-anchor="middle" dominant-baseline="middle" font-weight="700" fill="#000000">Left</text><rect x="20" y="80" width="460" height="40" fill="#000000" stroke="#000000" stroke-width="1.5" fill-opacity="0"/><text x="250" y="100" font-size="12" text-anchor="middle" dominant-baseline="middle" font-weight="700" fill="#000000">Total: 15</text></svg>"`;
