// Bun Snapshot v1, https://bun.sh/docs/test/snapshots

exports[`Widget: string-grid should produce consistent output for example #1 1`] = `"<svg width="562" height="162" viewBox="-21 -21 562 162" xmlns="http://www.w3.org/2000/svg" font-family="sans-serif"><text x="65" y="60" font-size="18" text-anchor="middle" dominant-baseline="middle" fill="#333333">1 1/2</text><text x="195" y="60" font-size="18" text-anchor="middle" dominant-baseline="middle" fill="#333333">0</text><text x="325" y="60" font-size="18" text-anchor="middle" dominant-baseline="middle" fill="#333333">4</text><text x="455" y="60" font-size="18" text-anchor="middle" dominant-baseline="middle" fill="#333333">2 1/2</text><rect x="0" y="0" width="130" height="120" fill="none" stroke="#e0e0e0" stroke-width="1.5"/><rect x="130" y="0" width="130" height="120" fill="none" stroke="#e0e0e0" stroke-width="1.5"/><rect x="260" y="0" width="130" height="120" fill="none" stroke="#e0e0e0" stroke-width="1.5"/><rect x="390" y="0" width="130" height="120" fill="none" stroke="#e0e0e0" stroke-width="1.5"/></svg>"`;

exports[`Widget: string-grid should produce consistent output for example #2 1`] = `"<svg width="362" height="262" viewBox="-21 -21 362 262" xmlns="http://www.w3.org/2000/svg" font-family="sans-serif"><text x="53.333333333333336" y="55" font-size="16" text-anchor="middle" dominant-baseline="middle" fill="#333333">0.3</text><text x="160" y="55" font-size="16" text-anchor="middle" dominant-baseline="middle" fill="#333333">0.6</text><text x="266.6666666666667" y="55" font-size="16" text-anchor="middle" dominant-baseline="middle" fill="#333333">0.5</text><text x="53.333333333333336" y="165" font-size="16" text-anchor="middle" dominant-baseline="middle" fill="#333333">1</text><text x="160" y="165" font-size="16" text-anchor="middle" dominant-baseline="middle" fill="#333333">0.4</text><text x="266.6666666666667" y="165" font-size="16" text-anchor="middle" dominant-baseline="middle" fill="#333333">0.8</text><rect x="0" y="0" width="106.66666666666667" height="110" fill="none" stroke="#e0e0e0" stroke-width="1.5"/><rect x="106.66666666666667" y="0" width="106.66666666666667" height="110" fill="none" stroke="#e0e0e0" stroke-width="1.5"/><rect x="213.33333333333334" y="0" width="106.66666666666667" height="110" fill="none" stroke="#e0e0e0" stroke-width="1.5"/><rect x="0" y="110" width="106.66666666666667" height="110" fill="none" stroke="#e0e0e0" stroke-width="1.5"/><rect x="106.66666666666667" y="110" width="106.66666666666667" height="110" fill="none" stroke="#e0e0e0" stroke-width="1.5"/><rect x="213.33333333333334" y="110" width="106.66666666666667" height="110" fill="none" stroke="#e0e0e0" stroke-width="1.5"/></svg>"`;
