// Bun Snapshot v1, https://bun.sh/docs/test/snapshots

exports[`Widget: symmetry-diagram should produce consistent output for example #1 1`] = `"<svg width="440" height="340" viewBox="-20 -20 440 340" xmlns="http://www.w3.org/2000/svg" font-family="sans-serif"><defs><marker id="arrowhead_333333" viewBox="0 0 10 10" refX="5" refY="5" markerWidth="5" markerHeight="5" orient="auto-start-reverse"><polygon points="0,0 10,5 0,10" fill="#333333" /></marker></defs><rect x="90" y="78.5" width="220" height="143" fill="#ffffff" stroke="#333333" stroke-width="2"/><line x1="200" y1="68.5" x2="200" y2="231.5" stroke="#333333" stroke-width="1.5" stroke-dasharray="4 4" marker-start="url(#arrowhead_333333)" marker-end="url(#arrowhead_333333)"/><line x1="80" y1="150" x2="320" y2="150" stroke="#333333" stroke-width="1.5" stroke-dasharray="4 4" marker-start="url(#arrowhead_333333)" marker-end="url(#arrowhead_333333)"/><line x1="81.61556383699363" y1="73.05011649404585" x2="318.3844361630064" y2="226.94988350595415" stroke="#333333" stroke-width="1.5" stroke-dasharray="4 4" marker-start="url(#arrowhead_333333)" marker-end="url(#arrowhead_333333)"/><line x1="81.61556383699363" y1="226.94988350595415" x2="318.3844361630064" y2="73.05011649404585" stroke="#333333" stroke-width="1.5" stroke-dasharray="4 4" marker-start="url(#arrowhead_333333)" marker-end="url(#arrowhead_333333)"/></svg>"`;

exports[`Widget: symmetry-diagram should produce consistent output for example #2 1`] = `"<svg width="440" height="340" viewBox="-20 -20 440 340" xmlns="http://www.w3.org/2000/svg" font-family="sans-serif"><defs><marker id="arrowhead_333333" viewBox="0 0 10 10" refX="5" refY="5" markerWidth="5" markerHeight="5" orient="auto-start-reverse"><polygon points="0,0 10,5 0,10" fill="#333333" /></marker></defs><polygon points="90,205 310,205 266,95 134,95" fill="#ffffff" stroke="#333333" stroke-width="2"/><line x1="200" y1="85" x2="200" y2="215" stroke="#333333" stroke-width="1.5" stroke-dasharray="4 4" marker-start="url(#arrowhead_333333)" marker-end="url(#arrowhead_333333)"/><line x1="80" y1="150" x2="320" y2="150" stroke="#333333" stroke-width="1.5" stroke-dasharray="4 4" marker-start="url(#arrowhead_333333)" marker-end="url(#arrowhead_333333)"/></svg>"`;

exports[`Widget: symmetry-diagram should produce consistent output for example #3 1`] = `"<svg width="400" height="400" viewBox="-20 -20 400 400" xmlns="http://www.w3.org/2000/svg" font-family="sans-serif"><defs><marker id="arrowhead_333333" viewBox="0 0 10 10" refX="5" refY="5" markerWidth="5" markerHeight="5" orient="auto-start-reverse"><polygon points="0,0 10,5 0,10" fill="#333333" /></marker></defs><polygon points="180,40 58.756443470178596,250 301.2435565298214,250" fill="#ffffff" stroke="#333333" stroke-width="2"/><line x1="180" y1="29.200000000000003" x2="180" y2="260.8" stroke="#333333" stroke-width="1.5" stroke-dasharray="4 4" marker-start="url(#arrowhead_333333)" marker-end="url(#arrowhead_333333)"/><line x1="49.40336910930666" y1="255.4" x2="249.97485262578263" y2="139.6" stroke="#333333" stroke-width="1.5" stroke-dasharray="4 4" marker-start="url(#arrowhead_333333)" marker-end="url(#arrowhead_333333)"/><line x1="310.5966308906933" y1="255.4" x2="110.02514737421737" y2="139.6" stroke="#333333" stroke-width="1.5" stroke-dasharray="4 4" marker-start="url(#arrowhead_333333)" marker-end="url(#arrowhead_333333)"/><line x1="29.200000000000003" y1="180" x2="330.8" y2="180" stroke="#333333" stroke-width="1.5" stroke-dasharray="4 4" marker-start="url(#arrowhead_333333)" marker-end="url(#arrowhead_333333)"/></svg>"`;

exports[`Widget: symmetry-diagram should produce consistent output for example #4 1`] = `"<svg width="400" height="400" viewBox="-20 -20 400 400" xmlns="http://www.w3.org/2000/svg" font-family="sans-serif"><defs><marker id="arrowhead_333333" viewBox="0 0 10 10" refX="5" refY="5" markerWidth="5" markerHeight="5" orient="auto-start-reverse"><polygon points="0,0 10,5 0,10" fill="#333333" /></marker></defs><polygon points="110,320 250,320 180,40" fill="#ffffff" stroke="#333333" stroke-width="2"/><line x1="180" y1="29.200000000000003" x2="180" y2="330.8" stroke="#333333" stroke-width="1.5" stroke-dasharray="4 4" marker-start="url(#arrowhead_333333)" marker-end="url(#arrowhead_333333)"/><line x1="103.52" y1="328.64" x2="221.48" y2="171.36" stroke="#333333" stroke-width="1.5" stroke-dasharray="4 4" marker-start="url(#arrowhead_333333)" marker-end="url(#arrowhead_333333)"/><line x1="256.48" y1="328.64" x2="138.52" y2="171.36" stroke="#333333" stroke-width="1.5" stroke-dasharray="4 4" marker-start="url(#arrowhead_333333)" marker-end="url(#arrowhead_333333)"/></svg>"`;

exports[`Widget: symmetry-diagram should produce consistent output for example #5 1`] = `"<svg width="400" height="400" viewBox="-20 -20 400 400" xmlns="http://www.w3.org/2000/svg" font-family="sans-serif"><defs><marker id="arrowhead_333333" viewBox="0 0 10 10" refX="5" refY="5" markerWidth="5" markerHeight="5" orient="auto-start-reverse"><polygon points="0,0 10,5 0,10" fill="#333333" /></marker></defs><path d="M 180 271.84 A 8.54 8.54 0 0 1 174.54 270.02 L 152.7 254.62 C 95.16 213.45999999999998 65.9 164.46 77.52 124.56 C 83.68 103 105.24000000000001 88.16000000000001 127.36 88.16000000000001 C 132.12 88.16000000000001 152.7 88.58000000000001 165.02 103.42 A 107.93999999999998 107.93999999999998 0 0 1 180 152.98 A 107.93999999999998 107.93999999999998 0 0 1 194.98 103.42 C 207.3 88.58000000000001 227.88 88.16000000000001 232.64 88.16000000000001 C 254.76 88.16000000000001 276.32 103 282.48 124.56 C 294.1 164.46 264.84000000000003 213.45999999999998 207.3 254.62 L 185.46 270.02 A 8.54 8.54 0 0 1 180 271.84" fill="#ffffff" stroke="#333333" stroke-width="2"/><line x1="180" y1="86.2" x2="180" y2="294.8" stroke="#333333" stroke-width="1.5" stroke-dasharray="4 4" marker-start="url(#arrowhead_333333)" marker-end="url(#arrowhead_333333)"/><line x1="40" y1="180" x2="320" y2="180" stroke="#333333" stroke-width="1.5" stroke-dasharray="4 4" marker-start="url(#arrowhead_333333)" marker-end="url(#arrowhead_333333)"/></svg>"`;

exports[`Widget: symmetry-diagram should produce consistent output for example #6 1`] = `"<svg width="400" height="400" viewBox="-20 -20 400 400" xmlns="http://www.w3.org/2000/svg" font-family="sans-serif"><defs><marker id="arrowhead_333333" viewBox="0 0 10 10" refX="5" refY="5" markerWidth="5" markerHeight="5" orient="auto-start-reverse"><polygon points="0,0 10,5 0,10" fill="#333333" /></marker></defs><rect x="75" y="75" width="210" height="210" fill="#ffffff" stroke="#333333" stroke-width="2"/><line x1="180" y1="64.2" x2="180" y2="295.8" stroke="#333333" stroke-width="1.5" stroke-dasharray="4 4" marker-start="url(#arrowhead_333333)" marker-end="url(#arrowhead_333333)"/><line x1="64.2" y1="180" x2="295.8" y2="180" stroke="#333333" stroke-width="1.5" stroke-dasharray="4 4" marker-start="url(#arrowhead_333333)" marker-end="url(#arrowhead_333333)"/><line x1="67.36324676318529" y1="67.36324676318529" x2="292.6367532368147" y2="292.6367532368147" stroke="#333333" stroke-width="1.5" stroke-dasharray="4 4" marker-start="url(#arrowhead_333333)" marker-end="url(#arrowhead_333333)"/><line x1="67.36324676318529" y1="292.6367532368147" x2="292.6367532368147" y2="67.36324676318529" stroke="#333333" stroke-width="1.5" stroke-dasharray="4 4" marker-start="url(#arrowhead_333333)" marker-end="url(#arrowhead_333333)"/><line x1="222" y1="64.2" x2="222" y2="295.8" stroke="#333333" stroke-width="1.5" stroke-dasharray="4 4" marker-start="url(#arrowhead_333333)" marker-end="url(#arrowhead_333333)"/><line x1="64.2" y1="222" x2="295.8" y2="222" stroke="#333333" stroke-width="1.5" stroke-dasharray="4 4" marker-start="url(#arrowhead_333333)" marker-end="url(#arrowhead_333333)"/></svg>"`;

exports[`Widget: symmetry-diagram should produce consistent output for example #7 1`] = `"<svg width="400" height="400" viewBox="-20 -20 400 400" xmlns="http://www.w3.org/2000/svg" font-family="sans-serif"><defs><marker id="arrowhead_333333" viewBox="0 0 10 10" refX="5" refY="5" markerWidth="5" markerHeight="5" orient="auto-start-reverse"><polygon points="0,0 10,5 0,10" fill="#333333" /></marker></defs><polygon points="180,96 306,180 180,264 54,180" fill="#ffffff" stroke="#333333" stroke-width="2"/><line x1="43.2" y1="180" x2="316.8" y2="180" stroke="#333333" stroke-width="1.5" stroke-dasharray="4 4" marker-start="url(#arrowhead_333333)" marker-end="url(#arrowhead_333333)"/><line x1="180" y1="85.2" x2="180" y2="274.8" stroke="#333333" stroke-width="1.5" stroke-dasharray="4 4" marker-start="url(#arrowhead_333333)" marker-end="url(#arrowhead_333333)"/><line x1="56.057179750013304" y1="152.4571510555585" x2="303.94282024998665" y2="207.5428489444415" stroke="#333333" stroke-width="1.5" stroke-dasharray="4 4" marker-start="url(#arrowhead_333333)" marker-end="url(#arrowhead_333333)"/></svg>"`;

exports[`Widget: symmetry-diagram should produce consistent output for example #8 1`] = `"<svg width="400" height="400" viewBox="-20 -20 400 400" xmlns="http://www.w3.org/2000/svg" font-family="sans-serif"><defs><marker id="arrowhead_333333" viewBox="0 0 10 10" refX="5" refY="5" markerWidth="5" markerHeight="5" orient="auto-start-reverse"><polygon points="0,0 10,5 0,10" fill="#333333" /></marker></defs><polygon points="180,54 211.5,148.5 306,180 211.5,211.5 180,306 148.5,211.5 54,180 148.5,148.5" fill="#ffffff" stroke="#333333" stroke-width="2"/><line x1="180" y1="43.2" x2="180" y2="316.8" stroke="#333333" stroke-width="1.5" stroke-dasharray="4 4" marker-start="url(#arrowhead_333333)" marker-end="url(#arrowhead_333333)"/><line x1="43.2" y1="180" x2="316.8" y2="180" stroke="#333333" stroke-width="1.5" stroke-dasharray="4 4" marker-start="url(#arrowhead_333333)" marker-end="url(#arrowhead_333333)"/><line x1="56.354220381054446" y1="138.78474012701813" x2="303.64577961894554" y2="221.21525987298187" stroke="#333333" stroke-width="1.5" stroke-dasharray="4 4" marker-start="url(#arrowhead_333333)" marker-end="url(#arrowhead_333333)"/></svg>"`;

exports[`Widget: symmetry-diagram should produce consistent output for example #9 1`] = `"<svg width="440" height="340" viewBox="-20 -20 440 340" xmlns="http://www.w3.org/2000/svg" font-family="sans-serif"><defs><marker id="arrowhead_333333" viewBox="0 0 10 10" refX="5" refY="5" markerWidth="5" markerHeight="5" orient="auto-start-reverse"><polygon points="0,0 10,5 0,10" fill="#333333" /></marker></defs><rect x="90" y="78.5" width="220" height="143" fill="#ffffff" stroke="#333333" stroke-width="2"/><line x1="200" y1="68.5" x2="200" y2="231.5" stroke="#333333" stroke-width="1.5" stroke-dasharray="4 4" marker-start="url(#arrowhead_333333)" marker-end="url(#arrowhead_333333)"/><line x1="80" y1="150" x2="320" y2="150" stroke="#333333" stroke-width="1.5" stroke-dasharray="4 4" marker-start="url(#arrowhead_333333)" marker-end="url(#arrowhead_333333)"/></svg>"`;

exports[`Widget: symmetry-diagram should produce consistent output for example #10 1`] = `"<svg width="440" height="340" viewBox="-20 -20 440 340" xmlns="http://www.w3.org/2000/svg" font-family="sans-serif"><defs><marker id="arrowhead_333333" viewBox="0 0 10 10" refX="5" refY="5" markerWidth="5" markerHeight="5" orient="auto-start-reverse"><polygon points="0,0 10,5 0,10" fill="#333333" /></marker></defs><rect x="90" y="78.5" width="220" height="143" fill="#ffffff" stroke="#333333" stroke-width="2"/><line x1="81.61556383699363" y1="73.05011649404585" x2="318.3844361630064" y2="226.94988350595415" stroke="#333333" stroke-width="1.5" stroke-dasharray="4 4" marker-start="url(#arrowhead_333333)" marker-end="url(#arrowhead_333333)"/><line x1="81.61556383699363" y1="226.94988350595415" x2="318.3844361630064" y2="73.05011649404585" stroke="#333333" stroke-width="1.5" stroke-dasharray="4 4" marker-start="url(#arrowhead_333333)" marker-end="url(#arrowhead_333333)"/></svg>"`;

exports[`Widget: symmetry-diagram should produce consistent output for example #11 1`] = `"<svg width="440" height="340" viewBox="-20 -20 440 340" xmlns="http://www.w3.org/2000/svg" font-family="sans-serif"><defs><marker id="arrowhead_333333" viewBox="0 0 10 10" refX="5" refY="5" markerWidth="5" markerHeight="5" orient="auto-start-reverse"><polygon points="0,0 10,5 0,10" fill="#333333" /></marker></defs><polygon points="90,205 310,205 266,95 134,95" fill="#ffffff" stroke="#333333" stroke-width="2"/><line x1="200" y1="85" x2="200" y2="215" stroke="#333333" stroke-width="1.5" stroke-dasharray="4 4" marker-start="url(#arrowhead_333333)" marker-end="url(#arrowhead_333333)"/></svg>"`;

exports[`Widget: symmetry-diagram should produce consistent output for example #12 1`] = `"<svg width="440" height="340" viewBox="-20 -20 440 340" xmlns="http://www.w3.org/2000/svg" font-family="sans-serif"><defs><marker id="arrowhead_333333" viewBox="0 0 10 10" refX="5" refY="5" markerWidth="5" markerHeight="5" orient="auto-start-reverse"><polygon points="0,0 10,5 0,10" fill="#333333" /></marker></defs><polygon points="90,205 310,205 266,95 134,95" fill="#ffffff" stroke="#333333" stroke-width="2"/><line x1="80" y1="150" x2="320" y2="150" stroke="#333333" stroke-width="1.5" stroke-dasharray="4 4" marker-start="url(#arrowhead_333333)" marker-end="url(#arrowhead_333333)"/></svg>"`;

exports[`Widget: symmetry-diagram should produce consistent output for example #13 1`] = `"<svg width="400" height="400" viewBox="-20 -20 400 400" xmlns="http://www.w3.org/2000/svg" font-family="sans-serif"><defs><marker id="arrowhead_333333" viewBox="0 0 10 10" refX="5" refY="5" markerWidth="5" markerHeight="5" orient="auto-start-reverse"><polygon points="0,0 10,5 0,10" fill="#333333" /></marker></defs><polygon points="180,40 58.756443470178596,250 301.2435565298214,250" fill="#ffffff" stroke="#333333" stroke-width="2"/><line x1="180" y1="29.200000000000003" x2="180" y2="260.8" stroke="#333333" stroke-width="1.5" stroke-dasharray="4 4" marker-start="url(#arrowhead_333333)" marker-end="url(#arrowhead_333333)"/><line x1="49.40336910930666" y1="255.4" x2="249.97485262578263" y2="139.6" stroke="#333333" stroke-width="1.5" stroke-dasharray="4 4" marker-start="url(#arrowhead_333333)" marker-end="url(#arrowhead_333333)"/><line x1="310.5966308906933" y1="255.4" x2="110.02514737421737" y2="139.6" stroke="#333333" stroke-width="1.5" stroke-dasharray="4 4" marker-start="url(#arrowhead_333333)" marker-end="url(#arrowhead_333333)"/></svg>"`;

exports[`Widget: symmetry-diagram should produce consistent output for example #14 1`] = `"<svg width="400" height="400" viewBox="-20 -20 400 400" xmlns="http://www.w3.org/2000/svg" font-family="sans-serif"><defs><marker id="arrowhead_333333" viewBox="0 0 10 10" refX="5" refY="5" markerWidth="5" markerHeight="5" orient="auto-start-reverse"><polygon points="0,0 10,5 0,10" fill="#333333" /></marker></defs><polygon points="180,40 58.756443470178596,250 301.2435565298214,250" fill="#ffffff" stroke="#333333" stroke-width="2"/><line x1="29.200000000000003" y1="180" x2="330.8" y2="180" stroke="#333333" stroke-width="1.5" stroke-dasharray="4 4" marker-start="url(#arrowhead_333333)" marker-end="url(#arrowhead_333333)"/></svg>"`;

exports[`Widget: symmetry-diagram should produce consistent output for example #15 1`] = `"<svg width="400" height="400" viewBox="-20 -20 400 400" xmlns="http://www.w3.org/2000/svg" font-family="sans-serif"><defs><marker id="arrowhead_333333" viewBox="0 0 10 10" refX="5" refY="5" markerWidth="5" markerHeight="5" orient="auto-start-reverse"><polygon points="0,0 10,5 0,10" fill="#333333" /></marker></defs><polygon points="110,320 250,320 180,40" fill="#ffffff" stroke="#333333" stroke-width="2"/><line x1="180" y1="29.200000000000003" x2="180" y2="330.8" stroke="#333333" stroke-width="1.5" stroke-dasharray="4 4" marker-start="url(#arrowhead_333333)" marker-end="url(#arrowhead_333333)"/></svg>"`;

exports[`Widget: symmetry-diagram should produce consistent output for example #16 1`] = `"<svg width="400" height="400" viewBox="-20 -20 400 400" xmlns="http://www.w3.org/2000/svg" font-family="sans-serif"><defs><marker id="arrowhead_333333" viewBox="0 0 10 10" refX="5" refY="5" markerWidth="5" markerHeight="5" orient="auto-start-reverse"><polygon points="0,0 10,5 0,10" fill="#333333" /></marker></defs><polygon points="110,320 250,320 180,40" fill="#ffffff" stroke="#333333" stroke-width="2"/><line x1="103.52" y1="328.64" x2="221.48" y2="171.36" stroke="#333333" stroke-width="1.5" stroke-dasharray="4 4" marker-start="url(#arrowhead_333333)" marker-end="url(#arrowhead_333333)"/><line x1="256.48" y1="328.64" x2="138.52" y2="171.36" stroke="#333333" stroke-width="1.5" stroke-dasharray="4 4" marker-start="url(#arrowhead_333333)" marker-end="url(#arrowhead_333333)"/></svg>"`;

exports[`Widget: symmetry-diagram should produce consistent output for example #17 1`] = `"<svg width="400" height="400" viewBox="-20 -20 400 400" xmlns="http://www.w3.org/2000/svg" font-family="sans-serif"><defs><marker id="arrowhead_333333" viewBox="0 0 10 10" refX="5" refY="5" markerWidth="5" markerHeight="5" orient="auto-start-reverse"><polygon points="0,0 10,5 0,10" fill="#333333" /></marker></defs><path d="M 180 271.84 A 8.54 8.54 0 0 1 174.54 270.02 L 152.7 254.62 C 95.16 213.45999999999998 65.9 164.46 77.52 124.56 C 83.68 103 105.24000000000001 88.16000000000001 127.36 88.16000000000001 C 132.12 88.16000000000001 152.7 88.58000000000001 165.02 103.42 A 107.93999999999998 107.93999999999998 0 0 1 180 152.98 A 107.93999999999998 107.93999999999998 0 0 1 194.98 103.42 C 207.3 88.58000000000001 227.88 88.16000000000001 232.64 88.16000000000001 C 254.76 88.16000000000001 276.32 103 282.48 124.56 C 294.1 164.46 264.84000000000003 213.45999999999998 207.3 254.62 L 185.46 270.02 A 8.54 8.54 0 0 1 180 271.84" fill="#ffffff" stroke="#333333" stroke-width="2"/><line x1="180" y1="86.2" x2="180" y2="294.8" stroke="#333333" stroke-width="1.5" stroke-dasharray="4 4" marker-start="url(#arrowhead_333333)" marker-end="url(#arrowhead_333333)"/></svg>"`;

exports[`Widget: symmetry-diagram should produce consistent output for example #18 1`] = `"<svg width="400" height="400" viewBox="-20 -20 400 400" xmlns="http://www.w3.org/2000/svg" font-family="sans-serif"><defs><marker id="arrowhead_333333" viewBox="0 0 10 10" refX="5" refY="5" markerWidth="5" markerHeight="5" orient="auto-start-reverse"><polygon points="0,0 10,5 0,10" fill="#333333" /></marker></defs><path d="M 180 271.84 A 8.54 8.54 0 0 1 174.54 270.02 L 152.7 254.62 C 95.16 213.45999999999998 65.9 164.46 77.52 124.56 C 83.68 103 105.24000000000001 88.16000000000001 127.36 88.16000000000001 C 132.12 88.16000000000001 152.7 88.58000000000001 165.02 103.42 A 107.93999999999998 107.93999999999998 0 0 1 180 152.98 A 107.93999999999998 107.93999999999998 0 0 1 194.98 103.42 C 207.3 88.58000000000001 227.88 88.16000000000001 232.64 88.16000000000001 C 254.76 88.16000000000001 276.32 103 282.48 124.56 C 294.1 164.46 264.84000000000003 213.45999999999998 207.3 254.62 L 185.46 270.02 A 8.54 8.54 0 0 1 180 271.84" fill="#ffffff" stroke="#333333" stroke-width="2"/><line x1="40" y1="180" x2="320" y2="180" stroke="#333333" stroke-width="1.5" stroke-dasharray="4 4" marker-start="url(#arrowhead_333333)" marker-end="url(#arrowhead_333333)"/></svg>"`;

exports[`Widget: symmetry-diagram should produce consistent output for example #19 1`] = `"<svg width="400" height="400" viewBox="-20 -20 400 400" xmlns="http://www.w3.org/2000/svg" font-family="sans-serif"><defs><marker id="arrowhead_333333" viewBox="0 0 10 10" refX="5" refY="5" markerWidth="5" markerHeight="5" orient="auto-start-reverse"><polygon points="0,0 10,5 0,10" fill="#333333" /></marker></defs><rect x="75" y="75" width="210" height="210" fill="#ffffff" stroke="#333333" stroke-width="2"/><line x1="180" y1="64.2" x2="180" y2="295.8" stroke="#333333" stroke-width="1.5" stroke-dasharray="4 4" marker-start="url(#arrowhead_333333)" marker-end="url(#arrowhead_333333)"/><line x1="64.2" y1="180" x2="295.8" y2="180" stroke="#333333" stroke-width="1.5" stroke-dasharray="4 4" marker-start="url(#arrowhead_333333)" marker-end="url(#arrowhead_333333)"/><line x1="67.36324676318529" y1="67.36324676318529" x2="292.6367532368147" y2="292.6367532368147" stroke="#333333" stroke-width="1.5" stroke-dasharray="4 4" marker-start="url(#arrowhead_333333)" marker-end="url(#arrowhead_333333)"/><line x1="67.36324676318529" y1="292.6367532368147" x2="292.6367532368147" y2="67.36324676318529" stroke="#333333" stroke-width="1.5" stroke-dasharray="4 4" marker-start="url(#arrowhead_333333)" marker-end="url(#arrowhead_333333)"/></svg>"`;

exports[`Widget: symmetry-diagram should produce consistent output for example #20 1`] = `"<svg width="400" height="400" viewBox="-20 -20 400 400" xmlns="http://www.w3.org/2000/svg" font-family="sans-serif"><defs><marker id="arrowhead_333333" viewBox="0 0 10 10" refX="5" refY="5" markerWidth="5" markerHeight="5" orient="auto-start-reverse"><polygon points="0,0 10,5 0,10" fill="#333333" /></marker></defs><rect x="75" y="75" width="210" height="210" fill="#ffffff" stroke="#333333" stroke-width="2"/><line x1="222" y1="64.2" x2="222" y2="295.8" stroke="#333333" stroke-width="1.5" stroke-dasharray="4 4" marker-start="url(#arrowhead_333333)" marker-end="url(#arrowhead_333333)"/><line x1="64.2" y1="222" x2="295.8" y2="222" stroke="#333333" stroke-width="1.5" stroke-dasharray="4 4" marker-start="url(#arrowhead_333333)" marker-end="url(#arrowhead_333333)"/></svg>"`;

exports[`Widget: symmetry-diagram should produce consistent output for example #21 1`] = `"<svg width="400" height="400" viewBox="-20 -20 400 400" xmlns="http://www.w3.org/2000/svg" font-family="sans-serif"><defs><marker id="arrowhead_333333" viewBox="0 0 10 10" refX="5" refY="5" markerWidth="5" markerHeight="5" orient="auto-start-reverse"><polygon points="0,0 10,5 0,10" fill="#333333" /></marker></defs><polygon points="180,96 306,180 180,264 54,180" fill="#ffffff" stroke="#333333" stroke-width="2"/><line x1="43.2" y1="180" x2="316.8" y2="180" stroke="#333333" stroke-width="1.5" stroke-dasharray="4 4" marker-start="url(#arrowhead_333333)" marker-end="url(#arrowhead_333333)"/><line x1="180" y1="85.2" x2="180" y2="274.8" stroke="#333333" stroke-width="1.5" stroke-dasharray="4 4" marker-start="url(#arrowhead_333333)" marker-end="url(#arrowhead_333333)"/></svg>"`;

exports[`Widget: symmetry-diagram should produce consistent output for example #22 1`] = `"<svg width="400" height="400" viewBox="-20 -20 400 400" xmlns="http://www.w3.org/2000/svg" font-family="sans-serif"><defs><marker id="arrowhead_333333" viewBox="0 0 10 10" refX="5" refY="5" markerWidth="5" markerHeight="5" orient="auto-start-reverse"><polygon points="0,0 10,5 0,10" fill="#333333" /></marker></defs><polygon points="180,96 306,180 180,264 54,180" fill="#ffffff" stroke="#333333" stroke-width="2"/><line x1="56.057179750013304" y1="152.4571510555585" x2="303.94282024998665" y2="207.5428489444415" stroke="#333333" stroke-width="1.5" stroke-dasharray="4 4" marker-start="url(#arrowhead_333333)" marker-end="url(#arrowhead_333333)"/></svg>"`;

exports[`Widget: symmetry-diagram should produce consistent output for example #23 1`] = `"<svg width="400" height="400" viewBox="-20 -20 400 400" xmlns="http://www.w3.org/2000/svg" font-family="sans-serif"><defs><marker id="arrowhead_333333" viewBox="0 0 10 10" refX="5" refY="5" markerWidth="5" markerHeight="5" orient="auto-start-reverse"><polygon points="0,0 10,5 0,10" fill="#333333" /></marker></defs><polygon points="180,54 211.5,148.5 306,180 211.5,211.5 180,306 148.5,211.5 54,180 148.5,148.5" fill="#ffffff" stroke="#333333" stroke-width="2"/><line x1="180" y1="43.2" x2="180" y2="316.8" stroke="#333333" stroke-width="1.5" stroke-dasharray="4 4" marker-start="url(#arrowhead_333333)" marker-end="url(#arrowhead_333333)"/><line x1="43.2" y1="180" x2="316.8" y2="180" stroke="#333333" stroke-width="1.5" stroke-dasharray="4 4" marker-start="url(#arrowhead_333333)" marker-end="url(#arrowhead_333333)"/></svg>"`;

exports[`Widget: symmetry-diagram should produce consistent output for example #24 1`] = `"<svg width="400" height="400" viewBox="-20 -20 400 400" xmlns="http://www.w3.org/2000/svg" font-family="sans-serif"><defs><marker id="arrowhead_333333" viewBox="0 0 10 10" refX="5" refY="5" markerWidth="5" markerHeight="5" orient="auto-start-reverse"><polygon points="0,0 10,5 0,10" fill="#333333" /></marker></defs><polygon points="180,54 211.5,148.5 306,180 211.5,211.5 180,306 148.5,211.5 54,180 148.5,148.5" fill="#ffffff" stroke="#333333" stroke-width="2"/><line x1="56.354220381054446" y1="138.78474012701813" x2="303.64577961894554" y2="221.21525987298187" stroke="#333333" stroke-width="1.5" stroke-dasharray="4 4" marker-start="url(#arrowhead_333333)" marker-end="url(#arrowhead_333333)"/></svg>"`;
