// Bun Snapshot v1, https://bun.sh/docs/test/snapshots

exports[`Widget: tape-diagram should produce consistent output for example #1 1`] = `"<svg width="666" height="290" viewBox="-46 -20 666 290" xmlns="http://www.w3.org/2000/svg" font-family="sans-serif" font-size="12"><text x="10" y="55" font-size="12" text-anchor="end" dominant-baseline="middle" font-weight="700" fill="#000000">Total</text><text x="10" y="125" font-size="12" text-anchor="end" dominant-baseline="middle" font-weight="700" fill="#000000">Parts</text><rect x="20" y="40" width="240" height="30" fill="#4285F4" stroke="#000000" stroke-width="1.5"/><text x="140" y="55" font-size="12" text-anchor="middle" dominant-baseline="middle" font-weight="700" fill="#ffffff">15</text><rect x="260" y="40" width="192.00000000000003" height="30" fill="#0F9D58" stroke="#000000" stroke-width="1.5"/><text x="356" y="55" font-size="12" text-anchor="middle" dominant-baseline="middle" font-weight="700" fill="#ffffff">12</text><rect x="452" y="40" width="127.99999999999999" height="30" fill="#F4B400" stroke="#000000" stroke-width="1.5"/><text x="516" y="55" font-size="12" text-anchor="middle" dominant-baseline="middle" font-weight="700" fill="#ffffff">8</text><rect x="20" y="110" width="240" height="30" fill="#34A853" stroke="#000000" stroke-width="1.5"/><text x="140" y="125" font-size="12" text-anchor="middle" dominant-baseline="middle" font-weight="700" fill="#ffffff">Part A</text><rect x="260" y="110" width="192.00000000000003" height="30" fill="#34A853" stroke="#000000" stroke-width="1.5"/><text x="356" y="125" font-size="12" text-anchor="middle" dominant-baseline="middle" font-weight="700" fill="#ffffff">Part B</text><rect x="452" y="110" width="127.99999999999999" height="30" fill="#34A853" stroke="#000000" stroke-width="1.5"/><text x="516" y="125" font-size="12" text-anchor="middle" dominant-baseline="middle" font-weight="700" fill="#ffffff">Part C</text><line x1="20" y1="34" x2="580" y2="34" stroke="#000000" stroke-width="1.5"/><line x1="20" y1="29" x2="20" y2="39" stroke="#000000" stroke-width="1.5"/><line x1="580" y1="29" x2="580" y2="39" stroke="#000000" stroke-width="1.5"/><text x="300" y="22" font-size="12" text-anchor="middle" font-weight="700" fill="#000000">35</text></svg>"`;

exports[`Widget: tape-diagram should produce consistent output for example #2 1`] = `"<svg width="566" height="220" viewBox="-46 -20 566 220" xmlns="http://www.w3.org/2000/svg" font-family="sans-serif" font-size="12"><text x="10" y="55" font-size="12" text-anchor="end" dominant-baseline="middle" font-weight="700" fill="#000000">Value</text><rect x="20" y="40" width="322" height="30" fill="#7854ab" stroke="#000000" stroke-width="2"/><rect x="20" y="40" width="460" height="30" fill="#000000" stroke="#000000" stroke-width="2" fill-opacity="0"/><line x1="66" y1="40" x2="66" y2="70" stroke="#000000" stroke-width="1"/><line x1="112" y1="40" x2="112" y2="70" stroke="#000000" stroke-width="1"/><line x1="158" y1="40" x2="158" y2="70" stroke="#000000" stroke-width="1"/><line x1="204" y1="40" x2="204" y2="70" stroke="#000000" stroke-width="1"/><line x1="250" y1="40" x2="250" y2="70" stroke="#000000" stroke-width="1"/><line x1="296" y1="40" x2="296" y2="70" stroke="#000000" stroke-width="1"/><line x1="342" y1="40" x2="342" y2="70" stroke="#000000" stroke-width="1"/><line x1="388" y1="40" x2="388" y2="70" stroke="#000000" stroke-width="1"/><line x1="434" y1="40" x2="434" y2="70" stroke="#000000" stroke-width="1"/><line x1="20" y1="34" x2="342" y2="34" stroke="#000000" stroke-width="1.5"/><line x1="20" y1="29" x2="20" y2="39" stroke="#000000" stroke-width="1.5"/><line x1="342" y1="29" x2="342" y2="39" stroke="#000000" stroke-width="1.5"/><text x="181" y="22" font-size="12" text-anchor="middle" font-weight="700" fill="#000000">91</text><line x1="20" y1="76" x2="342" y2="76" stroke="#000000" stroke-width="1.5"/><line x1="20" y1="71" x2="20" y2="81" stroke="#000000" stroke-width="1.5"/><line x1="342" y1="71" x2="342" y2="81" stroke="#000000" stroke-width="1.5"/><text x="181" y="96" font-size="12" text-anchor="middle" font-weight="700" fill="#000000">70%</text></svg>"`;

exports[`Widget: tape-diagram should produce consistent output for example #3 1`] = `"<svg width="524" height="240" viewBox="-104 -20 524 240" xmlns="http://www.w3.org/2000/svg" font-family="sans-serif" font-size="12"><text x="10" y="55" font-size="12" text-anchor="end" dominant-baseline="middle" font-weight="700" fill="#000000">Sarah&#39;s Money</text><text x="10" y="125" font-size="12" text-anchor="end" dominant-baseline="middle" font-weight="700" fill="#000000">Tom&#39;s Money</text><rect x="20" y="40" width="205.7142857142857" height="30" fill="#FF6B6B" stroke="#000000" stroke-width="1.5"/><text x="122.85714285714285" y="55" font-size="12" text-anchor="middle" dominant-baseline="middle" font-weight="700" fill="#ffffff">$20</text><rect x="225.7142857142857" y="40" width="154.2857142857143" height="30" fill="#FF6B6B" stroke="#000000" stroke-width="1.5" fill-opacity="0.7"/><text x="302.85714285714283" y="55" font-size="12" text-anchor="middle" dominant-baseline="middle" font-weight="700" fill="#ffffff">$15</text><rect x="20" y="110" width="102.85714285714285" height="30" fill="#FFD93D" stroke="#000000" stroke-width="1.5"/><text x="71.42857142857142" y="125" font-size="12" text-anchor="middle" dominant-baseline="middle" font-weight="700" fill="#ffffff">?</text></svg>"`;

exports[`Widget: tape-diagram should produce consistent output for example #4 1`] = `"<svg width="695" height="190" viewBox="-75 -20 695 190" xmlns="http://www.w3.org/2000/svg" font-family="sans-serif" font-size="12"><text x="10" y="55" font-size="12" text-anchor="end" dominant-baseline="middle" font-weight="700" fill="#000000">Container</text><rect x="20" y="40" width="373.3333333333333" height="30" fill="#2196F3" stroke="#000000" stroke-width="2"/><text x="206.66666666666666" y="0" font-size="12" text-anchor="middle" font-weight="700" fill="#000000">Filled</text><rect x="393.3333333333333" y="40" width="186.66666666666669" height="30" fill="#000000" stroke="#666666" stroke-width="2" fill-opacity="0"/><text x="486.66666666666663" y="0" font-size="12" text-anchor="middle" font-weight="700" fill="#000000">Empty</text><rect x="20" y="40" width="560" height="30" fill="#000000" stroke="#000000" stroke-width="2" fill-opacity="0"/><line x1="66.66666666666666" y1="40" x2="66.66666666666666" y2="70" stroke="#000000" stroke-width="1"/><line x1="113.33333333333333" y1="40" x2="113.33333333333333" y2="70" stroke="#000000" stroke-width="1"/><line x1="160" y1="40" x2="160" y2="70" stroke="#000000" stroke-width="1"/><line x1="206.66666666666666" y1="40" x2="206.66666666666666" y2="70" stroke="#000000" stroke-width="1"/><line x1="253.33333333333331" y1="40" x2="253.33333333333331" y2="70" stroke="#000000" stroke-width="1"/><line x1="300" y1="40" x2="300" y2="70" stroke="#000000" stroke-width="1"/><line x1="346.66666666666663" y1="40" x2="346.66666666666663" y2="70" stroke="#000000" stroke-width="1"/><line x1="393.3333333333333" y1="40" x2="393.3333333333333" y2="70" stroke="#000000" stroke-width="1"/><line x1="440" y1="40" x2="440" y2="70" stroke="#000000" stroke-width="1"/><line x1="486.66666666666663" y1="40" x2="486.66666666666663" y2="70" stroke="#000000" stroke-width="1"/><line x1="533.3333333333333" y1="40" x2="533.3333333333333" y2="70" stroke="#000000" stroke-width="1"/><line x1="20" y1="34" x2="393.35200000000003" y2="34" stroke="#000000" stroke-width="1.5"/><line x1="20" y1="29" x2="20" y2="39" stroke="#000000" stroke-width="1.5"/><line x1="393.35200000000003" y1="29" x2="393.35200000000003" y2="39" stroke="#000000" stroke-width="1.5"/><text x="206.67600000000002" y="22" font-size="12" text-anchor="middle" font-weight="700" fill="#000000">8 L</text><line x1="20" y1="76" x2="393.35200000000003" y2="76" stroke="#000000" stroke-width="1.5"/><line x1="20" y1="71" x2="20" y2="81" stroke="#000000" stroke-width="1.5"/><line x1="393.35200000000003" y1="71" x2="393.35200000000003" y2="81" stroke="#000000" stroke-width="1.5"/><text x="206.67600000000002" y="96" font-size="12" text-anchor="middle" font-weight="700" fill="#000000">2/3</text></svg>"`;

exports[`Widget: tape-diagram should produce consistent output for example #5 1`] = `"<svg width="720" height="220" viewBox="-20 -20 720 220" xmlns="http://www.w3.org/2000/svg" font-family="sans-serif" font-size="12"><rect x="20" y="40" width="448" height="30" fill="#7854ab" stroke="#000000" stroke-width="2"/><rect x="20" y="40" width="640" height="30" fill="#000000" stroke="#000000" stroke-width="2" fill-opacity="0"/><line x1="84" y1="40" x2="84" y2="70" stroke="#000000" stroke-width="1"/><line x1="148" y1="40" x2="148" y2="70" stroke="#000000" stroke-width="1"/><line x1="212" y1="40" x2="212" y2="70" stroke="#000000" stroke-width="1"/><line x1="276" y1="40" x2="276" y2="70" stroke="#000000" stroke-width="1"/><line x1="340" y1="40" x2="340" y2="70" stroke="#000000" stroke-width="1"/><line x1="404" y1="40" x2="404" y2="70" stroke="#000000" stroke-width="1"/><line x1="468" y1="40" x2="468" y2="70" stroke="#000000" stroke-width="1"/><line x1="532" y1="40" x2="532" y2="70" stroke="#000000" stroke-width="1"/><line x1="596" y1="40" x2="596" y2="70" stroke="#000000" stroke-width="1"/><line x1="20" y1="34" x2="468" y2="34" stroke="#000000" stroke-width="1.5"/><line x1="20" y1="29" x2="20" y2="39" stroke="#000000" stroke-width="1.5"/><line x1="468" y1="29" x2="468" y2="39" stroke="#000000" stroke-width="1.5"/><text x="244" y="22" font-size="12" text-anchor="middle" font-weight="700" fill="#000000">91</text><line x1="20" y1="76" x2="468" y2="76" stroke="#000000" stroke-width="1.5"/><line x1="20" y1="71" x2="20" y2="81" stroke="#000000" stroke-width="1.5"/><line x1="468" y1="71" x2="468" y2="81" stroke="#000000" stroke-width="1.5"/><text x="244" y="96" font-size="12" text-anchor="middle" font-weight="700" fill="#000000">70%</text></svg>"`;
