// Bun Snapshot v1, https://goo.gl/fbAQLP

exports[`Widget: transformation-on-a-grid should produce consistent output for example #1 1`] = `"<svg width="400" height="460" xmlns="http://www.w3.org/2000/svg"><line x1="20" y1="335" x2="20" y2="20" stroke="#e0e0e0" stroke-width="1"/><line x1="42.5" y1="335" x2="42.5" y2="20" stroke="#e0e0e0" stroke-width="1"/><line x1="65" y1="335" x2="65" y2="20" stroke="#e0e0e0" stroke-width="1"/><line x1="87.5" y1="335" x2="87.5" y2="20" stroke="#e0e0e0" stroke-width="1"/><line x1="110" y1="335" x2="110" y2="20" stroke="#e0e0e0" stroke-width="1"/><line x1="132.5" y1="335" x2="132.5" y2="20" stroke="#e0e0e0" stroke-width="1"/><line x1="155" y1="335" x2="155" y2="20" stroke="#e0e0e0" stroke-width="1"/><line x1="177.5" y1="335" x2="177.5" y2="20" stroke="#e0e0e0" stroke-width="1"/><line x1="200" y1="335" x2="200" y2="20" stroke="#e0e0e0" stroke-width="1"/><line x1="222.5" y1="335" x2="222.5" y2="20" stroke="#e0e0e0" stroke-width="1"/><line x1="245" y1="335" x2="245" y2="20" stroke="#e0e0e0" stroke-width="1"/><line x1="267.5" y1="335" x2="267.5" y2="20" stroke="#e0e0e0" stroke-width="1"/><line x1="290" y1="335" x2="290" y2="20" stroke="#e0e0e0" stroke-width="1"/><line x1="312.5" y1="335" x2="312.5" y2="20" stroke="#e0e0e0" stroke-width="1"/><line x1="335" y1="335" x2="335" y2="20" stroke="#e0e0e0" stroke-width="1"/><line x1="357.5" y1="335" x2="357.5" y2="20" stroke="#e0e0e0" stroke-width="1"/><line x1="380" y1="335" x2="380" y2="20" stroke="#e0e0e0" stroke-width="1"/><line x1="20" y1="335" x2="380" y2="335" stroke="#e0e0e0" stroke-width="1"/><line x1="20" y1="312.5" x2="380" y2="312.5" stroke="#e0e0e0" stroke-width="1"/><line x1="20" y1="290" x2="380" y2="290" stroke="#e0e0e0" stroke-width="1"/><line x1="20" y1="267.5" x2="380" y2="267.5" stroke="#e0e0e0" stroke-width="1"/><line x1="20" y1="245" x2="380" y2="245" stroke="#e0e0e0" stroke-width="1"/><line x1="20" y1="222.5" x2="380" y2="222.5" stroke="#e0e0e0" stroke-width="1"/><line x1="20" y1="200" x2="380" y2="200" stroke="#e0e0e0" stroke-width="1"/><line x1="20" y1="177.5" x2="380" y2="177.5" stroke="#e0e0e0" stroke-width="1"/><line x1="20" y1="155" x2="380" y2="155" stroke="#e0e0e0" stroke-width="1"/><line x1="20" y1="132.5" x2="380" y2="132.5" stroke="#e0e0e0" stroke-width="1"/><line x1="20" y1="110" x2="380" y2="110" stroke="#e0e0e0" stroke-width="1"/><line x1="20" y1="87.5" x2="380" y2="87.5" stroke="#e0e0e0" stroke-width="1"/><line x1="20" y1="65" x2="380" y2="65" stroke="#e0e0e0" stroke-width="1"/><line x1="20" y1="42.5" x2="380" y2="42.5" stroke="#e0e0e0" stroke-width="1"/><line x1="20" y1="20" x2="380" y2="20" stroke="#e0e0e0" stroke-width="1"/><polygon points="65,245 87.5,222.5 132.5,245 87.5,267.5" fill="#00b3d680" stroke="#00b3d6" stroke-width="2"/><text x="58.25" y="245" font-size="12" font-weight="700" fill="#333333">M</text><text x="93.125" y="200" font-size="12" fill="#555555">Figure 1</text><polygon points="200,177.5 245,222.5 335,177.5 245,132.5" fill="#00800080" stroke="#008000" stroke-width="2"/><text x="193.25" y="177.5" font-size="12" font-weight="700" fill="#333333">A</text><text x="243.36288453100474" y="229.048461875981" font-size="12" font-weight="700" fill="#333333">B</text><text x="341.75" y="177.5" font-size="12" font-weight="700" fill="#333333">C</text><text x="243.36288453100474" y="125.95153812401901" font-size="12" font-weight="700" fill="#333333">D</text><text x="256.25" y="110" font-size="12" fill="#555555">Figure 2</text></svg>"`;

exports[`Widget: transformation-on-a-grid should produce consistent output for example #2 1`] = `"<svg width="400" height="400" xmlns="http://www.w3.org/2000/svg"><line x1="20" y1="380" x2="20" y2="20" stroke="#e0e0e0" stroke-width="1"/><line x1="65" y1="380" x2="65" y2="20" stroke="#e0e0e0" stroke-width="1"/><line x1="110" y1="380" x2="110" y2="20" stroke="#e0e0e0" stroke-width="1"/><line x1="155" y1="380" x2="155" y2="20" stroke="#e0e0e0" stroke-width="1"/><line x1="200" y1="380" x2="200" y2="20" stroke="#e0e0e0" stroke-width="1"/><line x1="245" y1="380" x2="245" y2="20" stroke="#e0e0e0" stroke-width="1"/><line x1="290" y1="380" x2="290" y2="20" stroke="#e0e0e0" stroke-width="1"/><line x1="335" y1="380" x2="335" y2="20" stroke="#e0e0e0" stroke-width="1"/><line x1="380" y1="380" x2="380" y2="20" stroke="#e0e0e0" stroke-width="1"/><line x1="20" y1="380" x2="380" y2="380" stroke="#e0e0e0" stroke-width="1"/><line x1="20" y1="335" x2="380" y2="335" stroke="#e0e0e0" stroke-width="1"/><line x1="20" y1="290" x2="380" y2="290" stroke="#e0e0e0" stroke-width="1"/><line x1="20" y1="245" x2="380" y2="245" stroke="#e0e0e0" stroke-width="1"/><line x1="20" y1="200" x2="380" y2="200" stroke="#e0e0e0" stroke-width="1"/><line x1="20" y1="155" x2="380" y2="155" stroke="#e0e0e0" stroke-width="1"/><line x1="20" y1="110" x2="380" y2="110" stroke="#e0e0e0" stroke-width="1"/><line x1="20" y1="65" x2="380" y2="65" stroke="#e0e0e0" stroke-width="1"/><line x1="20" y1="20" x2="380" y2="20" stroke="#e0e0e0" stroke-width="1"/><polygon points="110,155 200,200 155,290 65,200" fill="#80808080" stroke="#808080" stroke-width="2"/><text x="104.98622586921961" y="142.46556467304902" font-size="12" font-weight="700" fill="#333333">A</text><text x="213.31631797173392" y="197.78061367137767" font-size="12" font-weight="700" fill="#333333">B</text><text x="158.7087352266146" y="302.9805732931511" font-size="12" font-weight="700" fill="#333333">C</text><text x="51.68368202826606" y="197.78061367137767" font-size="12" font-weight="700" fill="#333333">D</text><polygon points="245,65 335,110 290,200 200,110" fill="#00b3d680" stroke="#00b3d6" stroke-width="2"/><text x="239.98622586921962" y="52.465564673049016" font-size="12" font-weight="700" fill="#333333">L</text><text x="348.31631797173395" y="107.78061367137768" font-size="12" font-weight="700" fill="#333333">M</text><text x="293.70873522661464" y="212.98057329315108" font-size="12" font-weight="700" fill="#333333">N</text><text x="186.68368202826605" y="107.78061367137768" font-size="12" font-weight="700" fill="#333333">K</text></svg>"`;

exports[`Widget: transformation-on-a-grid should produce consistent output for example #3 1`] = `"<svg width="400" height="400" xmlns="http://www.w3.org/2000/svg"><line x1="20" y1="272" x2="20" y2="20" stroke="#e0e0e0" stroke-width="1"/><line x1="56" y1="272" x2="56" y2="20" stroke="#e0e0e0" stroke-width="1"/><line x1="92" y1="272" x2="92" y2="20" stroke="#e0e0e0" stroke-width="1"/><line x1="128" y1="272" x2="128" y2="20" stroke="#e0e0e0" stroke-width="1"/><line x1="164" y1="272" x2="164" y2="20" stroke="#e0e0e0" stroke-width="1"/><line x1="200" y1="272" x2="200" y2="20" stroke="#e0e0e0" stroke-width="1"/><line x1="236" y1="272" x2="236" y2="20" stroke="#e0e0e0" stroke-width="1"/><line x1="272" y1="272" x2="272" y2="20" stroke="#e0e0e0" stroke-width="1"/><line x1="308" y1="272" x2="308" y2="20" stroke="#e0e0e0" stroke-width="1"/><line x1="344" y1="272" x2="344" y2="20" stroke="#e0e0e0" stroke-width="1"/><line x1="380" y1="272" x2="380" y2="20" stroke="#e0e0e0" stroke-width="1"/><line x1="20" y1="272" x2="380" y2="272" stroke="#e0e0e0" stroke-width="1"/><line x1="20" y1="236" x2="380" y2="236" stroke="#e0e0e0" stroke-width="1"/><line x1="20" y1="200" x2="380" y2="200" stroke="#e0e0e0" stroke-width="1"/><line x1="20" y1="164" x2="380" y2="164" stroke="#e0e0e0" stroke-width="1"/><line x1="20" y1="128" x2="380" y2="128" stroke="#e0e0e0" stroke-width="1"/><line x1="20" y1="92" x2="380" y2="92" stroke="#e0e0e0" stroke-width="1"/><line x1="20" y1="56" x2="380" y2="56" stroke="#e0e0e0" stroke-width="1"/><line x1="20" y1="20" x2="380" y2="20" stroke="#e0e0e0" stroke-width="1"/><polygon points="128,128 236,164 92,200" fill="#80808080" stroke="#808080" stroke-width="2"/><text x="122.00923788076753" y="119.01385682115128" font-size="12" font-weight="700" fill="#333333">A</text><text x="246.79999999999998" y="164" font-size="12" font-weight="700" fill="#333333">B</text><text x="82.73907640230453" y="205.55655415861727" font-size="12" font-weight="700" fill="#333333">C</text><polygon points="344,56 272,128 308,200" fill="#00b3d680" stroke="#00b3d6" stroke-width="2"/><text x="348.82990683139957" y="46.340186337200926" font-size="12" font-weight="700" fill="#333333">M</text><text x="261.20000000000005" y="128" font-size="12" font-weight="700" fill="#333333">K</text><text x="308" y="210.79999999999998" font-size="12" font-weight="700" fill="#333333">L</text></svg>"`;
