// Bun Snapshot v1, https://bun.sh/docs/test/snapshots

exports[`Widget: transversal-angle-diagram should produce consistent output for example #1 1`] = `"<svg width="540" height="490" viewBox="-20 -20 540 490" xmlns="http://www.w3.org/2000/svg" font-family="sans-serif"><path d="M 230.76136693793114 277.85770991920737 L 219.21818710068982 309.57233587073176 A 33.75 33.75 0 0 1 197.01136693793114 277.85770991920737 Z" fill="#5DADE2" stroke="none"/><path d="M 230.76136693793114 277.85770991920737 L 219.21818710068982 309.57233587073176 A 33.75 33.75 0 0 0 264.51136693793114 277.85770991920737 Z" fill="#F5B041" stroke="none"/><path d="M 269.23863306206886 172.14229008079266 L 257.69545322482753 203.8569160323171 A 33.75 33.75 0 0 1 235.48863306206886 172.14229008079266 Z" fill="#F7DC6F" stroke="none"/><path d="M 269.23863306206886 172.14229008079266 L 257.69545322482753 203.8569160323171 A 33.75 33.75 0 0 0 302.98863306206886 172.14229008079266 Z" fill="#58D68D" stroke="none"/><path d="M 269.23863306206886 172.14229008079266 L 302.98863306206886 172.14229008079266 A 33.75 33.75 0 0 0 280.7818128993102 140.42766412926827 Z" fill="#AF601A" stroke="none"/><line x1="30.761366937931143" y1="277.85770991920737" x2="430.76136693793114" y2="277.85770991920737" stroke="#000000" stroke-width="2"/><line x1="69.23863306206886" y1="172.14229008079266" x2="469.23863306206886" y2="172.14229008079266" stroke="#000000" stroke-width="2"/><line x1="181.59597133486625" y1="412.93852415718163" x2="318.40402866513375" y2="37.06147584281834" stroke="#000000" stroke-width="2"/><text x="230.76136693793114" y="263.85770991920737" font-size="18" text-anchor="middle" dominant-baseline="middle" font-weight="700" fill="#000000">M</text><text x="269.23863306206886" y="158.14229008079266" font-size="18" text-anchor="middle" dominant-baseline="middle" font-weight="700" fill="#000000">N</text><text x="191.6468568231318" y="305.2459847549698" font-size="16" text-anchor="middle" dominant-baseline="middle" font-weight="700" fill="#000000">1</text><text x="258.1496417736936" y="316.97222003400674" font-size="16" text-anchor="middle" dominant-baseline="middle" font-weight="700" fill="#000000">2</text><text x="230.1241229472695" y="199.53056491655514" font-size="16" text-anchor="middle" dominant-baseline="middle" font-weight="700" fill="#000000">3</text><text x="296.6269078978313" y="211.256800195592" font-size="16" text-anchor="middle" dominant-baseline="middle" font-weight="700" fill="#000000">4</text><text x="308.35314317686823" y="144.75401524503022" font-size="16" text-anchor="middle" dominant-baseline="middle" font-weight="700" fill="#000000">5</text><circle cx="388.26136693793114" cy="277.85770991920737" r="5" fill="#000000"/><text x="403.8177161240352" y="293.4140591053114" font-size="20" text-anchor="middle" dominant-baseline="middle" font-weight="700" fill="#000000">D</text><circle cx="73.26136693793114" cy="277.85770991920737" r="5" fill="#000000"/><text x="88.81771612403519" y="293.4140591053114" font-size="20" text-anchor="middle" dominant-baseline="middle" font-weight="700" fill="#000000">C</text><circle cx="176.8931943641383" cy="425.859297692988" r="5" fill="#000000"/><text x="198.8931943641383" y="425.859297692988" font-size="20" text-anchor="middle" dominant-baseline="middle" font-weight="700" fill="#000000">E</text><circle cx="426.73863306206886" cy="172.14229008079266" r="5" fill="#000000"/><text x="442.2949822481729" y="187.6986392668967" font-size="20" text-anchor="middle" dominant-baseline="middle" font-weight="700" fill="#000000">B</text><circle cx="111.73863306206886" cy="172.1422900807927" r="5" fill="#000000"/><text x="127.2949822481729" y="187.69863926689675" font-size="20" text-anchor="middle" dominant-baseline="middle" font-weight="700" fill="#000000">A</text><circle cx="323.1068056358617" cy="24.140702307012106" r="5" fill="#000000"/><text x="345.1068056358617" y="24.140702307012106" font-size="20" text-anchor="middle" dominant-baseline="middle" font-weight="700" fill="#000000">F</text></svg>"`;

exports[`Widget: transversal-angle-diagram should produce consistent output for example #2 1`] = `"<svg width="540" height="490" viewBox="-20 -20 540 490" xmlns="http://www.w3.org/2000/svg" font-family="sans-serif"><path d="M 201.28607103712534 253.125 L 172.05771365940052 270 A 33.75 33.75 0 0 0 233.00069698864974 264.6681798372413 Z" fill="#5DADE2" stroke="none"/><path d="M 201.28607103712534 253.125 L 172.05771365940052 270 A 33.75 33.75 0 0 1 169.57144508560094 241.58182016275867 Z" fill="#F5B041" stroke="none"/><path d="M 201.28607103712534 253.125 L 169.57144508560094 241.58182016275867 A 33.75 33.75 0 0 1 230.51442841485016 236.25 Z" fill="#C39BD3" stroke="none"/><path d="M 298.71392896287466 196.875 L 269.48557158514984 213.75 A 33.75 33.75 0 0 0 331.9511906270367 202.7356259962589 Z" fill="#F7DC6F" stroke="none"/><path d="M 298.71392896287466 196.875 L 331.9511906270367 202.7356259962589 A 33.75 33.75 0 0 0 327.9422863405995 180 Z" fill="#58D68D" stroke="none"/><path d="M 298.71392896287466 196.875 L 265.47666729871264 191.01437400374112 A 33.75 33.75 0 0 1 327.9422863405995 180 Z" fill="#AF601A" stroke="none"/><line x1="13.34754687994365" y1="184.72097133486625" x2="389.224595194307" y2="321.52902866513375" stroke="#000000" stroke-width="2"/><line x1="101.75237836043306" y1="162.14536446661393" x2="495.67547956531627" y2="231.60463553338607" stroke="#000000" stroke-width="2"/><line x1="76.79491924311225" y1="325" x2="423.20508075688775" y2="125.00000000000001" stroke="#000000" stroke-width="2"/><text x="201.28607103712534" y="239.125" font-size="18" text-anchor="middle" dominant-baseline="middle" font-weight="700" fill="#000000">G</text><text x="298.71392896287466" y="182.875" font-size="18" text-anchor="middle" dominant-baseline="middle" font-weight="700" fill="#000000">H</text><text x="205.44775775332602" y="300.6932968338808" font-size="16" text-anchor="middle" dominant-baseline="middle" font-weight="700" fill="#000000">1</text><text x="153.7177742032445" y="257.2866867162007" font-size="16" text-anchor="middle" dominant-baseline="middle" font-weight="700" fill="#000000">2</text><text x="197.12438432092466" y="205.55670316611915" font-size="16" text-anchor="middle" dominant-baseline="middle" font-weight="700" fill="#000000">6</text><text x="307.0056294464706" y="243.89957020633292" font-size="16" text-anchor="middle" dominant-baseline="middle" font-weight="700" fill="#000000">5</text><text x="345.7384991692076" y="188.58329951640408" font-size="16" text-anchor="middle" dominant-baseline="middle" font-weight="700" fill="#000000">4</text><text x="290.4222284792787" y="149.85042979366708" font-size="16" text-anchor="middle" dominant-baseline="middle" font-weight="700" fill="#000000">3</text><circle cx="349.2876588109059" cy="306.99317257379283" r="5" fill="#000000"/><text x="349.2876588109059" y="328.99317257379283" font-size="20" text-anchor="middle" dominant-baseline="middle" font-weight="700" fill="#000000">C</text><circle cx="53.284483263344754" cy="199.2568274262072" r="5" fill="#000000"/><text x="53.284483263344754" y="221.2568274262072" font-size="20" text-anchor="middle" dominant-baseline="middle" font-weight="700" fill="#000000">D</text><circle cx="64.88706994107625" cy="331.875" r="5" fill="#000000"/><text x="80.44341912718029" y="347.43134918610406" font-size="20" text-anchor="middle" dominant-baseline="middle" font-weight="700" fill="#000000">E</text><circle cx="453.8211500622974" cy="224.22458798254152" r="5" fill="#000000"/><text x="476.44856706026695" y="246.85200498051103" font-size="20" text-anchor="middle" dominant-baseline="middle" font-weight="700" fill="#000000">A</text><circle cx="143.60670786345187" cy="169.5254120174585" r="5" fill="#000000"/><text x="166.2341248614214" y="192.15282901542804" font-size="20" text-anchor="middle" dominant-baseline="middle" font-weight="700" fill="#000000">B</text><circle cx="435.1129300589238" cy="118.12500000000001" r="5" fill="#000000"/><text x="457.1129300589238" y="118.12500000000001" font-size="20" text-anchor="middle" dominant-baseline="middle" font-weight="700" fill="#000000">F</text></svg>"`;
