// Bun Snapshot v1, https://bun.sh/docs/test/snapshots

exports[`Widget: tree-diagram should produce consistent output for example #1 1`] = `"<svg width="480" height="353" viewBox="-20 -29 480 353" xmlns="http://www.w3.org/2000/svg" font-family="sans-serif"><line x1="220" y1="12" x2="120" y2="74" stroke="#000000" stroke-width="2"/><line x1="220" y1="12" x2="320" y2="74" stroke="#000000" stroke-width="2"/><line x1="120" y1="74" x2="70" y2="174" stroke="#000000" stroke-width="2"/><line x1="120" y1="74" x2="170" y2="174" stroke="#000000" stroke-width="2"/><line x1="320" y1="74" x2="270" y2="174" stroke="#000000" stroke-width="2"/><line x1="320" y1="74" x2="370" y2="174" stroke="#000000" stroke-width="2"/><line x1="70" y1="174" x2="45" y2="274" stroke="#000000" stroke-width="2"/><line x1="70" y1="174" x2="95" y2="274" stroke="#000000" stroke-width="2"/><line x1="170" y1="174" x2="145" y2="274" stroke="#000000" stroke-width="2"/><line x1="170" y1="174" x2="195" y2="274" stroke="#000000" stroke-width="2"/><line x1="270" y1="174" x2="245" y2="274" stroke="#000000" stroke-width="2"/><line x1="270" y1="174" x2="295" y2="274" stroke="#000000" stroke-width="2"/><line x1="370" y1="174" x2="345" y2="274" stroke="#000000" stroke-width="2"/><line x1="370" y1="174" x2="395" y2="274" stroke="#000000" stroke-width="2"/><circle cx="220" cy="12" r="20" fill="#ffffff" stroke="#000000" stroke-width="2"/><text x="220" y="12" font-size="14" text-anchor="middle" fill="#000000" dominant-baseline="middle"><tspan x="220" dy="0">Start</tspan></text><circle cx="120" cy="74" r="20" fill="#ffffff" stroke="#000000" stroke-width="2"/><text x="120" y="74" font-size="14" text-anchor="middle" fill="#000000" dominant-baseline="middle"><tspan x="120" dy="0">H</tspan></text><circle cx="320" cy="74" r="20" fill="#ffffff" stroke="#000000" stroke-width="2"/><text x="320" y="74" font-size="14" text-anchor="middle" fill="#000000" dominant-baseline="middle"><tspan x="320" dy="0">T</tspan></text><circle cx="70" cy="174" r="20" fill="#ffffff" stroke="#000000" stroke-width="2"/><text x="70" y="174" font-size="14" text-anchor="middle" fill="#000000" dominant-baseline="middle"><tspan x="70" dy="0">H</tspan></text><circle cx="170" cy="174" r="20" fill="#ffffff" stroke="#000000" stroke-width="2"/><text x="170" y="174" font-size="14" text-anchor="middle" fill="#000000" dominant-baseline="middle"><tspan x="170" dy="0">T</tspan></text><circle cx="270" cy="174" r="20" fill="#ffffff" stroke="#000000" stroke-width="2"/><text x="270" y="174" font-size="14" text-anchor="middle" fill="#000000" dominant-baseline="middle"><tspan x="270" dy="0">H</tspan></text><circle cx="370" cy="174" r="20" fill="#ffffff" stroke="#000000" stroke-width="2"/><text x="370" y="174" font-size="14" text-anchor="middle" fill="#000000" dominant-baseline="middle"><tspan x="370" dy="0">T</tspan></text><circle cx="45" cy="274" r="20" fill="#ffffff" stroke="#000000" stroke-width="2"/><text x="45" y="274" font-size="14" text-anchor="middle" fill="#000000" dominant-baseline="middle"><tspan x="45" dy="0">H</tspan></text><circle cx="95" cy="274" r="20" fill="#ffffff" stroke="#000000" stroke-width="2"/><text x="95" y="274" font-size="14" text-anchor="middle" fill="#000000" dominant-baseline="middle"><tspan x="95" dy="0">T</tspan></text><circle cx="145" cy="274" r="20" fill="#ffffff" stroke="#000000" stroke-width="2"/><text x="145" y="274" font-size="14" text-anchor="middle" fill="#000000" dominant-baseline="middle"><tspan x="145" dy="0">H</tspan></text><circle cx="195" cy="274" r="20" fill="#ffffff" stroke="#000000" stroke-width="2"/><text x="195" y="274" font-size="14" text-anchor="middle" fill="#000000" dominant-baseline="middle"><tspan x="195" dy="0">T</tspan></text><circle cx="245" cy="274" r="20" fill="#ffffff" stroke="#000000" stroke-width="2"/><text x="245" y="274" font-size="14" text-anchor="middle" fill="#000000" dominant-baseline="middle"><tspan x="245" dy="0">H</tspan></text><circle cx="295" cy="274" r="20" fill="#ffffff" stroke="#000000" stroke-width="2"/><text x="295" y="274" font-size="14" text-anchor="middle" fill="#000000" dominant-baseline="middle"><tspan x="295" dy="0">T</tspan></text><circle cx="345" cy="274" r="20" fill="#ffffff" stroke="#000000" stroke-width="2"/><text x="345" y="274" font-size="14" text-anchor="middle" fill="#000000" dominant-baseline="middle"><tspan x="345" dy="0">H</tspan></text><circle cx="395" cy="274" r="20" fill="#ffffff" stroke="#000000" stroke-width="2"/><text x="395" y="274" font-size="14" text-anchor="middle" fill="#000000" dominant-baseline="middle"><tspan x="395" dy="0">T</tspan></text></svg>"`;

exports[`Widget: tree-diagram should produce consistent output for example #2 1`] = `"<svg width="480" height="213" viewBox="-20 -49 480 213" xmlns="http://www.w3.org/2000/svg" font-family="sans-serif"><line x1="220" y1="12" x2="70" y2="94" stroke="#000000" stroke-width="2"/><line x1="220" y1="12" x2="170" y2="94" stroke="#000000" stroke-width="2"/><line x1="220" y1="12" x2="270" y2="94" stroke="#000000" stroke-width="2"/><line x1="220" y1="12" x2="370" y2="94" stroke="#000000" stroke-width="2"/><circle cx="220" cy="12" r="40" fill="#ffffff" stroke="#000000" stroke-width="2"/><circle cx="70" cy="94" r="40" fill="#ffffff" stroke="#000000" stroke-width="2"/><text x="70" y="94" font-size="12" text-anchor="middle" fill="#000000" dominant-baseline="middle"><tspan x="70" dy="0">3 Lefts</tspan></text><circle cx="170" cy="94" r="40" fill="#ffffff" stroke="#000000" stroke-width="2"/><text x="170" y="94" font-size="12" text-anchor="middle" fill="#000000" dominant-baseline="middle"><tspan x="170" dy="0">2 Lefts 1</tspan><tspan x="170" dy="1.2em">Right</tspan></text><circle cx="270" cy="94" r="40" fill="#ffffff" stroke="#000000" stroke-width="2"/><text x="270" y="94" font-size="12" text-anchor="middle" fill="#000000" dominant-baseline="middle"><tspan x="270" dy="0">1 Left 2</tspan><tspan x="270" dy="1.2em">Rights</tspan></text><circle cx="370" cy="94" r="40" fill="#ffffff" stroke="#000000" stroke-width="2"/><text x="370" y="94" font-size="12" text-anchor="middle" fill="#000000" dominant-baseline="middle"><tspan x="370" dy="0">3 Rights</tspan></text></svg>"`;
