// Bun Snapshot v1, https://bun.sh/docs/test/snapshots

exports[`Widget: wheel-diagram should produce consistent output for example #1 1`] = `"<svg width="290" height="290" viewBox="-20 -20 290 290" xmlns="http://www.w3.org/2000/svg" font-family="sans-serif"><circle cx="125" cy="125" r="105" fill="#000000" stroke="none"/><circle cx="125" cy="125" r="95" fill="#fafafa" stroke="none"/><path d="M 125 104 L 125 73 A 52 52 0 0 1 141.06888370749726 75.54506115265201 L 131.4893568818739 105.02781315780177 A 21 21 0 0 0 125 104 Z" fill="#FFD700" stroke="none"/><path d="M 131.4893568818739 105.02781315780177 L 141.06888370749726 75.54506115265201 A 52 52 0 0 1 155.5648331192086 82.93111629250274 L 137.34349029814194 108.0106431181261 A 21 21 0 0 0 131.4893568818739 105.02781315780177 Z" fill="#FFD700" stroke="none"/><path d="M 137.34349029814194 108.0106431181261 L 155.5648331192086 82.93111629250274 A 52 52 0 0 1 167.06888370749726 94.4351668807914 L 141.9893568818739 112.65650970185807 A 21 21 0 0 0 137.34349029814194 108.0106431181261 Z" fill="#FFD700" stroke="none"/><path d="M 141.9893568818739 112.65650970185807 L 167.06888370749726 94.4351668807914 A 52 52 0 0 1 174.454938847348 108.93111629250274 L 144.97218684219823 118.5106431181261 A 21 21 0 0 0 141.9893568818739 112.65650970185807 Z" fill="#FFD700" stroke="none"/><path d="M 144.97218684219823 118.5106431181261 L 174.454938847348 108.93111629250274 A 52 52 0 0 1 177 125 L 146 125 A 21 21 0 0 0 144.97218684219823 118.5106431181261 Z" fill="#FFD700" stroke="none"/><path d="M 146 125 L 177 125 A 52 52 0 0 1 174.454938847348 141.06888370749726 L 144.97218684219823 131.4893568818739 A 21 21 0 0 0 146 125 Z" fill="#FFD700" stroke="none"/><line x1="125" y1="104" x2="125" y2="20" stroke="#000000" stroke-width="1.5"/><line x1="131.4893568818739" y1="105.02781315780177" x2="157.44678440936949" y2="25.139065789008882" stroke="#000000" stroke-width="1.5"/><line x1="137.34349029814194" y1="108.0106431181261" x2="186.71745149070966" y2="40.053215590630515" stroke="#000000" stroke-width="1.5"/><line x1="141.9893568818739" y1="112.65650970185807" x2="209.94678440936949" y2="63.28254850929032" stroke="#000000" stroke-width="1.5"/><line x1="144.97218684219823" y1="118.5106431181261" x2="224.8609342109911" y2="92.55321559063051" stroke="#000000" stroke-width="1.5"/><line x1="146" y1="125" x2="230" y2="125" stroke="#000000" stroke-width="1.5"/><line x1="144.97218684219823" y1="131.4893568818739" x2="224.8609342109911" y2="157.44678440936949" stroke="#000000" stroke-width="1.5"/><line x1="141.9893568818739" y1="137.34349029814194" x2="209.94678440936949" y2="186.71745149070966" stroke="#000000" stroke-width="1.5"/><line x1="137.34349029814194" y1="141.9893568818739" x2="186.71745149070966" y2="209.94678440936949" stroke="#000000" stroke-width="1.5"/><line x1="131.4893568818739" y1="144.97218684219823" x2="157.44678440936949" y2="224.8609342109911" stroke="#000000" stroke-width="1.5"/><line x1="125" y1="146" x2="125" y2="230" stroke="#000000" stroke-width="1.5"/><line x1="118.51064311812611" y1="144.97218684219823" x2="92.55321559063053" y2="224.86093421099113" stroke="#000000" stroke-width="1.5"/><line x1="112.65650970185807" y1="141.9893568818739" x2="63.28254850929033" y2="209.94678440936949" stroke="#000000" stroke-width="1.5"/><line x1="108.0106431181261" y1="137.34349029814194" x2="40.05321559063053" y2="186.7174514907097" stroke="#000000" stroke-width="1.5"/><line x1="105.02781315780177" y1="131.4893568818739" x2="25.139065789008882" y2="157.44678440936949" stroke="#000000" stroke-width="1.5"/><line x1="104" y1="125" x2="20" y2="125.00000000000001" stroke="#000000" stroke-width="1.5"/><line x1="105.02781315780177" y1="118.51064311812611" x2="25.139065789008868" y2="92.55321559063054" stroke="#000000" stroke-width="1.5"/><line x1="108.0106431181261" y1="112.65650970185807" x2="40.053215590630515" y2="63.28254850929033" stroke="#000000" stroke-width="1.5"/><line x1="112.65650970185806" y1="108.0106431181261" x2="63.28254850929031" y2="40.05321559063053" stroke="#000000" stroke-width="1.5"/><line x1="118.5106431181261" y1="105.02781315780177" x2="92.55321559063051" y2="25.139065789008882" stroke="#000000" stroke-width="1.5"/><circle cx="125" cy="125" r="21" fill="#555555" stroke="#000000" stroke-width="1.5"/><circle cx="125" cy="125" r="105" fill="none" stroke="#000000" stroke-width="3"/></svg>"`;
